ARM Linker, 5.03 [Build 76] [MDK-ARM Standard]

==============================================================================

Section Cross References

    startup_stm32f10x_md.o(RESET) refers to startup_stm32f10x_md.o(STACK) for __initial_sp
    startup_stm32f10x_md.o(RESET) refers to startup_stm32f10x_md.o(.text) for Reset_Handler
    startup_stm32f10x_md.o(RESET) refers to stm32f10x_it.o(.text) for NMI_Handler
    startup_stm32f10x_md.o(RESET) refers to delay.o(.text) for SysTick_Handler
    startup_stm32f10x_md.o(RESET) refers to bsp_caputer.o(.text) for TIM3_IRQHandler
    startup_stm32f10x_md.o(RESET) refers to main.o(.text) for TIM4_IRQHandler
    startup_stm32f10x_md.o(.text) refers to system_stm32f10x.o(.text) for SystemInit
    startup_stm32f10x_md.o(.text) refers to entry.o(.ARM.Collect$$$$00000000) for __main
    stm32f10x_adc.o(.text) refers to stm32f10x_rcc.o(.text) for RCC_APB2PeriphResetCmd
    stm32f10x_bkp.o(.text) refers to stm32f10x_rcc.o(.text) for RCC_BackupResetCmd
    stm32f10x_can.o(.text) refers to stm32f10x_rcc.o(.text) for RCC_APB1PeriphResetCmd
    stm32f10x_cec.o(.text) refers to stm32f10x_rcc.o(.text) for RCC_APB1PeriphResetCmd
    stm32f10x_dac.o(.text) refers to stm32f10x_rcc.o(.text) for RCC_APB1PeriphResetCmd
    stm32f10x_gpio.o(.text) refers to stm32f10x_rcc.o(.text) for RCC_APB2PeriphResetCmd
    stm32f10x_i2c.o(.text) refers to stm32f10x_rcc.o(.text) for RCC_APB1PeriphResetCmd
    stm32f10x_pwr.o(.text) refers to stm32f10x_rcc.o(.text) for RCC_APB1PeriphResetCmd
    stm32f10x_rcc.o(.text) refers to stm32f10x_rcc.o(.data) for APBAHBPrescTable
    stm32f10x_spi.o(.text) refers to stm32f10x_rcc.o(.text) for RCC_APB2PeriphResetCmd
    stm32f10x_tim.o(.text) refers to stm32f10x_rcc.o(.text) for RCC_APB2PeriphResetCmd
    stm32f10x_usart.o(.text) refers to stm32f10x_rcc.o(.text) for RCC_APB2PeriphResetCmd
    stm32f10x_wwdg.o(.text) refers to stm32f10x_rcc.o(.text) for RCC_APB1PeriphResetCmd
    system_stm32f10x.o(.text) refers to system_stm32f10x.o(.data) for SystemCoreClock
    main.o(.text) refers to i2c.o(.text) for Write_eeprom
    main.o(.text) refers to delay.o(.text) for Delay_Ms
    main.o(.text) refers to dfltui.o(.text) for __aeabi_ui2d
    main.o(.text) refers to dmul.o(.text) for __aeabi_dmul
    main.o(.text) refers to ddiv.o(.text) for __aeabi_ddiv
    main.o(.text) refers to f2d.o(.text) for __aeabi_f2d
    main.o(.text) refers to cdrcmple.o(.text) for __aeabi_cdrcmple
    main.o(.text) refers to bsp_led.o(.text) for LED_Control
    main.o(.text) refers to bsp_ds18b20.o(.text) for DS18B20_Read
    main.o(.text) refers to bsp_digital.o(.text) for Seg_Init
    main.o(.text) refers to usart.o(.text) for Usart2_Init
    main.o(.text) refers to printfa.o(i.__0printf) for __2printf
    main.o(.text) refers to memseta.o(.text) for __aeabi_memclr4
    main.o(.text) refers to bsp_key.o(.text) for Key_refresh
    main.o(.text) refers to main.o(.data) for eeprom_write_flag
    main.o(.text) refers to main.o(.bss) for System
    main.o(.text) refers to bsp_caputer.o(.data) for ch2_mode
    main.o(.text) refers to bsp_key.o(.data) for key_falling
    main.o(.text) refers to bsp_analogvoltage.o(.text) for Get_AnalogVoltage
    main.o(.text) refers to d2f.o(.text) for __aeabi_d2f
    main.o(.text) refers to lcd.o(.text) for LCD_DisplayStringLine
    main.o(.text) refers to printfa.o(i.__0sprintf) for __2sprintf
    main.o(.text) refers to ffltui.o(.text) for __aeabi_ui2f
    main.o(.text) refers to cfcmple.o(.text) for __aeabi_cfcmple
    main.o(.text) refers to misc.o(.text) for NVIC_PriorityGroupConfig
    main.o(.text) refers to tim.o(.text) for Tim4_Init
    main.o(.text) refers to bsp_adc.o(.text) for ADCx_Init
    main.o(.text) refers to bsp_caputer.o(.text) for time3_capture
    main.o(.text) refers to stm32f10x_tim.o(.text) for TIM_GetITStatus
    main.o(.text) refers to stm32f10x_usart.o(.text) for USART_GetITStatus
    bsp_led.o(.text) refers to stm32f10x_rcc.o(.text) for RCC_APB2PeriphClockCmd
    bsp_led.o(.text) refers to stm32f10x_gpio.o(.text) for GPIO_Init
    bsp_key.o(.text) refers to stm32f10x_rcc.o(.text) for RCC_APB2PeriphClockCmd
    bsp_key.o(.text) refers to stm32f10x_gpio.o(.text) for GPIO_Init
    bsp_key.o(.text) refers to bsp_key.o(.data) for key_state
    delay.o(.text) refers to system_stm32f10x.o(.data) for SystemCoreClock
    delay.o(.text) refers to delay.o(.data) for TimingDelay
    usart.o(.text) refers to stm32f10x_rcc.o(.text) for RCC_APB2PeriphClockCmd
    usart.o(.text) refers to stm32f10x_gpio.o(.text) for GPIO_Init
    usart.o(.text) refers to stm32f10x_usart.o(.text) for USART_Init
    usart.o(.text) refers to misc.o(.text) for NVIC_Init
    i2c.o(.text) refers to stm32f10x_gpio.o(.text) for GPIO_Init
    i2c.o(.text) refers to stm32f10x_rcc.o(.text) for RCC_APB2PeriphClockCmd
    tim.o(.text) refers to stm32f10x_rcc.o(.text) for RCC_APB1PeriphClockCmd
    tim.o(.text) refers to misc.o(.text) for NVIC_Init
[...]
    printf6.o(i.__0fprintf$6) refers to printf6.o(i._printf_core) for _printf_core
    printf6.o(i.__0fprintf$6) refers to usart.o(.text) for fputc
    printf6.o(i.__0printf$6) refers to printf6.o(i._printf_core) for _printf_core
    printf6.o(i.__0printf$6) refers to usart.o(.text) for fputc
    printf6.o(i.__0printf$6) refers to stdout.o(.data) for __stdout
    printf6.o(i.__0snprintf$6) refers to printf6.o(i._printf_core) for _printf_core
    printf6.o(i.__0snprintf$6) refers to printf6.o(i._snputc) for _snputc
    printf6.o(i.__0sprintf$6) refers to printf6.o(i._printf_core) for _printf_core
    printf6.o(i.__0sprintf$6) refers to printf6.o(i._sputc) for _sputc
    printf6.o(i.__0vfprintf$6) refers to printf6.o(i._printf_core) for _printf_core
    printf6.o(i.__0vfprintf$6) refers to usart.o(.text) for fputc
    printf6.o(i.__0vprintf$6) refers to printf6.o(i._printf_core) for _printf_core
    printf6.o(i.__0vprintf$6) refers to usart.o(.text) for fputc
    printf6.o(i.__0vprintf$6) refers to stdout.o(.data) for __stdout
    printf6.o(i.__0vsnprintf$6) refers to printf6.o(i._printf_core) for _printf_core
    printf6.o(i.__0vsnprintf$6) refers to printf6.o(i._snputc) for _snputc
    printf6.o(i.__0vsprintf$6) refers to printf6.o(i._printf_core) for _printf_core
    printf6.o(i.__0vsprintf$6) refers to printf6.o(i._sputc) for _sputc
    printf6.o(i._printf_core) refers to printf6.o(i._printf_pre_padding) for _printf_pre_padding
    printf6.o(i._printf_core) refers to uidiv.o(.text) for __aeabi_uidivmod
    printf6.o(i._printf_core) refers to printf6.o(i._printf_post_padding) for _printf_post_padding
    printf7.o(i.__0fprintf$7) refers to printf7.o(i._printf_core) for _printf_core
    printf7.o(i.__0fprintf$7) refers to usart.o(.text) for fputc
    printf7.o(i.__0printf$7) refers to printf7.o(i._printf_core) for _printf_core
    printf7.o(i.__0printf$7) refers to usart.o(.text) for fputc
    printf7.o(i.__0printf$7) refers to stdout.o(.data) for __stdout
    printf7.o(i.__0snprintf$7) refers to printf7.o(i._printf_core) for _printf_core
    printf7.o(i.__0snprintf$7) refers to printf7.o(i._snputc) for _snputc
    printf7.o(i.__0sprintf$7) refers to printf7.o(i._printf_core) for _printf_core
    printf7.o(i.__0sprintf$7) refers to printf7.o(i._sputc) for _sputc
    printf7.o(i.__0vfprintf$7) refers to printf7.o(i._printf_core) for _printf_core
    printf7.o(i.__0vfprintf$7) refers to usart.o(.text) for fputc
    printf7.o(i.__0vprintf$7) refers to printf7.o(i._printf_core) for _printf_core
    printf7.o(i.__0vprintf$7) refers to usart.o(.text) for fputc
    printf7.o(i.__0vprintf$7) refers to stdout.o(.data) for __stdout
    printf7.o(i.__0vsnprintf$7) refers to printf7.o(i._printf_core) for _printf_core
    printf7.o(i.__0vsnprintf$7) refers to printf7.o(i._snputc) for _snputc
    printf7.o(i.__0vsprintf$7) refers to printf7.o(i._printf_core) for _printf_core
    printf7.o(i.__0vsprintf$7) refers to printf7.o(i._sputc) for _sputc
    printf7.o(i._printf_core) refers to printf7.o(i._printf_pre_padding) for _printf_pre_padding
    printf7.o(i._printf_core) refers to uldiv.o(.text) for __aeabi_uldivmod
    printf7.o(i._printf_core) refers to printf7.o(i._printf_post_padding) for _printf_post_padding
    printf8.o(i.__0fprintf$8) refers to printf8.o(i._printf_core) for _printf_core
    printf8.o(i.__0fprintf$8) refers to usart.o(.text) for fputc
    printf8.o(i.__0printf$8) refers to printf8.o(i._printf_core) for _printf_core
    printf8.o(i.__0printf$8) refers to usart.o(.text) for fputc
    printf8.o(i.__0printf$8) refers to stdout.o(.data) for __stdout
    printf8.o(i.__0snprintf$8) refers to printf8.o(i._printf_core) for _printf_core
    printf8.o(i.__0snprintf$8) refers to printf8.o(i._snputc) for _snputc
    printf8.o(i.__0sprintf$8) refers to printf8.o(i._printf_core) for _printf_core
    printf8.o(i.__0sprintf$8) refers to printf8.o(i._sputc) for _sputc
    printf8.o(i.__0vfprintf$8) refers to printf8.o(i._printf_core) for _printf_core
    printf8.o(i.__0vfprintf$8) refers to usart.o(.text) for fputc
    printf8.o(i.__0vprintf$8) refers to printf8.o(i._printf_core) for _printf_core
    printf8.o(i.__0vprintf$8) refers to usart.o(.text) for fputc
    printf8.o(i.__0vprintf$8) refers to stdout.o(.data) for __stdout
    printf8.o(i.__0vsnprintf$8) refers to printf8.o(i._printf_core) for _printf_core
    printf8.o(i.__0vsnprintf$8) refers to printf8.o(i._snputc) for _snputc
    printf8.o(i.__0vsprintf$8) refers to printf8.o(i._printf_core) for _printf_core
    printf8.o(i.__0vsprintf$8) refers to printf8.o(i._sputc) for _sputc
    printf8.o(i._printf_core) refers to printf8.o(i._printf_pre_padding) for _printf_pre_padding
    printf8.o(i._printf_core) refers to uldiv.o(.text) for __aeabi_uldivmod
    printf8.o(i._printf_core) refers to printf8.o(i._printf_post_padding) for _printf_post_padding
    printfa.o(i.__0fprintf) refers (Special) to iusefp.o(.text) for __I$use$fp
    printfa.o(i.__0fprintf) refers to printfa.o(i._printf_core) for _printf_core
    printfa.o(i.__0fprintf) refers to usart.o(.text) for fputc
    printfa.o(i.__0printf) refers (Special) to iusefp.o(.text) for __I$use$fp
    printfa.o(i.__0printf) refers to printfa.o(i._printf_core) for _printf_core
    printfa.o(i.__0printf) refers to usart.o(.text) for fputc
    printfa.o(i.__0printf) refers to stdout.o(.data) for __stdout
    printfa.o(i.__0snprintf) refers (Special) to iusefp.o(.text) for __I$use$fp
    printfa.o(i.__0snprintf) refers to printfa.o(i._printf_core) for _printf_core
    printfa.o(i.__0snprintf) refers to printfa.o(i._snputc) for _snputc
    printfa.o(i.__0sprintf) refers (Special) to iusefp.o(.text) for __I$use$fp
    printfa.o(i.__0sprintf) refers to printfa.o(i._printf_core) for _printf_core
    printfa.o(i.__0sprintf) refers to printfa.o(i._sputc) for _sputc
    printfa.o(i.__0vfprintf) refers (Special) to iusefp.o(.text) for __I$use$fp
    printfa.o(i.__0vfprintf) refers to printfa.o(i._printf_core) for _printf_core
    printfa.o(i.__0vfprintf) refers to usart.o(.text) for fputc
    printfa.o(i.__0vprintf) refers (Special) to iusefp.o(.text) for __I$use$fp
    printfa.o(i.__0vprintf) refers to printfa.o(i._printf_core) for _printf_core
    printfa.o(i.__0vprintf) refers to usart.o(.text) for fputc
    printfa.o(i.__0vprintf) refers to stdout.o(.data) for __stdout
    printfa.o(i.__0vsnprintf) refers (Special) to iusefp.o(.text) for __I$use$fp
    printfa.o(i.__0vsnprintf) refers to printfa.o(i._printf_core) for _printf_core
    printfa.o(i.__0vsnprintf) refers to printfa.o(i._snputc) for _snputc
    printfa.o(i.__0vsprintf) refers (Special) to iusefp.o(.text) for __I$use$fp
    printfa.o(i.__0vsprintf) refers to printfa.o(i._printf_core) for _printf_core
    printfa.o(i.__0vsprintf) refers to printfa.o(i._sputc) for _sputc
    printfa.o(i._fp_digits) refers (Special) to iusefp.o(.text) for __I$use$fp
    printfa.o(i._fp_digits) refers to dmul.o(.text) for __aeabi_dmul
    printfa.o(i._fp_digits) refers to ddiv.o(.text) for __aeabi_ddiv
    printfa.o(i._fp_digits) refers to cdrcmple.o(.text) for __aeabi_cdrcmple
    printfa.o(i._fp_digits) refers to dadd.o(.text) for __aeabi_dadd
    printfa.o(i._fp_digits) refers to dfixul.o(.text) for __aeabi_d2ulz
    printfa.o(i._fp_digits) refers to uldiv.o(.text) for __aeabi_uldivmod
    printfa.o(i._printf_core) refers (Special) to iusefp.o(.text) for __I$use$fp
    printfa.o(i._printf_core) refers to printfa.o(i._printf_pre_padding) for _printf_pre_padding
    printfa.o(i._printf_core) refers to uldiv.o(.text) for __aeabi_uldivmod
    printfa.o(i._printf_core) refers to printfa.o(i._printf_post_padding) for _printf_post_padding
    printfa.o(i._printf_core) refers to printfa.o(i._fp_digits) for _fp_digits
    printfa.o(i._printf_core) refers to uidiv.o(.text) for __aeabi_uidivmod
    printfa.o(i._printf_post_padding) refers (Special) to iusefp.o(.text) for __I$use$fp
    printfa.o(i._printf_pre_padding) refers (Special) to iusefp.o(.text) for __I$use$fp
    printfa.o(i._snputc) refers (Special) to iusefp.o(.text) for __I$use$fp
    printfa.o(i._sputc) refers (Special) to iusefp.o(.text) for __I$use$fp
    dmul.o(.text) refers (Special) to iusefp.o(.text) for __I$use$fp
    dmul.o(.text) refers to depilogue.o(.text) for _double_epilogue
    ddiv.o(.text) refers (Special) to iusefp.o(.text) for __I$use$fp
    ddiv.o(.text) refers to depilogue.o(.text) for _double_round
    fflti.o(.text) refers (Special) to iusefp.o(.text) for __I$use$fp
    fflti.o(.text) refers to fepilogue.o(.text) for _float_epilogue
    ffltui.o(.text) refers (Special) to iusefp.o(.text) for __I$use$fp
    ffltui.o(.text) refers to fepilogue.o(.text) for _float_epilogue
    dfltui.o(.text) refers (Special) to iusefp.o(.text) for __I$use$fp
    dfltui.o(.text) refers to depilogue.o(.text) for _double_epilogue
    f2d.o(.text) refers (Special) to iusefp.o(.text) for __I$use$fp
    cdrcmple.o(.text) refers (Special) to iusefp.o(.text) for __I$use$fp
    d2f.o(.text) refers (Special) to iusefp.o(.text) for __I$use$fp
    d2f.o(.text) refers to fepilogue.o(.text) for _float_round
    cfcmple.o(.text) refers (Special) to iusefp.o(.text) for __I$use$fp
    entry2.o(.ARM.Collect$$$$00000001) refers to entry2.o(.ARM.Collect$$$$00002712) for __lit__00000000
    entry2.o(.ARM.Collect$$$$00002712) refers to startup_stm32f10x_md.o(STACK) for __initial_sp
    entry2.o(__vectab_stack_and_reset_area) refers to startup_stm32f10x_md.o(STACK) for __initial_sp
    entry2.o(__vectab_stack_and_reset_area) refers to entry.o(.ARM.Collect$$$$00000000) for __main
    entry5.o(.ARM.Collect$$$$00000004) refers to init.o(.text) for __scatterload
    entry9a.o(.ARM.Collect$$$$0000000B) refers to main.o(.text) for main
    entry9b.o(.ARM.Collect$$$$0000000C) refers to main.o(.text) for main
    uldiv.o(.text) refers to llushr.o(.text) for __aeabi_llsr
    uldiv.o(.text) refers to llshl.o(.text) for __aeabi_llsl
    depilogue.o(.text) refers to llshl.o(.text) for __aeabi_llsl
    depilogue.o(.text) refers to llushr.o(.text) for __aeabi_llsr
    dadd.o(.text) refers to llshl.o(.text) for __aeabi_llsl
    dadd.o(.text) refers to llsshr.o(.text) for __aeabi_lasr
    dadd.o(.text) refers to depilogue.o(.text) for _double_epilogue
    dfixul.o(.text) refers to llushr.o(.text) for __aeabi_llsr
    dfixul.o(.text) refers to llshl.o(.text) for __aeabi_llsl
    init.o(.text) refers to entry5.o(.ARM.Collect$$$$00000004) for __main_after_scatterload


==============================================================================

Removing Unused input sections from the image.

    Removing startup_stm32f10x_md.o(HEAP), (512 bytes).
    Removing stm32f10x_bkp.o(.text), (196 bytes).
    Removing stm32f10x_can.o(.text), (2540 bytes).
    Removing stm32f10x_cec.o(.text), (288 bytes).
    Removing stm32f10x_crc.o(.text), (72 bytes).
    Removing stm32f10x_dac.o(.text), (396 bytes).
    Removing stm32f10x_dbgmcu.o(.text), (48 bytes).
    Removing stm32f10x_exti.o(.text), (284 bytes).
    Removing stm32f10x_flash.o(.text), (1468 bytes).
    Removing stm32f10x_fsmc.o(.text), (1560 bytes).
    Removing stm32f10x_i2c.o(.text), (1028 bytes).
    Removing stm32f10x_iwdg.o(.text), (64 bytes).
    Removing stm32f10x_pwr.o(.text), (204 bytes).
    Removing stm32f10x_rtc.o(.text), (324 bytes).
    Removing stm32f10x_sdio.o(.text), (472 bytes).
    Removing stm32f10x_spi.o(.text), (780 bytes).
    Removing stm32f10x_wwdg.o(.text), (136 bytes).
    Removing core_cm3.o(.emb_text), (32 bytes).

18 unused section(s) (total 10404 bytes) removed from the image.

==============================================================================

Image Symbol Table

    Local Symbols

    Symbol Name                              Value     Ov Type        Size  Object(Section)

    ../clib/microlib/division.c              0x00000000   Number         0  uidiv.o ABSOLUTE
    ../clib/microlib/division.c              0x00000000   Number         0  uldiv.o ABSOLUTE
    ../clib/microlib/init/entry.s            0x00000000   Number         0  entry7b.o ABSOLUTE
    ../clib/microlib/init/entry.s            0x00000000   Number         0  entry7a.o ABSOLUTE
    ../clib/microlib/init/entry.s            0x00000000   Number         0  entry5.o ABSOLUTE
    ../clib/microlib/init/entry.s            0x00000000   Number         0  entry11b.o ABSOLUTE
    ../clib/microlib/init/entry.s            0x00000000   Number         0  entry10a.o ABSOLUTE
    ../clib/microlib/init/entry.s            0x00000000   Number         0  entry.o ABSOLUTE
    ../clib/microlib/init/entry.s            0x00000000   Number         0  entry11a.o ABSOLUTE
    ../clib/microlib/init/entry.s            0x00000000   Number         0  entry2.o ABSOLUTE
    ../clib/microlib/init/entry.s            0x00000000   Number         0  entry10b.o ABSOLUTE
    ../clib/microlib/init/entry.s            0x00000000   Number         0  entry9b.o ABSOLUTE
    ../clib/microlib/init/entry.s            0x00000000   Number         0  entry9a.o ABSOLUTE
    ../clib/microlib/init/entry.s            0x00000000   Number         0  entry8b.o ABSOLUTE
    ../clib/microlib/init/entry.s            0x00000000   Number         0  entry8a.o ABSOLUTE
    ../clib/microlib/longlong.c              0x00000000   Number         0  llushr.o ABSOLUTE
    ../clib/microlib/longlong.c              0x00000000   Number         0  llshl.o ABSOLUTE
    ../clib/microlib/longlong.c              0x00000000   Number         0  llsshr.o ABSOLUTE
    ../clib/microlib/printf/printf.c         0x00000000   Number         0  printf7.o ABSOLUTE
    ../clib/microlib/printf/printf.c         0x00000000   Number         0  printf6.o ABSOLUTE
    ../clib/microlib/printf/printf.c         0x00000000   Number         0  printf5.o ABSOLUTE
    ../clib/microlib/printf/printf.c         0x00000000   Number         0  printf4.o ABSOLUTE
    ../clib/microlib/printf/printf.c         0x00000000   Number         0  printf2.o ABSOLUTE
    ../clib/microlib/printf/printf.c         0x00000000   Number         0  printf1.o ABSOLUTE
    ../clib/microlib/printf/printf.c         0x00000000   Number         0  printfb.o ABSOLUTE
    ../clib/microlib/printf/printf.c         0x00000000   Number         0  printf0.o ABSOLUTE
    ../clib/microlib/printf/printf.c         0x00000000   Number         0  printf3.o ABSOLUTE
    ../clib/microlib/printf/printf.c         0x00000000   Number         0  printfa.o ABSOLUTE
    ../clib/microlib/printf/printf.c         0x00000000   Number         0  printf8.o ABSOLUTE
    ../clib/microlib/printf/stubs.s          0x00000000   Number         0  stubs.o ABSOLUTE
    ../clib/microlib/stdio/streams.c         0x00000000   Number         0  stdout.o ABSOLUTE
    ../clib/microlib/string/memset.c         0x00000000   Number         0  memseta.o ABSOLUTE
    ../clib/microlib/stubs.s                 0x00000000   Number         0  iusefp.o ABSOLUTE
    ../fplib/microlib/d2f.c                  0x00000000   Number         0  d2f.o ABSOLUTE
    ../fplib/microlib/f2d.c                  0x00000000   Number         0  f2d.o ABSOLUTE
    ../fplib/microlib/fpadd.c                0x00000000   Number         0  dadd.o ABSOLUTE
    ../fplib/microlib/fpdiv.c                0x00000000   Number         0  ddiv.o ABSOLUTE
    ../fplib/microlib/fpepilogue.c           0x00000000   Number         0  fepilogue.o ABSOLUTE
    ../fplib/microlib/fpepilogue.c           0x00000000   Number         0  depilogue.o ABSOLUTE
    ../fplib/microlib/fpfix.c                0x00000000   Number         0  dfixul.o ABSOLUTE
    ../fplib/microlib/fpflt.c                0x00000000   Number         0  ffltui.o ABSOLUTE
    ../fplib/microlib/fpflt.c                0x00000000   Number         0  fflti.o ABSOLUTE
    ../fplib/microlib/fpflt.c                0x00000000   Number         0  dfltui.o ABSOLUTE
    ../fplib/microlib/fpmul.c                0x00000000   Number         0  dmul.o ABSOLUTE
    ..\DOC\bsp_xx.c                          0x00000000   Number         0  bsp_xx.o ABSOLUTE
    ..\Hardware\ADC\bsp_adc.c                0x00000000   Number         0  bsp_adc.o ABSOLUTE
    ..\Hardware\ADC_AnalogVoltage\bsp_AnalogVoltage.c 0x00000000   Number         0  bsp_analogvoltage.o ABSOLUTE
    ..\Hardware\DELAY\delay.c                0x00000000   Number         0  delay.o ABSOLUTE
    ..\Hardware\DS18B20\bsp_ds18b20.c        0x00000000   Number         0  bsp_ds18b20.o ABSOLUTE
    ..\Hardware\Digital\bsp_digital.c        0x00000000   Number         0  bsp_digital.o ABSOLUTE
    ..\Hardware\IIC\i2c.c                    0x00000000   Number         0  i2c.o ABSOLUTE
    ..\Hardware\KEY\bsp_key.c                0x00000000   Number         0  bsp_key.o ABSOLUTE
    ..\Hardware\LCD\lcd.c                    0x00000000   Number         0  lcd.o ABSOLUTE
    ..\Hardware\LED\bsp_led.c                0x00000000   Number         0  bsp_led.o ABSOLUTE
    ..\Hardware\PWMCAPUTER\bsp_caputer.c     0x00000000   Number         0  bsp_caputer.o ABSOLUTE
    ..\Hardware\TIM\tim.c                    0x00000000   Number         0  tim.o ABSOLUTE
    ..\Hardware\USART\usart.c                0x00000000   Number         0  usart.o ABSOLUTE
    ..\Libraries\CMSIS\core_cm3.c            0x00000000   Number         0  core_cm3.o ABSOLUTE
    ..\Libraries\CMSIS\system_stm32f10x.c    0x00000000   Number         0  system_stm32f10x.o ABSOLUTE
    ..\Libraries\STM32F10x_StdPeriph_Driver\src\misc.c 0x00000000   Number         0  misc.o ABSOLUTE
    ..\Libraries\STM32F10x_StdPeriph_Driver\src\stm32f10x_adc.c 0x00000000   Number         0  stm32f10x_adc.o ABSOLUTE
    ..\Libraries\STM32F10x_StdPeriph_Driver\src\stm32f10x_bkp.c 0x00000000   Number         0  stm32f10x_bkp.o ABSOLUTE
    ..\Libraries\STM32F10x_StdPeriph_Driver\src\stm32f10x_can.c 0x00000000   Number         0  stm32f10x_can.o ABSOLUTE
    ..\Libraries\STM32F10x_StdPeriph_Driver\src\stm32f10x_cec.c 0x00000000   Number         0  stm32f10x_cec.o ABSOLUTE
    ..\Libraries\STM32F10x_StdPeriph_Driver\src\stm32f10x_crc.c 0x00000000   Number         0  stm32f10x_crc.o ABSOLUTE
    ..\Libraries\STM32F10x_StdPeriph_Driver\src\stm32f10x_dac.c 0x00000000   Number         0  stm32f10x_dac.o ABSOLUTE
    ..\Libraries\STM32F10x_StdPeriph_Driver\src\stm32f10x_dbgmcu.c 0x00000000   Number         0  stm32f10x_dbgmcu.o ABSOLUTE
    ..\Libraries\STM32F10x_StdPeriph_Driver\src\stm32f10x_dma.c 0x00000000   Number         0  stm32f10x_dma.o ABSOLUTE
    ..\Libraries\STM32F10x_StdPeriph_Driver\src\stm32f10x_exti.c 0x00000000   Number         0  stm32f10x_exti.o ABSOLUTE
    ..\Libraries\STM32F10x_StdPeriph_Driver\src\stm32f10x_flash.c 0x00000000   Number         0  stm32f10x_flash.o ABSOLUTE
    ..\Libraries\STM32F10x_StdPeriph_Driver\src\stm32f10x_fsmc.c 0x00000000   Number         0  stm32f10x_fsmc.o ABSOLUTE
    ..\Libraries\STM32F10x_StdPeriph_Driver\src\stm32f10x_gpio.c 0x00000000   Number         0  stm32f10x_gpio.o ABSOLUTE
    ..\Libraries\STM32F10x_StdPeriph_Driver\src\stm32f10x_i2c.c 0x00000000   Number         0  stm32f10x_i2c.o ABSOLUTE
    ..\Libraries\STM32F10x_StdPeriph_Driver\src\stm32f10x_iwdg.c 0x00000000   Number         0  stm32f10x_iwdg.o ABSOLUTE
    ..\Libraries\STM32F10x_StdPeriph_Driver\src\stm32f10x_pwr.c 0x00000000   Number         0  stm32f10x_pwr.o ABSOLUTE
    ..\Libraries\STM32F10x_StdPeriph_Driver\src\stm32f10x_rcc.c 0x00000000   Number         0  stm32f10x_rcc.o ABSOLUTE
    ..\Libraries\STM32F10x_StdPeriph_Driver\src\stm32f10x_rtc.c 0x00000000   Number         0  stm32f10x_rtc.o ABSOLUTE
    ..\Libraries\STM32F10x_StdPeriph_Driver\src\stm32f10x_sdio.c 0x00000000   Number         0  stm32f10x_sdio.o ABSOLUTE
    ..\Libraries\STM32F10x_StdPeriph_Driver\src\stm32f10x_spi.c 0x00000000   Number         0  stm32f10x_spi.o ABSOLUTE
    ..\Libraries\STM32F10x_StdPeriph_Driver\src\stm32f10x_tim.c 0x00000000   Number         0  stm32f10x_tim.o ABSOLUTE
    ..\Libraries\STM32F10x_StdPeriph_Driver\src\stm32f10x_usart.c 0x00000000   Number         0  stm32f10x_usart.o ABSOLUTE
    ..\Libraries\STM32F10x_StdPeriph_Driver\src\stm32f10x_wwdg.c 0x00000000   Number         0  stm32f10x_wwdg.o ABSOLUTE
    ..\Users\main.c                          0x00000000   Number         0  main.o ABSOLUTE
    ..\Users\stm32f10x_it.c                  0x00000000   Number         0  stm32f10x_it.o ABSOLUTE
    ..\\Libraries\\CMSIS\\core_cm3.c         0x00000000   Number         0  core_cm3.o ABSOLUTE
    cdrcmple.s                               0x00000000   Number         0  cdrcmple.o ABSOLUTE
    cfcmple.s                                0x00000000   Number         0  cfcmple.o ABSOLUTE
    dc.s                                     0x00000000   Number         0  dc.o ABSOLUTE
    handlers.s                               0x00000000   Number         0  handlers.o ABSOLUTE
    init.s                                   0x00000000   Number         0  init.o ABSOLUTE
    startup_stm32f10x_md.s                   0x00000000   Number         0  startup_stm32f10x_md.o ABSOLUTE
    RESET                                    0x08000000   Section      236  startup_stm32f10x_md.o(RESET)
    .ARM.Collect$$$$00000000                 0x080000ec   Section        0  entry.o(.ARM.Collect$$$$00000000)
    .ARM.Collect$$$$00000001                 0x080000ec   Section        4  entry2.o(.ARM.Collect$$$$00000001)
    .ARM.Collect$$$$00000004                 0x080000f0   Section        4  entry5.o(.ARM.Collect$$$$00000004)
    .ARM.Collect$$$$00000008                 0x080000f4   Section        0  entry7b.o(.ARM.Collect$$$$00000008)
    .ARM.Collect$$$$0000000A                 0x080000f4   Section        0  entry8b.o(.ARM.Collect$$$$0000000A)
    .ARM.Collect$$$$0000000B                 0x080000f4   Section        8  entry9a.o(.ARM.Collect$$$$0000000B)
    .ARM.Collect$$$$0000000D                 0x080000fc   Section        0  entry10a.o(.ARM.Collect$$$$0000000D)
    .ARM.Collect$$$$0000000F                 0x080000fc   Section        0  entry11a.o(.ARM.Collect$$$$0000000F)
    .ARM.Collect$$$$00002712                 0x080000fc   Section        4  entry2.o(.ARM.Collect$$$$00002712)
    __lit__00000000                          0x080000fc   Data           4  entry2.o(.ARM.Collect$$$$00002712)
    .text                                    0x08000100   Section       36  startup_stm32f10x_md.o(.text)
    .text                                    0x08000124   Section        0  misc.o(.text)
    .text                                    0x08000200   Section        0  stm32f10x_adc.o(.text)
    .text                                    0x08000650   Section        0  stm32f10x_dma.o(.text)
    .text                                    0x080008a0   Section        0  stm32f10x_gpio.o(.text)
    .text                                    0x08000bf8   Section        0  stm32f10x_rcc.o(.text)
    .text                                    0x08000f9c   Section        0  stm32f10x_tim.o(.text)
    TI4_Config                               0x08001443   Thumb Code   130  stm32f10x_tim.o(.text)
    TI3_Config                               0x080014d7   Thumb Code   122  stm32f10x_tim.o(.text)
    TI2_Config                               0x0800156b   Thumb Code   130  stm32f10x_tim.o(.text)
    TI1_Config                               0x080015ff   Thumb Code   108  stm32f10x_tim.o(.text)
    .text                                    0x08001db8   Section        0  stm32f10x_usart.o(.text)
    .text                                    0x080021c0   Section        0  system_stm32f10x.o(.text)
    SetSysClockTo72                          0x080021c1   Thumb Code   212  system_stm32f10x.o(.text)
    SetSysClock                              0x08002295   Thumb Code     8  system_stm32f10x.o(.text)
    .text                                    0x0800239c   Section        0  main.o(.text)
    .text                                    0x08002db4   Section        0  stm32f10x_it.o(.text)
    .text                                    0x08002dcc   Section        0  bsp_led.o(.text)
    .text                                    0x08002eb8   Section        0  bsp_key.o(.text)
    .text                                    0x08002f60   Section        0  delay.o(.text)
    .text                                    0x08002ff0   Section        0  usart.o(.text)
    .text                                    0x08003108   Section        0  i2c.o(.text)
    .text                                    0x08003408   Section        0  tim.o(.text)
    .text                                    0x0800346c   Section        0  bsp_ds18b20.o(.text)
    .text                                    0x0800363c   Section        0  bsp_adc.o(.text)
    ADCx_GPIO_Config                         0x0800363d   Thumb Code    32  bsp_adc.o(.text)
    ADCx_DMA_Config                          0x0800365d   Thumb Code    82  bsp_adc.o(.text)
    ADCx_Mode_Config                         0x080036af   Thumb Code   166  bsp_adc.o(.text)
    .text                                    0x08003774   Section        0  bsp_analogvoltage.o(.text)
    .text                                    0x08003804   Section        0  bsp_digital.o(.text)
    .text                                    0x08003908   Section        0  bsp_caputer.o(.text)
    .text                                    0x08003a3c   Section        0  lcd.o(.text)
    .text                                    0x08004498   Section        0  memseta.o(.text)
    .text                                    0x080044bc   Section        0  dmul.o(.text)
    .text                                    0x080045a0   Section        0  ddiv.o(.text)
    .text                                    0x0800467e   Section        0  fflti.o(.text)
    .text                                    0x08004690   Section        0  ffltui.o(.text)
    .text                                    0x0800469a   Section        0  dfltui.o(.text)
    .text                                    0x080046b4   Section        0  f2d.o(.text)
    .text                                    0x080046dc   Section       40  cdrcmple.o(.text)
    .text                                    0x08004704   Section        0  d2f.o(.text)
    .text                                    0x0800473c   Section       20  cfcmple.o(.text)
    .text                                    0x08004750   Section        0  uidiv.o(.text)
    .text                                    0x0800477c   Section        0  uldiv.o(.text)
    .text                                    0x080047de   Section        0  fepilogue.o(.text)
    .text                                    0x080047de   Section        0  iusefp.o(.text)
    .text                                    0x0800484a   Section        0  depilogue.o(.text)
    .text                                    0x08004908   Section        0  dadd.o(.text)
    .text                                    0x08004a56   Section        0  dfixul.o(.text)
    .text                                    0x08004a88   Section       36  init.o(.text)
    .text                                    0x08004aac   Section        0  llshl.o(.text)
    .text                                    0x08004aca   Section        0  llushr.o(.text)
    .text                                    0x08004aea   Section        0  llsshr.o(.text)
    i.__0printf                              0x08004b10   Section        0  printfa.o(i.__0printf)
    i.__0sprintf                             0x08004b30   Section        0  printfa.o(i.__0sprintf)
    i.__scatterload_copy                     0x08004b58   Section       14  handlers.o(i.__scatterload_copy)
    i.__scatterload_null                     0x08004b66   Section        2  handlers.o(i.__scatterload_null)
    i.__scatterload_zeroinit                 0x08004b68   Section       14  handlers.o(i.__scatterload_zeroinit)
    i._fp_digits                             0x08004b78   Section        0  printfa.o(i._fp_digits)
    _fp_digits                               0x08004b79   Thumb Code   326  printfa.o(i._fp_digits)
    i._printf_core                           0x08004cd4   Section        0  printfa.o(i._printf_core)
    _printf_core                             0x08004cd5   Thumb Code  1762  printfa.o(i._printf_core)
    i._printf_post_padding                   0x080053c4   Section        0  printfa.o(i._printf_post_padding)
    _printf_post_padding                     0x080053c5   Thumb Code    38  printfa.o(i._printf_post_padding)
    i._printf_pre_padding                    0x080053ea   Section        0  printfa.o(i._printf_pre_padding)
    _printf_pre_padding                      0x080053eb   Thumb Code    48  printfa.o(i._printf_pre_padding)
    i._sputc                                 0x0800541a   Section        0  printfa.o(i._sputc)
    _sputc                                   0x0800541b   Thumb Code    10  printfa.o(i._sputc)
    .constdata                               0x08005424   Section     4560  lcd.o(.constdata)
    .data                                    0x20000000   Section       20  stm32f10x_rcc.o(.data)
    APBAHBPrescTable                         0x20000000   Data          16  stm32f10x_rcc.o(.data)
    ADCPrescTable                            0x20000010   Data           4  stm32f10x_rcc.o(.data)
    .data                                    0x20000014   Section       20  system_stm32f10x.o(.data)
    .data                                    0x20000028   Section       26  main.o(.data)
    ds18b20_cnt                              0x20000028   Data           2  main.o(.data)
    seg_cnt                                  0x2000002a   Data           2  main.o(.data)
    autosend_cnt                             0x2000002c   Data           2  main.o(.data)
    ket_cnt                                  0x2000002e   Data           1  main.o(.data)
    led_cnt                                  0x2000002f   Data           1  main.o(.data)
    adc_cnt                                  0x20000030   Data           1  main.o(.data)
    .data                                    0x20000042   Section        3  bsp_key.o(.data)
    .data                                    0x20000048   Section        4  delay.o(.data)
    .data                                    0x2000004c   Section        4  bsp_adc.o(.data)
    .data                                    0x20000050   Section       19  bsp_digital.o(.data)
    .data                                    0x20000064   Section       12  bsp_caputer.o(.data)
    .data                                    0x20000070   Section        6  lcd.o(.data)
    TextColor                                0x20000070   Data           2  lcd.o(.data)
    BackColor                                0x20000072   Data           2  lcd.o(.data)
    .data                                    0x20000078   Section        4  stdout.o(.data)
    .bss                                     0x2000007c   Section       59  main.o(.bss)
    STACK                                    0x200000b8   Section     1024  startup_stm32f10x_md.o(STACK)

    Global Symbols

    Symbol Name                              Value     Ov Type        Size  Object(Section)

    BuildAttributes$$THM_ISAv4$P$D$K$B$S$PE$A:L22UL41UL21$X:L11$S22US41US21$IEEE1$IW$USESV6$~STKCKD$USESV7$~SHL$OTIME$ROPI$EBA8$MICROLIB$REQ8$PRES8$EABIv2 0x00000000   Number         0  anon$$obj.o ABSOLUTE
    __ARM_use_no_argv                        0x00000000   Number         0  main.o ABSOLUTE
    _printf_a                                0x00000000   Number         0  stubs.o ABSOLUTE
    _printf_c                                0x00000000   Number         0  stubs.o ABSOLUTE
    _printf_charcount                        0x00000000   Number         0  stubs.o ABSOLUTE
    _printf_d                                0x00000000   Number         0  stubs.o ABSOLUTE
    _printf_e                                0x00000000   Number         0  stubs.o ABSOLUTE
    _printf_f                                0x00000000   Number         0  stubs.o ABSOLUTE
    _printf_flags                            0x00000000   Number         0  stubs.o ABSOLUTE
    _printf_fp_dec                           0x00000000   Number         0  stubs.o ABSOLUTE
    _printf_fp_hex                           0x00000000   Number         0  stubs.o ABSOLUTE
    _printf_g                                0x00000000   Number         0  stubs.o ABSOLUTE
    _printf_i                                0x00000000   Number         0  stubs.o ABSOLUTE
    _printf_int_dec                          0x00000000   Number         0  stubs.o ABSOLUTE
    _printf_l                                0x00000000   Number         0  stubs.o ABSOLUTE
    _printf_lc                               0x00000000   Number         0  stubs.o ABSOLUTE
    _printf_ll                               0x00000000   Number         0  stubs.o ABSOLUTE
    _printf_lld                              0x00000000   Number         0  stubs.o ABSOLUTE
    _printf_lli                              0x00000000   Number         0  stubs.o ABSOLUTE
    _printf_llo                              0x00000000   Number         0  stubs.o ABSOLUTE
    _printf_llu                              0x00000000   Number         0  stubs.o ABSOLUTE
    _printf_llx                              0x00000000   Number         0  stubs.o ABSOLUTE
    _printf_longlong_dec                     0x00000000   Number         0  stubs.o ABSOLUTE
    _printf_longlong_hex                     0x00000000   Number         0  stubs.o ABSOLUTE
    _printf_longlong_oct                     0x00000000   Number         0  stubs.o ABSOLUTE
    _printf_ls                               0x00000000   Number         0  stubs.o ABSOLUTE
    _printf_mbtowc                           0x00000000   Number         0  stubs.o ABSOLUTE
    _printf_n                                0x00000000   Number         0  stubs.o ABSOLUTE
    _printf_o                                0x00000000   Number         0  stubs.o ABSOLUTE
    _printf_p                                0x00000000   Number         0  stubs.o ABSOLUTE
    _printf_percent                          0x00000000   Number         0  stubs.o ABSOLUTE
    _printf_pre_padding                      0x00000000   Number         0  stubs.o ABSOLUTE
    _printf_return_value                     0x00000000   Number         0  stubs.o ABSOLUTE
    _printf_s                                0x00000000   Number         0  stubs.o ABSOLUTE
    _printf_sizespec                         0x00000000   Number         0  stubs.o ABSOLUTE
    _printf_str                              0x00000000   Number         0  stubs.o ABSOLUTE
    _printf_truncate_signed                  0x00000000   Number         0  stubs.o ABSOLUTE
    _printf_truncate_unsigned                0x00000000   Number         0  stubs.o ABSOLUTE
    _printf_u                                0x00000000   Number         0  stubs.o ABSOLUTE
    _printf_wc                               0x00000000   Number         0  stubs.o ABSOLUTE
    _printf_wctomb                           0x00000000   Number         0  stubs.o ABSOLUTE
    _printf_widthprec                        0x00000000   Number         0  stubs.o ABSOLUTE
    _printf_x                                0x00000000   Number         0  stubs.o ABSOLUTE
    __cpp_initialize__aeabi_                  - Undefined Weak Reference
    __cxa_finalize                            - Undefined Weak Reference
    __decompress                              - Undefined Weak Reference
    _clock_init                               - Undefined Weak Reference
    _microlib_exit                            - Undefined Weak Reference
    __Vectors_Size                           0x000000ec   Number         0  startup_stm32f10x_md.o ABSOLUTE
    __Vectors                                0x08000000   Data           4  startup_stm32f10x_md.o(RESET)
    __Vectors_End                            0x080000ec   Data           0  startup_stm32f10x_md.o(RESET)
    __main                                   0x080000ed   Thumb Code     0  entry.o(.ARM.Collect$$$$00000000)
    _main_stk                                0x080000ed   Thumb Code     0  entry2.o(.ARM.Collect$$$$00000001)
    _main_scatterload                        0x080000f1   Thumb Code     0  entry5.o(.ARM.Collect$$$$00000004)
    __main_after_scatterload                 0x080000f5   Thumb Code     0  entry5.o(.ARM.Collect$$$$00000004)
    _main_clock                              0x080000f5   Thumb Code     0  entry7b.o(.ARM.Collect$$$$00000008)
    _main_cpp_init                           0x080000f5   Thumb Code     0  entry8b.o(.ARM.Collect$$$$0000000A)
    _main_init                               0x080000f5   Thumb Code     0  entry9a.o(.ARM.Collect$$$$0000000B)
    __rt_final_cpp                           0x080000fd   Thumb Code     0  entry10a.o(.ARM.Collect$$$$0000000D)
    __rt_final_exit                          0x080000fd   Thumb Code     0  entry11a.o(.ARM.Collect$$$$0000000F)
    Reset_Handler                            0x08000101   Thumb Code     8  startup_stm32f10x_md.o(.text)
    ADC1_2_IRQHandler                        0x0800011b   Thumb Code     0  startup_stm32f10x_md.o(.text)
    CAN1_RX1_IRQHandler                      0x0800011b   Thumb Code     0  startup_stm32f10x_md.o(.text)
    CAN1_SCE_IRQHandler                      0x0800011b   Thumb Code     0  startup_stm32f10x_md.o(.text)
    DMA1_Channel1_IRQHandler                 0x0800011b   Thumb Code     0  startup_stm32f10x_md.o(.text)
    DMA1_Channel2_IRQHandler                 0x0800011b   Thumb Code     0  startup_stm32f10x_md.o(.text)
    DMA1_Channel3_IRQHandler                 0x0800011b   Thumb Code     0  startup_stm32f10x_md.o(.text)
    DMA1_Channel4_IRQHandler                 0x0800011b   Thumb Code     0  startup_stm32f10x_md.o(.text)
    DMA1_Channel5_IRQHandler                 0x0800011b   Thumb Code     0  startup_stm32f10x_md.o(.text)
    DMA1_Channel6_IRQHandler                 0x0800011b   Thumb Code     0  startup_stm32f10x_md.o(.text)
    DMA1_Channel7_IRQHandler                 0x0800011b   Thumb Code     0  startup_stm32f10x_md.o(.text)
    EXTI0_IRQHandler                         0x0800011b   Thumb Code     0  startup_stm32f10x_md.o(.text)
    EXTI15_10_IRQHandler                     0x0800011b   Thumb Code     0  startup_stm32f10x_md.o(.text)
    EXTI1_IRQHandler                         0x0800011b   Thumb Code     0  startup_stm32f10x_md.o(.text)
    EXTI2_IRQHandler                         0x0800011b   Thumb Code     0  startup_stm32f10x_md.o(.text)
    EXTI3_IRQHandler                         0x0800011b   Thumb Code     0  startup_stm32f10x_md.o(.text)
    EXTI4_IRQHandler                         0x0800011b   Thumb Code     0  startup_stm32f10x_md.o(.text)
    EXTI9_5_IRQHandler                       0x0800011b   Thumb Code     0  startup_stm32f10x_md.o(.text)
    FLASH_IRQHandler                         0x0800011b   Thumb Code     0  startup_stm32f10x_md.o(.text)
    I2C1_ER_IRQHandler                       0x0800011b   Thumb Code     0  startup_stm32f10x_md.o(.text)
    I2C1_EV_IRQHandler                       0x0800011b   Thumb Code     0  startup_stm32f10x_md.o(.text)
    I2C2_ER_IRQHandler                       0x0800011b   Thumb Code     0  startup_stm32f10x_md.o(.text)
    I2C2_EV_IRQHandler                       0x0800011b   Thumb Code     0  startup_stm32f10x_md.o(.text)
    PVD_IRQHandler                           0x0800011b   Thumb Code     0  startup_stm32f10x_md.o(.text)
    RCC_IRQHandler                           0x0800011b   Thumb Code     0  startup_stm32f10x_md.o(.text)
    RTCAlarm_IRQHandler                      0x0800011b   Thumb Code     0  startup_stm32f10x_md.o(.text)
    RTC_IRQHandler                           0x0800011b   Thumb Code     0  startup_stm32f10x_md.o(.text)
    SPI1_IRQHandler                          0x0800011b   Thumb Code     0  startup_stm32f10x_md.o(.text)
    SPI2_IRQHandler                          0x0800011b   Thumb Code     0  startup_stm32f10x_md.o(.text)
    TAMPER_IRQHandler                        0x0800011b   Thumb Code     0  startup_stm32f10x_md.o(.text)
    TIM1_BRK_IRQHandler                      0x0800011b   Thumb Code     0  startup_stm32f10x_md.o(.text)
    TIM1_CC_IRQHandler                       0x0800011b   Thumb Code     0  startup_stm32f10x_md.o(.text)
    TIM1_TRG_COM_IRQHandler                  0x0800011b   Thumb Code     0  startup_stm32f10x_md.o(.text)
    TIM1_UP_IRQHandler                       0x0800011b   Thumb Code     0  startup_stm32f10x_md.o(.text)
    TIM2_IRQHandler                          0x0800011b   Thumb Code     0  startup_stm32f10x_md.o(.text)
    USART1_IRQHandler                        0x0800011b   Thumb Code     0  startup_stm32f10x_md.o(.text)
    USART3_IRQHandler                        0x0800011b   Thumb Code     0  startup_stm32f10x_md.o(.text)
    USBWakeUp_IRQHandler                     0x0800011b   Thumb Code     0  startup_stm32f10x_md.o(.text)
    USB_HP_CAN1_TX_IRQHandler                0x0800011b   Thumb Code     0  startup_stm32f10x_md.o(.text)
    USB_LP_CAN1_RX0_IRQHandler               0x0800011b   Thumb Code     0  startup_stm32f10x_md.o(.text)
    WWDG_IRQHandler                          0x0800011b   Thumb Code     0  startup_stm32f10x_md.o(.text)
    NVIC_PriorityGroupConfig                 0x08000125   Thumb Code    10  misc.o(.text)
    NVIC_Init                                0x0800012f   Thumb Code   102  misc.o(.text)
    NVIC_SetVectorTable                      0x08000195   Thumb Code    14  misc.o(.text)
    NVIC_SystemLPConfig                      0x080001a3   Thumb Code    34  misc.o(.text)
    SysTick_CLKSourceConfig                  0x080001c5   Thumb Code    40  misc.o(.text)
    ADC_DeInit                               0x08000201   Thumb Code    78  stm32f10x_adc.o(.text)
    ADC_Init                                 0x0800024f   Thumb Code    70  stm32f10x_adc.o(.text)
    ADC_StructInit                           0x08000295   Thumb Code    18  stm32f10x_adc.o(.text)
    ADC_Cmd                                  0x080002a7   Thumb Code    22  stm32f10x_adc.o(.text)
    ADC_DMACmd                               0x080002bd   Thumb Code    22  stm32f10x_adc.o(.text)
    ADC_ITConfig                             0x080002d3   Thumb Code    24  stm32f10x_adc.o(.text)
    ADC_ResetCalibration                     0x080002eb   Thumb Code    10  stm32f10x_adc.o(.text)
    ADC_GetResetCalibrationStatus            0x080002f5   Thumb Code    20  stm32f10x_adc.o(.text)
    ADC_StartCalibration                     0x08000309   Thumb Code    10  stm32f10x_adc.o(.text)
    ADC_GetCalibrationStatus                 0x08000313   Thumb Code    20  stm32f10x_adc.o(.text)
    ADC_SoftwareStartConvCmd                 0x08000327   Thumb Code    22  stm32f10x_adc.o(.text)
    ADC_GetSoftwareStartConvStatus           0x0800033d   Thumb Code    20  stm32f10x_adc.o(.text)
    ADC_DiscModeChannelCountConfig           0x08000351   Thumb Code    24  stm32f10x_adc.o(.text)
    ADC_DiscModeCmd                          0x08000369   Thumb Code    22  stm32f10x_adc.o(.text)
    ADC_RegularChannelConfig                 0x0800037f   Thumb Code   184  stm32f10x_adc.o(.text)
    ADC_ExternalTrigConvCmd                  0x08000437   Thumb Code    22  stm32f10x_adc.o(.text)
    ADC_GetConversionValue                   0x0800044d   Thumb Code     8  stm32f10x_adc.o(.text)
    ADC_GetDualModeConversionValue           0x08000455   Thumb Code     8  stm32f10x_adc.o(.text)
    ADC_AutoInjectedConvCmd                  0x0800045d   Thumb Code    22  stm32f10x_adc.o(.text)
    ADC_InjectedDiscModeCmd                  0x08000473   Thumb Code    22  stm32f10x_adc.o(.text)
    ADC_ExternalTrigInjectedConvConfig       0x08000489   Thumb Code    16  stm32f10x_adc.o(.text)
    ADC_ExternalTrigInjectedConvCmd          0x08000499   Thumb Code    22  stm32f10x_adc.o(.text)
    ADC_SoftwareStartInjectedConvCmd         0x080004af   Thumb Code    22  stm32f10x_adc.o(.text)
    ADC_GetSoftwareStartInjectedConvCmdStatus 0x080004c5   Thumb Code    20  stm32f10x_adc.o(.text)
    ADC_InjectedChannelConfig                0x080004d9   Thumb Code   130  stm32f10x_adc.o(.text)
    ADC_InjectedSequencerLengthConfig        0x0800055b   Thumb Code    24  stm32f10x_adc.o(.text)
    ADC_SetInjectedOffset                    0x08000573   Thumb Code    20  stm32f10x_adc.o(.text)
    ADC_GetInjectedConversionValue           0x08000587   Thumb Code    28  stm32f10x_adc.o(.text)
    ADC_AnalogWatchdogCmd                    0x080005a3   Thumb Code    16  stm32f10x_adc.o(.text)
    ADC_AnalogWatchdogThresholdsConfig       0x080005b3   Thumb Code     6  stm32f10x_adc.o(.text)
    ADC_AnalogWatchdogSingleChannelConfig    0x080005b9   Thumb Code    16  stm32f10x_adc.o(.text)
    ADC_TempSensorVrefintCmd                 0x080005c9   Thumb Code    64  stm32f10x_adc.o(.text)
    ADC_GetFlagStatus                        0x08000609   Thumb Code    18  stm32f10x_adc.o(.text)
    ADC_ClearFlag                            0x0800061b   Thumb Code     6  stm32f10x_adc.o(.text)
    ADC_GetITStatus                          0x08000621   Thumb Code    36  stm32f10x_adc.o(.text)
    ADC_ClearITPendingBit                    0x08000645   Thumb Code    10  stm32f10x_adc.o(.text)
    DMA_DeInit                               0x08000651   Thumb Code   324  stm32f10x_dma.o(.text)
    DMA_Init                                 0x08000795   Thumb Code    60  stm32f10x_dma.o(.text)
    DMA_StructInit                           0x080007d1   Thumb Code    26  stm32f10x_dma.o(.text)
    DMA_Cmd                                  0x080007eb   Thumb Code    24  stm32f10x_dma.o(.text)
    DMA_ITConfig                             0x08000803   Thumb Code    18  stm32f10x_dma.o(.text)
    DMA_SetCurrDataCounter                   0x08000815   Thumb Code     4  stm32f10x_dma.o(.text)
    DMA_GetCurrDataCounter                   0x08000819   Thumb Code     8  stm32f10x_dma.o(.text)
    DMA_GetFlagStatus                        0x08000821   Thumb Code    38  stm32f10x_dma.o(.text)
    DMA_ClearFlag                            0x08000847   Thumb Code    22  stm32f10x_dma.o(.text)
    DMA_GetITStatus                          0x0800085d   Thumb Code    38  stm32f10x_dma.o(.text)
    DMA_ClearITPendingBit                    0x08000883   Thumb Code    22  stm32f10x_dma.o(.text)
    GPIO_DeInit                              0x080008a1   Thumb Code   172  stm32f10x_gpio.o(.text)
    GPIO_AFIODeInit                          0x0800094d   Thumb Code    20  stm32f10x_gpio.o(.text)
    GPIO_Init                                0x08000961   Thumb Code   274  stm32f10x_gpio.o(.text)
    GPIO_StructInit                          0x08000a73   Thumb Code    16  stm32f10x_gpio.o(.text)
    GPIO_ReadInputDataBit                    0x08000a83   Thumb Code    18  stm32f10x_gpio.o(.text)
    GPIO_ReadInputData                       0x08000a95   Thumb Code     8  stm32f10x_gpio.o(.text)
    GPIO_ReadOutputDataBit                   0x08000a9d   Thumb Code    18  stm32f10x_gpio.o(.text)
    GPIO_ReadOutputData                      0x08000aaf   Thumb Code     8  stm32f10x_gpio.o(.text)
    GPIO_SetBits                             0x08000ab7   Thumb Code     4  stm32f10x_gpio.o(.text)
    GPIO_ResetBits                           0x08000abb   Thumb Code     4  stm32f10x_gpio.o(.text)
    GPIO_WriteBit                            0x08000abf   Thumb Code    10  stm32f10x_gpio.o(.text)
    GPIO_Write                               0x08000ac9   Thumb Code     4  stm32f10x_gpio.o(.text)
    GPIO_PinLockConfig                       0x08000acd   Thumb Code    18  stm32f10x_gpio.o(.text)
    GPIO_EventOutputConfig                   0x08000adf   Thumb Code    26  stm32f10x_gpio.o(.text)
    GPIO_EventOutputCmd                      0x08000af9   Thumb Code     6  stm32f10x_gpio.o(.text)
    GPIO_PinRemapConfig                      0x08000aff   Thumb Code   138  stm32f10x_gpio.o(.text)
    GPIO_EXTILineConfig                      0x08000b89   Thumb Code    66  stm32f10x_gpio.o(.text)
    GPIO_ETH_MediaInterfaceConfig            0x08000bcb   Thumb Code     6  stm32f10x_gpio.o(.text)
    RCC_DeInit                               0x08000bf9   Thumb Code    64  stm32f10x_rcc.o(.text)
    RCC_HSEConfig                            0x08000c39   Thumb Code    70  stm32f10x_rcc.o(.text)
    RCC_GetFlagStatus                        0x08000c7f   Thumb Code    56  stm32f10x_rcc.o(.text)
    RCC_WaitForHSEStartUp                    0x08000cb7   Thumb Code    56  stm32f10x_rcc.o(.text)
    RCC_AdjustHSICalibrationValue            0x08000cef   Thumb Code    20  stm32f10x_rcc.o(.text)
    RCC_HSICmd                               0x08000d03   Thumb Code     6  stm32f10x_rcc.o(.text)
    RCC_PLLConfig                            0x08000d09   Thumb Code    24  stm32f10x_rcc.o(.text)
    RCC_PLLCmd                               0x08000d21   Thumb Code     6  stm32f10x_rcc.o(.text)
    RCC_SYSCLKConfig                         0x08000d27   Thumb Code    18  stm32f10x_rcc.o(.text)
    RCC_GetSYSCLKSource                      0x08000d39   Thumb Code    10  stm32f10x_rcc.o(.text)
    RCC_HCLKConfig                           0x08000d43   Thumb Code    18  stm32f10x_rcc.o(.text)
    RCC_PCLK1Config                          0x08000d55   Thumb Code    18  stm32f10x_rcc.o(.text)
    RCC_PCLK2Config                          0x08000d67   Thumb Code    20  stm32f10x_rcc.o(.text)
    RCC_ITConfig                             0x08000d7b   Thumb Code    26  stm32f10x_rcc.o(.text)
    RCC_USBCLKConfig                         0x08000d95   Thumb Code     6  stm32f10x_rcc.o(.text)
    RCC_ADCCLKConfig                         0x08000d9b   Thumb Code    18  stm32f10x_rcc.o(.text)
    RCC_LSEConfig                            0x08000dad   Thumb Code    44  stm32f10x_rcc.o(.text)
    RCC_LSICmd                               0x08000dd9   Thumb Code     6  stm32f10x_rcc.o(.text)
    RCC_RTCCLKConfig                         0x08000ddf   Thumb Code    12  stm32f10x_rcc.o(.text)
    RCC_RTCCLKCmd                            0x08000deb   Thumb Code     8  stm32f10x_rcc.o(.text)
    RCC_GetClocksFreq                        0x08000df3   Thumb Code   192  stm32f10x_rcc.o(.text)
    RCC_AHBPeriphClockCmd                    0x08000eb3   Thumb Code    26  stm32f10x_rcc.o(.text)
    RCC_APB2PeriphClockCmd                   0x08000ecd   Thumb Code    26  stm32f10x_rcc.o(.text)
    RCC_APB1PeriphClockCmd                   0x08000ee7   Thumb Code    26  stm32f10x_rcc.o(.text)
    RCC_APB2PeriphResetCmd                   0x08000f01   Thumb Code    26  stm32f10x_rcc.o(.text)
    RCC_APB1PeriphResetCmd                   0x08000f1b   Thumb Code    26  stm32f10x_rcc.o(.text)
    RCC_BackupResetCmd                       0x08000f35   Thumb Code     8  stm32f10x_rcc.o(.text)
    RCC_ClockSecuritySystemCmd               0x08000f3d   Thumb Code     6  stm32f10x_rcc.o(.text)
    RCC_MCOConfig                            0x08000f43   Thumb Code     6  stm32f10x_rcc.o(.text)
    RCC_ClearFlag                            0x08000f49   Thumb Code    14  stm32f10x_rcc.o(.text)
    RCC_GetITStatus                          0x08000f57   Thumb Code    20  stm32f10x_rcc.o(.text)
    RCC_ClearITPendingBit                    0x08000f6b   Thumb Code     6  stm32f10x_rcc.o(.text)
    TIM_DeInit                               0x08000f9d   Thumb Code   424  stm32f10x_tim.o(.text)
    TIM_TimeBaseInit                         0x08001145   Thumb Code   122  stm32f10x_tim.o(.text)
    TIM_OC1Init                              0x080011bf   Thumb Code   132  stm32f10x_tim.o(.text)
    TIM_OC2Init                              0x08001243   Thumb Code   154  stm32f10x_tim.o(.text)
    TIM_OC3Init                              0x080012dd   Thumb Code   150  stm32f10x_tim.o(.text)
    TIM_OC4Init                              0x08001373   Thumb Code   182  stm32f10x_tim.o(.text)
    TIM_SetIC4Prescaler                      0x08001429   Thumb Code    26  stm32f10x_tim.o(.text)
    TIM_SetIC3Prescaler                      0x080014c5   Thumb Code    18  stm32f10x_tim.o(.text)
    TIM_SetIC2Prescaler                      0x08001551   Thumb Code    26  stm32f10x_tim.o(.text)
    TIM_SetIC1Prescaler                      0x080015ed   Thumb Code    18  stm32f10x_tim.o(.text)
    TIM_ICInit                               0x0800166b   Thumb Code   150  stm32f10x_tim.o(.text)
    TIM_PWMIConfig                           0x08001701   Thumb Code   124  stm32f10x_tim.o(.text)
    TIM_BDTRConfig                           0x0800177d   Thumb Code    32  stm32f10x_tim.o(.text)
    TIM_TimeBaseStructInit                   0x0800179d   Thumb Code    18  stm32f10x_tim.o(.text)
    TIM_OCStructInit                         0x080017af   Thumb Code    20  stm32f10x_tim.o(.text)
    TIM_ICStructInit                         0x080017c3   Thumb Code    18  stm32f10x_tim.o(.text)
    TIM_BDTRStructInit                       0x080017d5   Thumb Code    40  stm32f10x_tim.o(.text)
    TIM_Cmd                                  0x080017fd   Thumb Code    24  stm32f10x_tim.o(.text)
    TIM_CtrlPWMOutputs                       0x08001815   Thumb Code    30  stm32f10x_tim.o(.text)
    TIM_ITConfig                             0x08001833   Thumb Code    18  stm32f10x_tim.o(.text)
    TIM_GenerateEvent                        0x08001845   Thumb Code     4  stm32f10x_tim.o(.text)
    TIM_DMAConfig                            0x08001849   Thumb Code    10  stm32f10x_tim.o(.text)
    TIM_DMACmd                               0x08001853   Thumb Code    18  stm32f10x_tim.o(.text)
    TIM_InternalClockConfig                  0x08001865   Thumb Code    12  stm32f10x_tim.o(.text)
    TIM_SelectInputTrigger                   0x08001871   Thumb Code    18  stm32f10x_tim.o(.text)
    TIM_ITRxExternalClockConfig              0x08001883   Thumb Code    24  stm32f10x_tim.o(.text)
    TIM_TIxExternalClockConfig               0x0800189b   Thumb Code    62  stm32f10x_tim.o(.text)
    TIM_ETRConfig                            0x080018d9   Thumb Code    28  stm32f10x_tim.o(.text)
    TIM_ETRClockMode1Config                  0x080018f5   Thumb Code    54  stm32f10x_tim.o(.text)
    TIM_ETRClockMode2Config                  0x0800192b   Thumb Code    32  stm32f10x_tim.o(.text)
    TIM_PrescalerConfig                      0x0800194b   Thumb Code     6  stm32f10x_tim.o(.text)
    TIM_CounterModeConfig                    0x08001951   Thumb Code    18  stm32f10x_tim.o(.text)
    TIM_EncoderInterfaceConfig               0x08001963   Thumb Code    66  stm32f10x_tim.o(.text)
    TIM_ForcedOC1Config                      0x080019a5   Thumb Code    18  stm32f10x_tim.o(.text)
    TIM_ForcedOC2Config                      0x080019b7   Thumb Code    26  stm32f10x_tim.o(.text)
    TIM_ForcedOC3Config                      0x080019d1   Thumb Code    18  stm32f10x_tim.o(.text)
    TIM_ForcedOC4Config                      0x080019e3   Thumb Code    26  stm32f10x_tim.o(.text)
    TIM_ARRPreloadConfig                     0x080019fd   Thumb Code    24  stm32f10x_tim.o(.text)
    TIM_SelectCOM                            0x08001a15   Thumb Code    24  stm32f10x_tim.o(.text)
    TIM_SelectCCDMA                          0x08001a2d   Thumb Code    24  stm32f10x_tim.o(.text)
    TIM_CCPreloadControl                     0x08001a45   Thumb Code    24  stm32f10x_tim.o(.text)
    TIM_OC1PreloadConfig                     0x08001a5d   Thumb Code    18  stm32f10x_tim.o(.text)
    TIM_OC2PreloadConfig                     0x08001a6f   Thumb Code    26  stm32f10x_tim.o(.text)
    TIM_OC3PreloadConfig                     0x08001a89   Thumb Code    18  stm32f10x_tim.o(.text)
    TIM_OC4PreloadConfig                     0x08001a9b   Thumb Code    26  stm32f10x_tim.o(.text)
    TIM_OC1FastConfig                        0x08001ab5   Thumb Code    18  stm32f10x_tim.o(.text)
    TIM_OC2FastConfig                        0x08001ac7   Thumb Code    26  stm32f10x_tim.o(.text)
    TIM_OC3FastConfig                        0x08001ae1   Thumb Code    18  stm32f10x_tim.o(.text)
    TIM_OC4FastConfig                        0x08001af3   Thumb Code    26  stm32f10x_tim.o(.text)
    TIM_ClearOC1Ref                          0x08001b0d   Thumb Code    18  stm32f10x_tim.o(.text)
    TIM_ClearOC2Ref                          0x08001b1f   Thumb Code    24  stm32f10x_tim.o(.text)
    TIM_ClearOC3Ref                          0x08001b37   Thumb Code    18  stm32f10x_tim.o(.text)
    TIM_ClearOC4Ref                          0x08001b49   Thumb Code    24  stm32f10x_tim.o(.text)
    TIM_OC1PolarityConfig                    0x08001b61   Thumb Code    18  stm32f10x_tim.o(.text)
    TIM_OC1NPolarityConfig                   0x08001b73   Thumb Code    18  stm32f10x_tim.o(.text)
    TIM_OC2PolarityConfig                    0x08001b85   Thumb Code    26  stm32f10x_tim.o(.text)
    TIM_OC2NPolarityConfig                   0x08001b9f   Thumb Code    26  stm32f10x_tim.o(.text)
    TIM_OC3PolarityConfig                    0x08001bb9   Thumb Code    26  stm32f10x_tim.o(.text)
    TIM_OC3NPolarityConfig                   0x08001bd3   Thumb Code    26  stm32f10x_tim.o(.text)
    TIM_OC4PolarityConfig                    0x08001bed   Thumb Code    26  stm32f10x_tim.o(.text)
    TIM_CCxCmd                               0x08001c07   Thumb Code    30  stm32f10x_tim.o(.text)
    TIM_CCxNCmd                              0x08001c25   Thumb Code    30  stm32f10x_tim.o(.text)
    TIM_SelectOCxM                           0x08001c43   Thumb Code    82  stm32f10x_tim.o(.text)
    TIM_UpdateDisableConfig                  0x08001c95   Thumb Code    24  stm32f10x_tim.o(.text)
    TIM_UpdateRequestConfig                  0x08001cad   Thumb Code    24  stm32f10x_tim.o(.text)
    TIM_SelectHallSensor                     0x08001cc5   Thumb Code    24  stm32f10x_tim.o(.text)
    TIM_SelectOnePulseMode                   0x08001cdd   Thumb Code    18  stm32f10x_tim.o(.text)
    TIM_SelectOutputTrigger                  0x08001cef   Thumb Code    18  stm32f10x_tim.o(.text)
    TIM_SelectSlaveMode                      0x08001d01   Thumb Code    18  stm32f10x_tim.o(.text)
    TIM_SelectMasterSlaveMode                0x08001d13   Thumb Code    18  stm32f10x_tim.o(.text)
    TIM_SetCounter                           0x08001d25   Thumb Code     4  stm32f10x_tim.o(.text)
    TIM_SetAutoreload                        0x08001d29   Thumb Code     4  stm32f10x_tim.o(.text)
    TIM_SetCompare1                          0x08001d2d   Thumb Code     4  stm32f10x_tim.o(.text)
    TIM_SetCompare2                          0x08001d31   Thumb Code     4  stm32f10x_tim.o(.text)
    TIM_SetCompare3                          0x08001d35   Thumb Code     4  stm32f10x_tim.o(.text)
    TIM_SetCompare4                          0x08001d39   Thumb Code     6  stm32f10x_tim.o(.text)
    TIM_SetClockDivision                     0x08001d3f   Thumb Code    18  stm32f10x_tim.o(.text)
    TIM_GetCapture1                          0x08001d51   Thumb Code     6  stm32f10x_tim.o(.text)
    TIM_GetCapture2                          0x08001d57   Thumb Code     6  stm32f10x_tim.o(.text)
    TIM_GetCapture3                          0x08001d5d   Thumb Code     6  stm32f10x_tim.o(.text)
    TIM_GetCapture4                          0x08001d63   Thumb Code     8  stm32f10x_tim.o(.text)
    TIM_GetCounter                           0x08001d6b   Thumb Code     6  stm32f10x_tim.o(.text)
    TIM_GetPrescaler                         0x08001d71   Thumb Code     6  stm32f10x_tim.o(.text)
    TIM_GetFlagStatus                        0x08001d77   Thumb Code    18  stm32f10x_tim.o(.text)
    TIM_ClearFlag                            0x08001d89   Thumb Code     6  stm32f10x_tim.o(.text)
    TIM_GetITStatus                          0x08001d8f   Thumb Code    34  stm32f10x_tim.o(.text)
    TIM_ClearITPendingBit                    0x08001db1   Thumb Code     6  stm32f10x_tim.o(.text)
    USART_DeInit                             0x08001db9   Thumb Code   134  stm32f10x_usart.o(.text)
    USART_Init                               0x08001e3f   Thumb Code   210  stm32f10x_usart.o(.text)
    USART_StructInit                         0x08001f11   Thumb Code    24  stm32f10x_usart.o(.text)
    USART_ClockInit                          0x08001f29   Thumb Code    34  stm32f10x_usart.o(.text)
    USART_ClockStructInit                    0x08001f4b   Thumb Code    12  stm32f10x_usart.o(.text)
    USART_Cmd                                0x08001f57   Thumb Code    24  stm32f10x_usart.o(.text)
    USART_ITConfig                           0x08001f6f   Thumb Code    74  stm32f10x_usart.o(.text)
    USART_DMACmd                             0x08001fb9   Thumb Code    18  stm32f10x_usart.o(.text)
    USART_SetAddress                         0x08001fcb   Thumb Code    18  stm32f10x_usart.o(.text)
    USART_WakeUpConfig                       0x08001fdd   Thumb Code    18  stm32f10x_usart.o(.text)
    USART_ReceiverWakeUpCmd                  0x08001fef   Thumb Code    24  stm32f10x_usart.o(.text)
    USART_LINBreakDetectLengthConfig         0x08002007   Thumb Code    18  stm32f10x_usart.o(.text)
    USART_LINCmd                             0x08002019   Thumb Code    24  stm32f10x_usart.o(.text)
    USART_SendData                           0x08002031   Thumb Code     8  stm32f10x_usart.o(.text)
    USART_ReceiveData                        0x08002039   Thumb Code    10  stm32f10x_usart.o(.text)
    USART_SendBreak                          0x08002043   Thumb Code    10  stm32f10x_usart.o(.text)
    USART_SetGuardTime                       0x0800204d   Thumb Code    16  stm32f10x_usart.o(.text)
    USART_SetPrescaler                       0x0800205d   Thumb Code    16  stm32f10x_usart.o(.text)
    USART_SmartCardCmd                       0x0800206d   Thumb Code    24  stm32f10x_usart.o(.text)
    USART_SmartCardNACKCmd                   0x08002085   Thumb Code    24  stm32f10x_usart.o(.text)
    USART_HalfDuplexCmd                      0x0800209d   Thumb Code    24  stm32f10x_usart.o(.text)
    USART_OverSampling8Cmd                   0x080020b5   Thumb Code    22  stm32f10x_usart.o(.text)
    USART_OneBitMethodCmd                    0x080020cb   Thumb Code    24  stm32f10x_usart.o(.text)
    USART_IrDAConfig                         0x080020e3   Thumb Code    18  stm32f10x_usart.o(.text)
    USART_IrDACmd                            0x080020f5   Thumb Code    24  stm32f10x_usart.o(.text)
    USART_GetFlagStatus                      0x0800210d   Thumb Code    26  stm32f10x_usart.o(.text)
    USART_ClearFlag                          0x08002127   Thumb Code    18  stm32f10x_usart.o(.text)
    USART_GetITStatus                        0x08002139   Thumb Code    84  stm32f10x_usart.o(.text)
    USART_ClearITPendingBit                  0x0800218d   Thumb Code    52  stm32f10x_usart.o(.text)
    SystemInit                               0x0800229d   Thumb Code    78  system_stm32f10x.o(.text)
    SystemCoreClockUpdate                    0x080022eb   Thumb Code   142  system_stm32f10x.o(.text)
    EEprom_Proc                              0x0800239d   Thumb Code    28  main.o(.text)
    Caputer_Proc                             0x080023b9   Thumb Code   224  main.o(.text)
    DS18B20_Proc                             0x08002499   Thumb Code    24  main.o(.text)
    Seg_Proc                                 0x080024b1   Thumb Code    82  main.o(.text)
    Usart_Proc                               0x08002503   Thumb Code   270  main.o(.text)
    Key_Proc                                 0x08002611   Thumb Code   608  main.o(.text)
    ADC_Proc                                 0x08002871   Thumb Code   110  main.o(.text)
    Lcd_Proc                                 0x080028df   Thumb Code   330  main.o(.text)
    Led_Proc                                 0x08002a29   Thumb Code    88  main.o(.text)
    SystemPara_Init                          0x08002a81   Thumb Code    44  main.o(.text)
    main                                     0x08002aad   Thumb Code    90  main.o(.text)
    TIM4_IRQHandler                          0x08002b07   Thumb Code   204  main.o(.text)
    USART2_IRQHandler                        0x08002bd3   Thumb Code   474  main.o(.text)
    NMI_Handler                              0x08002db5   Thumb Code     2  stm32f10x_it.o(.text)
    HardFault_Handler                        0x08002db7   Thumb Code     4  stm32f10x_it.o(.text)
    MemManage_Handler                        0x08002dbb   Thumb Code     4  stm32f10x_it.o(.text)
    BusFault_Handler                         0x08002dbf   Thumb Code     4  stm32f10x_it.o(.text)
    UsageFault_Handler                       0x08002dc3   Thumb Code     4  stm32f10x_it.o(.text)
    SVC_Handler                              0x08002dc7   Thumb Code     2  stm32f10x_it.o(.text)
    DebugMon_Handler                         0x08002dc9   Thumb Code     2  stm32f10x_it.o(.text)
    PendSV_Handler                           0x08002dcb   Thumb Code     2  stm32f10x_it.o(.text)
    LED_ALL_OFF                              0x08002dcd   Thumb Code    34  bsp_led.o(.text)
    LED_Init                                 0x08002def   Thumb Code    80  bsp_led.o(.text)
    LED_Control                              0x08002e3f   Thumb Code    76  bsp_led.o(.text)
    LED_Toggle                               0x08002e8b   Thumb Code    38  bsp_led.o(.text)
    Key_Init                                 0x08002eb9   Thumb Code    48  bsp_key.o(.text)
    Key_refresh                              0x08002ee9   Thumb Code    98  bsp_key.o(.text)
    Delay_Init                               0x08002f61   Thumb Code    84  delay.o(.text)
    Delay_Ms                                 0x08002fb5   Thumb Code    16  delay.o(.text)
    SysTick_Handler                          0x08002fc5   Thumb Code    12  delay.o(.text)
    Delay_10ms                               0x08002fd1   Thumb Code    16  delay.o(.text)
    Usart2_Init                              0x08002ff1   Thumb Code   170  usart.o(.text)
    USART_SendChar                           0x0800309b   Thumb Code    28  usart.o(.text)
    USART_SendString                         0x080030b7   Thumb Code    42  usart.o(.text)
    fputc                                    0x080030e1   Thumb Code    32  usart.o(.text)
    SDA_Input_Mode                           0x08003109   Thumb Code    30  i2c.o(.text)
    SDA_Output_Mode                          0x08003127   Thumb Code    30  i2c.o(.text)
    SDA_Output                               0x08003145   Thumb Code    26  i2c.o(.text)
    SCL_Output                               0x0800315f   Thumb Code    26  i2c.o(.text)
    SDA_Input                                0x08003179   Thumb Code    12  i2c.o(.text)
    delay_iic                                0x08003185   Thumb Code    12  i2c.o(.text)
    I2CStart                                 0x08003191   Thumb Code    60  i2c.o(.text)
    I2CStop                                  0x080031cd   Thumb Code    60  i2c.o(.text)
    I2CWaitAck                               0x08003209   Thumb Code    88  i2c.o(.text)
    I2CSendAck                               0x08003261   Thumb Code    54  i2c.o(.text)
    I2CSendNotAck                            0x08003297   Thumb Code    46  i2c.o(.text)
    I2CSendByte                              0x080032c5   Thumb Code    88  i2c.o(.text)
    I2CReceiveByte                           0x0800331d   Thumb Code    88  i2c.o(.text)
    i2c_init                                 0x08003375   Thumb Code    38  i2c.o(.text)
    Write_eeprom                             0x0800339b   Thumb Code    46  i2c.o(.text)
    Read_eeprom                              0x080033c9   Thumb Code    60  i2c.o(.text)
    Tim4_Init                                0x08003409   Thumb Code    94  tim.o(.text)
    delay                                    0x0800346d   Thumb Code    12  bsp_ds18b20.o(.text)
    DS18B20_Init                             0x08003479   Thumb Code    38  bsp_ds18b20.o(.text)
    mode_input1                              0x0800349f   Thumb Code    30  bsp_ds18b20.o(.text)
    mode_output1                             0x080034bd   Thumb Code    30  bsp_ds18b20.o(.text)
    ow_reset                                 0x080034db   Thumb Code    68  bsp_ds18b20.o(.text)
    ow_bit_io                                0x0800351f   Thumb Code    62  bsp_ds18b20.o(.text)
    ow_byte_wr                               0x0800355d   Thumb Code    38  bsp_ds18b20.o(.text)
    ow_byte_rd                               0x08003583   Thumb Code    10  bsp_ds18b20.o(.text)
    DS18B20_Read                             0x0800358d   Thumb Code   166  bsp_ds18b20.o(.text)
    ADCx_Init                                0x08003755   Thumb Code    16  bsp_adc.o(.text)
    Get_AnalogVoltage                        0x08003775   Thumb Code   140  bsp_analogvoltage.o(.text)
    Seg_Init                                 0x08003805   Thumb Code    38  bsp_digital.o(.text)
    Seg_Display                              0x0800382b   Thumb Code   212  bsp_digital.o(.text)
    time3_capture                            0x08003909   Thumb Code   158  bsp_caputer.o(.text)
    TIM3_IRQHandler                          0x080039a7   Thumb Code   130  bsp_caputer.o(.text)
    LCD_SetBackColor                         0x08003a3d   Thumb Code    12  lcd.o(.text)
    LCD_SetTextColor                         0x08003a49   Thumb Code    12  lcd.o(.text)
    LCD_WriteRAM                             0x08003a55   Thumb Code    52  lcd.o(.text)
    LCD_WriteRAM_Prepare                     0x08003a89   Thumb Code    54  lcd.o(.text)
    LCD_WriteReg                             0x08003abf   Thumb Code    68  lcd.o(.text)
    LCD_SetCursor                            0x08003b03   Thumb Code    24  lcd.o(.text)
    LCD_Clear                                0x08003b1b   Thumb Code    38  lcd.o(.text)
    LCD_BusOut                               0x08003b41   Thumb Code    32  lcd.o(.text)
    LCD_BusIn                                0x08003b61   Thumb Code    32  lcd.o(.text)
    LCD_ReadReg                              0x08003b81   Thumb Code    82  lcd.o(.text)
    REG_932X_Init                            0x08003bd3   Thumb Code   512  lcd.o(.text)
    REG_8230_Init                            0x08003dd3   Thumb Code   304  lcd.o(.text)
    LCD_CtrlLinesConfig                      0x08003f03   Thumb Code    68  lcd.o(.text)
    STM3210B_LCD_Init                        0x08003f47   Thumb Code    50  lcd.o(.text)
    LCD_Init                                 0x08003f79   Thumb Code    28  lcd.o(.text)
    LCD_DrawChar                             0x08003f95   Thumb Code   100  lcd.o(.text)
    LCD_DisplayChar                          0x08003ff9   Thumb Code    34  lcd.o(.text)
    highlight                                0x0800401b   Thumb Code    96  lcd.o(.text)
    LCD_DisplayStringLine                    0x0800407b   Thumb Code    44  lcd.o(.text)
    LCD_ClearLine                            0x080040a7   Thumb Code    14  lcd.o(.text)
    LCD_SetDisplayWindow                     0x080040b5   Thumb Code    88  lcd.o(.text)
    LCD_WindowModeDisable                    0x0800410d   Thumb Code    28  lcd.o(.text)
    LCD_DrawLine                             0x08004129   Thumb Code    86  lcd.o(.text)
    LCD_DrawRect                             0x0800417f   Thumb Code    66  lcd.o(.text)
    LCD_DrawCircle                           0x080041c1   Thumb Code   252  lcd.o(.text)
    LCD_DrawMonoPict                         0x080042bd   Thumb Code   120  lcd.o(.text)
    LCD_WriteBMP                             0x08004335   Thumb Code    74  lcd.o(.text)
    LCD_ReadRAM                              0x0800437f   Thumb Code    82  lcd.o(.text)
    LCD_PowerOn                              0x080043d1   Thumb Code   118  lcd.o(.text)
    LCD_DisplayOn                            0x08004447   Thumb Code    14  lcd.o(.text)
    LCD_DisplayOff                           0x08004455   Thumb Code    12  lcd.o(.text)
    LCD_DrawPicture                          0x08004461   Thumb Code    48  lcd.o(.text)
    __aeabi_memset                           0x08004499   Thumb Code    14  memseta.o(.text)
    __aeabi_memset4                          0x08004499   Thumb Code     0  memseta.o(.text)
    __aeabi_memset8                          0x08004499   Thumb Code     0  memseta.o(.text)
    __aeabi_memclr                           0x080044a7   Thumb Code     4  memseta.o(.text)
    __aeabi_memclr4                          0x080044a7   Thumb Code     0  memseta.o(.text)
    __aeabi_memclr8                          0x080044a7   Thumb Code     0  memseta.o(.text)
    _memset$wrapper                          0x080044ab   Thumb Code    18  memseta.o(.text)
    __aeabi_dmul                             0x080044bd   Thumb Code   228  dmul.o(.text)
    __aeabi_ddiv                             0x080045a1   Thumb Code   222  ddiv.o(.text)
    __aeabi_i2f                              0x0800467f   Thumb Code    18  fflti.o(.text)
    __aeabi_ui2f                             0x08004691   Thumb Code    10  ffltui.o(.text)
    __aeabi_ui2d                             0x0800469b   Thumb Code    26  dfltui.o(.text)
    __aeabi_f2d                              0x080046b5   Thumb Code    38  f2d.o(.text)
    __aeabi_cdrcmple                         0x080046dd   Thumb Code    38  cdrcmple.o(.text)
    __aeabi_d2f                              0x08004705   Thumb Code    56  d2f.o(.text)
    __aeabi_cfcmpeq                          0x0800473d   Thumb Code     0  cfcmple.o(.text)
    __aeabi_cfcmple                          0x0800473d   Thumb Code    20  cfcmple.o(.text)
    __aeabi_uidiv                            0x08004751   Thumb Code     0  uidiv.o(.text)
    __aeabi_uidivmod                         0x08004751   Thumb Code    44  uidiv.o(.text)
    __aeabi_uldivmod                         0x0800477d   Thumb Code    98  uldiv.o(.text)
    __I$use$fp                               0x080047df   Thumb Code     0  iusefp.o(.text)
    _float_round                             0x080047df   Thumb Code    18  fepilogue.o(.text)
    _float_epilogue                          0x080047f1   Thumb Code    90  fepilogue.o(.text)
    _double_round                            0x0800484b   Thumb Code    26  depilogue.o(.text)
    _double_epilogue                         0x08004865   Thumb Code   164  depilogue.o(.text)
    __aeabi_dadd                             0x08004909   Thumb Code   322  dadd.o(.text)
    __aeabi_dsub                             0x08004a4b   Thumb Code     6  dadd.o(.text)
    __aeabi_drsub                            0x08004a51   Thumb Code     6  dadd.o(.text)
    __aeabi_d2ulz                            0x08004a57   Thumb Code    48  dfixul.o(.text)
    __scatterload                            0x08004a89   Thumb Code    28  init.o(.text)
    __scatterload_rt2                        0x08004a89   Thumb Code     0  init.o(.text)
    __aeabi_llsl                             0x08004aad   Thumb Code    30  llshl.o(.text)
    _ll_shift_l                              0x08004aad   Thumb Code     0  llshl.o(.text)
    __aeabi_llsr                             0x08004acb   Thumb Code    32  llushr.o(.text)
    _ll_ushift_r                             0x08004acb   Thumb Code     0  llushr.o(.text)
    __aeabi_lasr                             0x08004aeb   Thumb Code    36  llsshr.o(.text)
    _ll_sshift_r                             0x08004aeb   Thumb Code     0  llsshr.o(.text)
    __0printf                                0x08004b11   Thumb Code    22  printfa.o(i.__0printf)
    __1printf                                0x08004b11   Thumb Code     0  printfa.o(i.__0printf)
    __2printf                                0x08004b11   Thumb Code     0  printfa.o(i.__0printf)
    __c89printf                              0x08004b11   Thumb Code     0  printfa.o(i.__0printf)
    printf                                   0x08004b11   Thumb Code     0  printfa.o(i.__0printf)
    __0sprintf                               0x08004b31   Thumb Code    34  printfa.o(i.__0sprintf)
    __1sprintf                               0x08004b31   Thumb Code     0  printfa.o(i.__0sprintf)
    __2sprintf                               0x08004b31   Thumb Code     0  printfa.o(i.__0sprintf)
    __c89sprintf                             0x08004b31   Thumb Code     0  printfa.o(i.__0sprintf)
    sprintf                                  0x08004b31   Thumb Code     0  printfa.o(i.__0sprintf)
    __scatterload_copy                       0x08004b59   Thumb Code    14  handlers.o(i.__scatterload_copy)
    __scatterload_null                       0x08004b67   Thumb Code     2  handlers.o(i.__scatterload_null)
    __scatterload_zeroinit                   0x08004b69   Thumb Code    14  handlers.o(i.__scatterload_zeroinit)
    ASCII_Table                              0x08005424   Data        4560  lcd.o(.constdata)
    Region$$Table$$Base                      0x080065f4   Number         0  anon$$obj.o(Region$$Table)
    Region$$Table$$Limit                     0x08006614   Number         0  anon$$obj.o(Region$$Table)
    SystemCoreClock                          0x20000014   Data           4  system_stm32f10x.o(.data)
    AHBPrescTable                            0x20000018   Data          16  system_stm32f10x.o(.data)
    RxCounter                                0x20000031   Data           1  main.o(.data)
    RxoverFlag                               0x20000032   Data           1  main.o(.data)
    adc_flag                                 0x20000033   Data           1  main.o(.data)
    ds18b20_flag                             0x20000034   Data           1  main.o(.data)
    seg_flag                                 0x20000035   Data           1  main.o(.data)
    key_flag                                 0x20000036   Data           1  main.o(.data)
    eeprom_write_flag                        0x20000037   Data           1  main.o(.data)
    AutoReport_flag                          0x20000038   Data           1  main.o(.data)
    AutoSend_flag                            0x20000039   Data           1  main.o(.data)
    SendTemperature_flag                     0x2000003a   Data           1  main.o(.data)
    SendPara_flag                            0x2000003b   Data           1  main.o(.data)
    LedFlash_flag                            0x2000003c   Data           1  main.o(.data)
    Led_flag                                 0x2000003d   Data           1  main.o(.data)
    B3_cnt                                   0x2000003e   Data           1  main.o(.data)
    B4_cnt                                   0x2000003f   Data           1  main.o(.data)
    ChannelTemp                              0x20000040   Data           1  main.o(.data)
    Temperature_limitTemp                    0x20000041   Data           1  main.o(.data)
    key_state                                0x20000042   Data           1  bsp_key.o(.data)
    key_falling                              0x20000043   Data           1  bsp_key.o(.data)
    key_rising                               0x20000044   Data           1  bsp_key.o(.data)
    TimingDelay                              0x20000048   Data           4  delay.o(.data)
    ADC_ConvertedValue                       0x2000004c   Data           4  bsp_adc.o(.data)
    Seg                                      0x20000050   Data          19  bsp_digital.o(.data)
    ch2_mode                                 0x20000064   Data           1  bsp_caputer.o(.data)
    ch2_val                                  0x20000068   Data           4  bsp_caputer.o(.data)
    ch2_duty                                 0x2000006c   Data           4  bsp_caputer.o(.data)
    dummy                                    0x20000074   Data           2  lcd.o(.data)
    __stdout                                 0x20000078   Data           4  stdout.o(.data)
    System                                   0x2000007c   Data          24  main.o(.bss)
    lcdstring                                0x20000094   Data          20  main.o(.bss)
    RxBuffer                                 0x200000a8   Data          15  main.o(.bss)
    __initial_sp                             0x200004b8   Data           0  startup_stm32f10x_md.o(STACK)



==============================================================================

Memory Map of the image

  Image Entry point : 0x080000ed

  Load Region LR_IROM1 (Base: 0x08000000, Size: 0x00006690, Max: 0x00020000, ABSOLUTE)

    Execution Region ER_IROM1 (Base: 0x08000000, Size: 0x00006614, Max: 0x00020000, ABSOLUTE)

    Base Addr    Size         Type   Attr      Idx    E Section Name        Object

    0x08000000   0x000000ec   Data   RO            3    RESET               startup_stm32f10x_md.o
    0x080000ec   0x00000000   Code   RO          669  * .ARM.Collect$$$$00000000  mc_w.l(entry.o)
    0x080000ec   0x00000004   Code   RO          953    .ARM.Collect$$$$00000001  mc_w.l(entry2.o)
    0x080000f0   0x00000004   Code   RO          956    .ARM.Collect$$$$00000004  mc_w.l(entry5.o)
    0x080000f4   0x00000000   Code   RO          958    .ARM.Collect$$$$00000008  mc_w.l(entry7b.o)
    0x080000f4   0x00000000   Code   RO          960    .ARM.Collect$$$$0000000A  mc_w.l(entry8b.o)
    0x080000f4   0x00000008   Code   RO          961    .ARM.Collect$$$$0000000B  mc_w.l(entry9a.o)
    0x080000fc   0x00000000   Code   RO          963    .ARM.Collect$$$$0000000D  mc_w.l(entry10a.o)
    0x080000fc   0x00000000   Code   RO          965    .ARM.Collect$$$$0000000F  mc_w.l(entry11a.o)
    0x080000fc   0x00000004   Code   RO          954    .ARM.Collect$$$$00002712  mc_w.l(entry2.o)
    0x08000100   0x00000024   Code   RO            4    .text               startup_stm32f10x_md.o
    0x08000124   0x000000dc   Code   RO           10    .text               misc.o
    0x08000200   0x0000044e   Code   RO          109    .text               stm32f10x_adc.o
    0x0800064e   0x00000002   PAD
    0x08000650   0x00000250   Code   RO          193    .text               stm32f10x_dma.o
    0x080008a0   0x00000358   Code   RO          241    .text               stm32f10x_gpio.o
    0x08000bf8   0x000003a4   Code   RO          289    .text               stm32f10x_rcc.o
    0x08000f9c   0x00000e1a   Code   RO          339    .text               stm32f10x_tim.o
    0x08001db6   0x00000002   PAD
    0x08001db8   0x00000408   Code   RO          351    .text               stm32f10x_usart.o
    0x080021c0   0x000001dc   Code   RO          385    .text               system_stm32f10x.o
    0x0800239c   0x00000a18   Code   RO          403    .text               main.o
    0x08002db4   0x00000018   Code   RO          468    .text               stm32f10x_it.o
    0x08002dcc   0x000000ec   Code   RO          483    .text               bsp_led.o
    0x08002eb8   0x000000a8   Code   RO          495    .text               bsp_key.o
    0x08002f60   0x00000090   Code   RO          513    .text               delay.o
    0x08002ff0   0x00000118   Code   RO          532    .text               usart.o
    0x08003108   0x00000300   Code   RO          548    .text               i2c.o
    0x08003408   0x00000064   Code   RO          560    .text               tim.o
    0x0800346c   0x000001d0   Code   RO          572    .text               bsp_ds18b20.o
    0x0800363c   0x00000138   Code   RO          584    .text               bsp_adc.o
    0x08003774   0x00000090   Code   RO          602    .text               bsp_analogvoltage.o
    0x08003804   0x00000104   Code   RO          614    .text               bsp_digital.o
    0x08003908   0x00000134   Code   RO          629    .text               bsp_caputer.o
    0x08003a3c   0x00000a5c   Code   RO          650    .text               lcd.o
    0x08004498   0x00000024   Code   RO          672    .text               mc_w.l(memseta.o)
    0x080044bc   0x000000e4   Code   RO          935    .text               mf_w.l(dmul.o)
    0x080045a0   0x000000de   Code   RO          937    .text               mf_w.l(ddiv.o)
    0x0800467e   0x00000012   Code   RO          939    .text               mf_w.l(fflti.o)
    0x08004690   0x0000000a   Code   RO          941    .text               mf_w.l(ffltui.o)
    0x0800469a   0x0000001a   Code   RO          943    .text               mf_w.l(dfltui.o)
    0x080046b4   0x00000026   Code   RO          945    .text               mf_w.l(f2d.o)
    0x080046da   0x00000002   PAD
    0x080046dc   0x00000028   Code   RO          947    .text               mf_w.l(cdrcmple.o)
    0x08004704   0x00000038   Code   RO          949    .text               mf_w.l(d2f.o)
    0x0800473c   0x00000014   Code   RO          951    .text               mf_w.l(cfcmple.o)
    0x08004750   0x0000002c   Code   RO          968    .text               mc_w.l(uidiv.o)
    0x0800477c   0x00000062   Code   RO          970    .text               mc_w.l(uldiv.o)
    0x080047de   0x00000000   Code   RO          972    .text               mc_w.l(iusefp.o)
    0x080047de   0x0000006c   Code   RO          973    .text               mf_w.l(fepilogue.o)
    0x0800484a   0x000000be   Code   RO          975    .text               mf_w.l(depilogue.o)
    0x08004908   0x0000014e   Code   RO          977    .text               mf_w.l(dadd.o)
    0x08004a56   0x00000030   Code   RO          979    .text               mf_w.l(dfixul.o)
    0x08004a86   0x00000002   PAD
    0x08004a88   0x00000024   Code   RO          981    .text               mc_w.l(init.o)
    0x08004aac   0x0000001e   Code   RO          983    .text               mc_w.l(llshl.o)
    0x08004aca   0x00000020   Code   RO          985    .text               mc_w.l(llushr.o)
    0x08004aea   0x00000024   Code   RO          987    .text               mc_w.l(llsshr.o)
    0x08004b0e   0x00000002   PAD
    0x08004b10   0x00000020   Code   RO          907    i.__0printf         mc_w.l(printfa.o)
    0x08004b30   0x00000028   Code   RO          909    i.__0sprintf        mc_w.l(printfa.o)
    0x08004b58   0x0000000e   Code   RO          991    i.__scatterload_copy  mc_w.l(handlers.o)
    0x08004b66   0x00000002   Code   RO          992    i.__scatterload_null  mc_w.l(handlers.o)
    0x08004b68   0x0000000e   Code   RO          993    i.__scatterload_zeroinit  mc_w.l(handlers.o)
    0x08004b76   0x00000002   PAD
    0x08004b78   0x0000015c   Code   RO          914    i._fp_digits        mc_w.l(printfa.o)
    0x08004cd4   0x000006f0   Code   RO          915    i._printf_core      mc_w.l(printfa.o)
    0x080053c4   0x00000026   Code   RO          916    i._printf_post_padding  mc_w.l(printfa.o)
    0x080053ea   0x00000030   Code   RO          917    i._printf_pre_padding  mc_w.l(printfa.o)
    0x0800541a   0x0000000a   Code   RO          919    i._sputc            mc_w.l(printfa.o)
    0x08005424   0x000011d0   Data   RO          651    .constdata          lcd.o
    0x080065f4   0x00000020   Data   RO          989    Region$$Table       anon$$obj.o


    Execution Region RW_IRAM1 (Base: 0x20000000, Size: 0x000004b8, Max: 0x00005000, ABSOLUTE)

    Base Addr    Size         Type   Attr      Idx    E Section Name        Object

    0x20000000   0x00000014   Data   RW          290    .data               stm32f10x_rcc.o
    0x20000014   0x00000014   Data   RW          386    .data               system_stm32f10x.o
    0x20000028   0x0000001a   Data   RW          405    .data               main.o
    0x20000042   0x00000003   Data   RW          496    .data               bsp_key.o
    0x20000045   0x00000003   PAD
    0x20000048   0x00000004   Data   RW          514    .data               delay.o
    0x2000004c   0x00000004   Data   RW          585    .data               bsp_adc.o
    0x20000050   0x00000013   Data   RW          615    .data               bsp_digital.o
    0x20000063   0x00000001   PAD
    0x20000064   0x0000000c   Data   RW          630    .data               bsp_caputer.o
    0x20000070   0x00000006   Data   RW          652    .data               lcd.o
    0x20000076   0x00000002   PAD
    0x20000078   0x00000004   Data   RW          967    .data               mc_w.l(stdout.o)
    0x2000007c   0x0000003b   Zero   RW          404    .bss                main.o
    0x200000b7   0x00000001   PAD
    0x200000b8   0x00000400   Zero   RW            1    STACK               startup_stm32f10x_md.o


==============================================================================

Image component sizes


      Code (inc. data)   RO Data    RW Data    ZI Data      Debug   Object Name

       312         16          0          4          0       1585   bsp_adc.o
       144          4          0          0          0        732   bsp_analogvoltage.o
       308         20          0         12          0       1212   bsp_caputer.o
       260         10          0         19          0       1473   bsp_digital.o
       464         10          0          0          0       2184   bsp_ds18b20.o
       168         22          0          3          0        942   bsp_key.o
       236          8          0          0          0       1038   bsp_led.o
       144         16          0          4          0      16422   delay.o
       768          4          0          0          0       3257   i2c.o
      2652         68       4560          6          0       8557   lcd.o
      2584        526          0         26         59       5458   main.o
       220         20          0          0          0     272209   misc.o
        36          8        236          0       1024        764   startup_stm32f10x_md.o
      1102         26          0          0          0      10925   stm32f10x_adc.o
       592          8          0          0          0       4418   stm32f10x_dma.o
       856         40          0          0          0       5737   stm32f10x_gpio.o
        24          0          0          0          0       1106   stm32f10x_it.o
       932         44          0         20          0       8924   stm32f10x_rcc.o
      3610         88          0          0          0      22224   stm32f10x_tim.o
      1032         22          0          0          0       8460   stm32f10x_usart.o
       476         36          0         20          0       1831   system_stm32f10x.o
       100          6          0          0          0        540   tim.o
       280          8          0          0          0       2816   usart.o

    ----------------------------------------------------------------------
     17304       1010       4828        120       1084     382814   Object Totals
         0          0         32          0          0          0   (incl. Generated)
         4          0          0          6          1          0   (incl. Padding)

    ----------------------------------------------------------------------

      Code (inc. data)   RO Data    RW Data    ZI Data      Debug   Library Member Name

         0          0          0          0          0          0   entry.o
         0          0          0          0          0          0   entry10a.o
         0          0          0          0          0          0   entry11a.o
         8          4          0          0          0          0   entry2.o
         4          0          0          0          0          0   entry5.o
         0          0          0          0          0          0   entry7b.o
         0          0          0          0          0          0   entry8b.o
         8          4          0          0          0          0   entry9a.o
        30          0          0          0          0          0   handlers.o
        36          8          0          0          0         68   init.o
         0          0          0          0          0          0   iusefp.o
        30          0          0          0          0         68   llshl.o
        36          0          0          0          0         68   llsshr.o
        32          0          0          0          0         68   llushr.o
        36          0          0          0          0        108   memseta.o
      2292         96          0          0          0        596   printfa.o
         0          0          0          4          0          0   stdout.o
        44          0          0          0          0         80   uidiv.o
        98          0          0          0          0         92   uldiv.o
        40          2          0          0          0         68   cdrcmple.o
        20          0          0          0          0         68   cfcmple.o
        56          0          0          0          0         88   d2f.o
       334          0          0          0          0        148   dadd.o
       222          0          0          0          0        100   ddiv.o
       190          0          0          0          0        176   depilogue.o
        48          0          0          0          0         68   dfixul.o
        26          0          0          0          0         76   dfltui.o
       228          0          0          0          0         96   dmul.o
        38          0          0          0          0         68   f2d.o
       108          0          0          0          0        168   fepilogue.o
        18          0          0          0          0         68   fflti.o
        10          0          0          0          0         68   ffltui.o

    ----------------------------------------------------------------------
      4000        114          0          4          0       2408   Library Totals
         8          0          0          0          0          0   (incl. Padding)

    ----------------------------------------------------------------------

      Code (inc. data)   RO Data    RW Data    ZI Data      Debug   Library Name

      2654        112          0          4          0       1148   mc_w.l
      1338          2          0          0          0       1260   mf_w.l

    ----------------------------------------------------------------------
      4000        114          0          4          0       2408   Library Totals

    ----------------------------------------------------------------------

==============================================================================


      Code (inc. data)   RO Data    RW Data    ZI Data      Debug   

     21304       1124       4828        124       1084     381894   Grand Totals
     21304       1124       4828        124       1084     381894   ELF Image Totals
     21304       1124       4828        124          0          0   ROM Totals

==============================================================================

    Total RO  Size (Code + RO Data)                26132 (  25.52kB)
    Total RW  Size (RW Data + ZI Data)              1208 (   1.18kB)
    Total ROM Size (Code + RO Data + RW Data)      26256 (  25.64kB)

==============================================================================

