<html>
<body>
<pre>
<h1>礦ision Build Log</h1>
<h2>Project:</h2>
C:\Users\liuhongming\OneDrive\桌面\练习-国赛题\第十届国赛\Project\amingkl.uvproj
Project File Date:  01/17/2022

<h2>Output:</h2>
Build target 'amingkl'
compiling main.c...
linking...
Program Size: Code=21304 RO-data=4828 RW-data=124 ZI-data=1084  
"..\Output\amingkl.axf" - 0 Error(s), 0 Warning(s).
</pre>
</body>
</html>
axf" 
Erasing Done.
Program Speed: 12.44 KByte/s
Programming Done.
e/s
Programming Done.
l.axf" 
Erasing Done.
Program Speed: 12.49 KByte/s
Programming Done.
oReport_flag,AutoSend_flag,SendTemperature_flag,SendPara_flag，SendError_flag;
..\Users\main.c(82): error:  #20: identifier "SendError_flag" is undefined
        if(SendError_flag)
..\Users\main.c: 0 warnings, 3 errors
"..\Output\amingkl.axf" - 3 Error(s), 0 Warning(s).
Target not created
tm32f10x_usart.c...
compiling stm32f10x_wwdg.c...
compiling core_cm3.c...
compiling system_stm32f10x.c...
compiling main.c...
compiling stm32f10x_it.c...
compiling bsp_led.c...
compiling bsp_key.c...
compiling delay.c...
compiling usart.c...
compiling i2c.c...
compiling tim.c...
compiling bsp_ds18b20.c...
compiling bsp_adc.c...
compiling bsp_AnalogVoltage.c...
compiling bsp_digital.c...
compiling bsp_caputer.c...
compiling bsp_xx.c...
compiling lcd.c...
linking...
Program Size: Code=19808 RO-data=4828 RW-data=124 ZI-data=1092  
"..\Output\amingkl.axf" - 0 Error(s), 0 Warning(s).
s18b20.c...
compiling bsp_pulse.c...
compiling bsp_adc.c...
compiling bsp_AnalogVoltage.c...
compiling bsp_adc_key.c...
compiling bsp_digital.c...
compiling bsp_xx.c...
compiling lcd.c...
"..\Output\amingkl.axf" - 1 Error(s), 1 Warning(s).
Target not created
