<html>
<body>
<pre>
<h1>礦ision Build Log</h1>
<h2>Project:</h2>
C:\Users\liuhongming\OneDrive\桌面\练习-省赛题\第十三届省赛第一场\Project\050956.uvproj
Project File Date:  04/04/2022

<h2>Output:</h2>
Build target 'Project'
compiling main.c...
linking...
Program Size: Code=13398 RO-data=4830 RW-data=76 ZI-data=1068  
FromELF: creating hex file...
"..\Output\050956.axf" - 0 Error(s), 0 Warning(s).
</pre>
</body>
</html>
s), 0 Warning(s).
0x_cec.c...
compiling stm32f10x_crc.c...
compiling stm32f10x_dac.c...
compiling stm32f10x_dbgmcu.c...
compiling stm32f10x_dma.c...
compiling stm32f10x_exti.c...
compiling stm32f10x_flash.c...
compiling stm32f10x_fsmc.c...
compiling stm32f10x_gpio.c...
compiling stm32f10x_i2c.c...
compiling stm32f10x_iwdg.c...
compiling stm32f10x_pwr.c...
compiling stm32f10x_rcc.c...
compiling stm32f10x_rtc.c...
compiling stm32f10x_sdio.c...
compiling stm32f10x_spi.c...
compiling stm32f10x_tim.c...
compiling stm32f10x_usart.c...
compiling stm32f10x_wwdg.c...
compiling main.c...
compiling myconfig.c...
compiling stm32f10x_it.c...
compiling tim.c...
compiling bsp_led.c...
compiling delay.c...
compiling bsp_key.c...
compiling pwm.c...
compiling usart.c...
compiling lcd.c...
compiling bsp_xx.c...
linking...
Program Size: Code=13406 RO-data=4830 RW-data=76 ZI-data=1068  
FromELF: creating hex file...
"..\Output\050956.axf" - 0 Error(s), 0 Warning(s).
"int sprintf(char *restrict, const char *restrict, ...)" (declared at line 380 of "E:\keil_473\ARM\ARMCC\bin\..\include\stdio.h")
                sprintf((char*)LcdString,"    B3:%d             ",Variable.Password[2]);
..\Users\myconfig.c(85): error:  #79: expected a type specifier
                LCD_DisplayStringLine(Line5 ,LcdString);
..\Users\myconfig.c(85): error:  #757: variable "LcdString" is not a type name
                LCD_DisplayStringLine(Line5 ,LcdString);
..\Users\myconfig.c(85): warning:  #77-D: this declaration has no storage class or type specifier
                LCD_DisplayStringLine(Line5 ,LcdString);
..\Users\myconfig.c(85): error:  #147: declaration is incompatible with "void LCD_DisplayStringLine(u8, u8 *)" (declared at line 174 of "..\Hardware\LCD\lcd.h")
                LCD_DisplayStringLine(Line5 ,LcdString);
..\Users\myconfig.c(86): error:  #169: expected a declaration
        }
..\Users\myconfig.c(121): warning: At end of source:  #12-D: parsing restarts here after previous syntax error
..\Users\myconfig.c: 4 warnings, 11 errors
"..\Output\050956.axf" - 11 Error(s), 4 Warning(s).
Target not created
ers\myconfig.c(85): error:  #757: variable "LcdString" is not a type name
                LCD_DisplayStringLine(Line5 ,LcdString);
..\Users\myconfig.c(85): warning:  #77-D: this declaration has no storage class or type specifier
                LCD_DisplayStringLine(Line5 ,LcdString);
..\Users\myconfig.c(85): error:  #147: declaration is incompatible with "void LCD_DisplayStringLine(u8, u8 *)" (declared at line 174 of "..\Hardware\LCD\lcd.h")
                LCD_DisplayStringLine(Line5 ,LcdString);
..\Users\myconfig.c(86): error:  #169: expected a declaration
        }
..\Users\myconfig.c(121): warning: At end of source:  #12-D: parsing restarts here after previous syntax error
..\Users\myconfig.c: 4 warnings, 11 errors
compiling stm32f10x_it.c...
compiling tim.c...
compiling bsp_led.c...
compiling delay.c...
compiling bsp_key.c...
compiling lcd.c...
compiling bsp_xx.c...
"..\Output\050956.axf" - 11 Error(s), 4 Warning(s).
Target not created
