<html>
<body>
<pre>
<h1>礦ision Build Log</h1>
<h2>Project:</h2>
C:\Users\liuhongming\OneDrive\桌面\第十三届省赛第二场\Project\AMKL.uvproj
Project File Date:  05/14/2022

<h2>Output:</h2>
Build target 'AMKL'
assembling startup_stm32f10x_md.s...
compiling core_cm3.c...
compiling system_stm32f10x.c...
compiling misc.c...
compiling stm32f10x_adc.c...
compiling stm32f10x_bkp.c...
compiling stm32f10x_can.c...
compiling stm32f10x_cec.c...
compiling stm32f10x_crc.c...
compiling stm32f10x_dac.c...
compiling stm32f10x_dbgmcu.c...
compiling stm32f10x_dma.c...
compiling stm32f10x_exti.c...
compiling stm32f10x_flash.c...
compiling stm32f10x_fsmc.c...
compiling stm32f10x_gpio.c...
compiling stm32f10x_i2c.c...
compiling stm32f10x_iwdg.c...
compiling stm32f10x_pwr.c...
compiling stm32f10x_rcc.c...
compiling stm32f10x_rtc.c...
compiling stm32f10x_sdio.c...
compiling stm32f10x_spi.c...
compiling stm32f10x_tim.c...
compiling stm32f10x_usart.c...
compiling stm32f10x_wwdg.c...
compiling delay.c...
compiling i2c.c...
compiling bsp_key.c...
compiling bsp_led.c...
compiling pwm.c...
compiling tim.c...
compiling usart.c...
compiling main.c...
compiling myconfig.c...
compiling stm32f10x_it.c...
compiling lcd.c...
linking...
Program Size: Code=14194 RO-data=4830 RW-data=84 ZI-data=1076  
FromELF: creating hex file...
"..\Output\AMKL.axf" - 0 Error(s), 0 Warning(s).
Load "..\\Output\\AMKL.axf" 
'E:\keil_473\ARM\BIN\coocox-agdi.dll' invalid peripheral driver
Error: Flash Download failed  -  E:\keil_473\ARM\BIN\coocox-agdi.dll
