<html>
<body>
<pre>
<h1>礦ision Build Log</h1>
<h2>Project:</h2>
C:\Users\liuhongming\OneDrive\桌面\练习-省赛题\第十二届省赛-停车计费系统\Project\amingkl.uvproj
Project File Date:  01/17/2022

<h2>Output:</h2>
Build target 'amingkl'
compiling main.c...
linking...
Program Size: Code=16014 RO-data=4830 RW-data=100 ZI-data=1308  
"..\Output\amingkl.axf" - 0 Error(s), 0 Warning(s).
</pre>
</body>
</html>
axf" 
Erasing Done.
Program Speed: 12.41 KByte/s
Programming Done.
g stm32f10x_dbgmcu.c...
compiling stm32f10x_dma.c...
compiling stm32f10x_exti.c...
compiling stm32f10x_flash.c...
compiling stm32f10x_fsmc.c...
compiling stm32f10x_gpio.c...
compiling stm32f10x_i2c.c...
compiling stm32f10x_iwdg.c...
compiling stm32f10x_pwr.c...
compiling stm32f10x_rcc.c...
compiling stm32f10x_rtc.c...
compiling stm32f10x_sdio.c...
compiling stm32f10x_spi.c...
compiling stm32f10x_tim.c...
compiling stm32f10x_usart.c...
compiling stm32f10x_wwdg.c...
compiling core_cm3.c...
compiling system_stm32f10x.c...
compiling main.c...
compiling stm32f10x_it.c...
compiling bsp_led.c...
compiling bsp_key.c...
compiling delay.c...
compiling usart.c...
compiling tim.c...
compiling pwm.c...
compiling bsp_xx.c...
compiling lcd.c...
linking...
Program Size: Code=16014 RO-data=4830 RW-data=96 ZI-data=1312  
"..\Output\amingkl.axf" - 0 Error(s), 0 Warning(s).
Load "..\\Output\\amingkl.axf" 
Erasing Done.
Program Speed: 12.41 KByte/s
Programming Done.
