ARM Linker, 5.03 [Build 76] [MDK-ARM Standard]

==============================================================================

Section Cross References

    startup_stm32f10x_md.o(RESET) refers to startup_stm32f10x_md.o(STACK) for __initial_sp
    startup_stm32f10x_md.o(RESET) refers to startup_stm32f10x_md.o(.text) for Reset_Handler
    startup_stm32f10x_md.o(RESET) refers to stm32f10x_it.o(.text) for NMI_Handler
    startup_stm32f10x_md.o(RESET) refers to delay.o(.text) for SysTick_Handler
    startup_stm32f10x_md.o(RESET) refers to main.o(.text) for TIM4_IRQHandler
    startup_stm32f10x_md.o(RESET) refers to usart.o(.text) for USART2_IRQHandler
    startup_stm32f10x_md.o(.text) refers to system_stm32f10x.o(.text) for SystemInit
    startup_stm32f10x_md.o(.text) refers to entry.o(.ARM.Collect$$$$00000000) for __main
    stm32f10x_adc.o(.text) refers to stm32f10x_rcc.o(.text) for RCC_APB2PeriphResetCmd
    stm32f10x_bkp.o(.text) refers to stm32f10x_rcc.o(.text) for RCC_BackupResetCmd
    stm32f10x_can.o(.text) refers to stm32f10x_rcc.o(.text) for RCC_APB1PeriphResetCmd
    stm32f10x_cec.o(.text) refers to stm32f10x_rcc.o(.text) for RCC_APB1PeriphResetCmd
    stm32f10x_dac.o(.text) refers to stm32f10x_rcc.o(.text) for RCC_APB1PeriphResetCmd
    stm32f10x_gpio.o(.text) refers to stm32f10x_rcc.o(.text) for RCC_APB2PeriphResetCmd
    stm32f10x_i2c.o(.text) refers to stm32f10x_rcc.o(.text) for RCC_APB1PeriphResetCmd
    stm32f10x_pwr.o(.text) refers to stm32f10x_rcc.o(.text) for RCC_APB1PeriphResetCmd
    stm32f10x_rcc.o(.text) refers to stm32f10x_rcc.o(.data) for APBAHBPrescTable
    stm32f10x_spi.o(.text) refers to stm32f10x_rcc.o(.text) for RCC_APB2PeriphResetCmd
    stm32f10x_tim.o(.text) refers to stm32f10x_rcc.o(.text) for RCC_APB2PeriphResetCmd
    stm32f10x_usart.o(.text) refers to stm32f10x_rcc.o(.text) for RCC_APB2PeriphResetCmd
    stm32f10x_wwdg.o(.text) refers to stm32f10x_rcc.o(.text) for RCC_APB1PeriphResetCmd
    system_stm32f10x.o(.text) refers to system_stm32f10x.o(.data) for SystemCoreClock
    main.o(.text) refers to fmul.o(.text) for __aeabi_fmul
    main.o(.text) refers to f2d.o(.text) for __aeabi_f2d
    main.o(.text) refers to printfa.o(i.__0printf) for __2printf
    main.o(.text) refers to bsp_led.o(.text) for LED_Control
    main.o(.text) refers to i2c.o(.text) for Write_eeprom
    main.o(.text) refers to delay.o(.text) for Delay_Ms
    main.o(.text) refers to ffixui.o(.text) for __aeabi_f2uiz
    main.o(.text) refers to cfcmple.o(.text) for __aeabi_cfcmpeq
    main.o(.text) refers to cdrcmple.o(.text) for __aeabi_cdrcmple
    main.o(.text) refers to dadd.o(.text) for __aeabi_dadd
    main.o(.text) refers to d2f.o(.text) for __aeabi_d2f
    main.o(.text) refers to main.o(.data) for send_billing_flag
    main.o(.text) refers to main.o(.bss) for System
    main.o(.text) refers to bsp_adc_key.o(.data) for Key
    main.o(.text) refers to cdcmple.o(.text) for __aeabi_cdcmple
    main.o(.text) refers to printfa.o(i.__0sprintf) for __2sprintf
    main.o(.text) refers to lcd.o(.text) for LCD_DisplayStringLine
    main.o(.text) refers to bsp_analogvoltage.o(.text) for Get_AnalogVoltage
    main.o(.text) refers to dfltui.o(.text) for __aeabi_ui2d
    main.o(.text) refers to dmul.o(.text) for __aeabi_dmul
    main.o(.text) refers to ddiv.o(.text) for __aeabi_ddiv
    main.o(.text) refers to fflti.o(.text) for __aeabi_i2f
    main.o(.text) refers to fdiv.o(.text) for __aeabi_fdiv
    main.o(.text) refers to misc.o(.text) for NVIC_PriorityGroupConfig
    main.o(.text) refers to tim.o(.text) for Tim4_Init
    main.o(.text) refers to usart.o(.text) for Usart2_Init
    main.o(.text) refers to bsp_adc.o(.text) for ADCx_Init
    main.o(.text) refers to stm32f10x_tim.o(.text) for TIM_GetITStatus
    main.o(.text) refers to bsp_adc_key.o(.text) for Key_Interrup
    bsp_led.o(.text) refers to stm32f10x_rcc.o(.text) for RCC_APB2PeriphClockCmd
    bsp_led.o(.text) refers to stm32f10x_gpio.o(.text) for GPIO_Init
    bsp_key.o(.text) refers to stm32f10x_rcc.o(.text) for RCC_APB2PeriphClockCmd
    bsp_key.o(.text) refers to stm32f10x_gpio.o(.text) for GPIO_Init
    bsp_key.o(.text) refers to bsp_key.o(.data) for key_state
    delay.o(.text) refers to system_stm32f10x.o(.data) for SystemCoreClock
    delay.o(.text) refers to delay.o(.data) for TimingDelay
    usart.o(.text) refers to stm32f10x_rcc.o(.text) for RCC_APB2PeriphClockCmd
    usart.o(.text) refers to stm32f10x_gpio.o(.text) for GPIO_Init
    usart.o(.text) refers to stm32f10x_usart.o(.text) for USART_Init
    usart.o(.text) refers to misc.o(.text) for NVIC_Init
    i2c.o(.text) refers to stm32f10x_gpio.o(.text) for GPIO_Init
    i2c.o(.text) refers to stm32f10x_rcc.o(.text) for RCC_APB2PeriphClockCmd
    tim.o(.text) refers to stm32f10x_rcc.o(.text) for RCC_APB1PeriphClockCmd
    tim.o(.text) refers to misc.o(.text) for NVIC_Init
    tim.o(.text) refers to stm32f10x_tim.o(.text) for TIM_TimeBaseInit
[...]
    printf4.o(i.__0printf$4) refers to usart.o(.text) for fputc
    printf4.o(i.__0printf$4) refers to stdout.o(.data) for __stdout
    printf4.o(i.__0snprintf$4) refers to printf4.o(i._printf_core) for _printf_core
    printf4.o(i.__0snprintf$4) refers to printf4.o(i._snputc) for _snputc
    printf4.o(i.__0sprintf$4) refers to printf4.o(i._printf_core) for _printf_core
    printf4.o(i.__0sprintf$4) refers to printf4.o(i._sputc) for _sputc
    printf4.o(i.__0vfprintf$4) refers to printf4.o(i._printf_core) for _printf_core
    printf4.o(i.__0vfprintf$4) refers to usart.o(.text) for fputc
    printf4.o(i.__0vprintf$4) refers to printf4.o(i._printf_core) for _printf_core
    printf4.o(i.__0vprintf$4) refers to usart.o(.text) for fputc
    printf4.o(i.__0vprintf$4) refers to stdout.o(.data) for __stdout
    printf4.o(i.__0vsnprintf$4) refers to printf4.o(i._printf_core) for _printf_core
    printf4.o(i.__0vsnprintf$4) refers to printf4.o(i._snputc) for _snputc
    printf4.o(i.__0vsprintf$4) refers to printf4.o(i._printf_core) for _printf_core
    printf4.o(i.__0vsprintf$4) refers to printf4.o(i._sputc) for _sputc
    printf4.o(i._printf_core) refers to uldiv.o(.text) for __aeabi_uldivmod
    printf5.o(i.__0fprintf$5) refers to printf5.o(i._printf_core) for _printf_core
    printf5.o(i.__0fprintf$5) refers to usart.o(.text) for fputc
    printf5.o(i.__0printf$5) refers to printf5.o(i._printf_core) for _printf_core
    printf5.o(i.__0printf$5) refers to usart.o(.text) for fputc
    printf5.o(i.__0printf$5) refers to stdout.o(.data) for __stdout
    printf5.o(i.__0snprintf$5) refers to printf5.o(i._printf_core) for _printf_core
    printf5.o(i.__0snprintf$5) refers to printf5.o(i._snputc) for _snputc
    printf5.o(i.__0sprintf$5) refers to printf5.o(i._printf_core) for _printf_core
    printf5.o(i.__0sprintf$5) refers to printf5.o(i._sputc) for _sputc
    printf5.o(i.__0vfprintf$5) refers to printf5.o(i._printf_core) for _printf_core
    printf5.o(i.__0vfprintf$5) refers to usart.o(.text) for fputc
    printf5.o(i.__0vprintf$5) refers to printf5.o(i._printf_core) for _printf_core
    printf5.o(i.__0vprintf$5) refers to usart.o(.text) for fputc
    printf5.o(i.__0vprintf$5) refers to stdout.o(.data) for __stdout
    printf5.o(i.__0vsnprintf$5) refers to printf5.o(i._printf_core) for _printf_core
    printf5.o(i.__0vsnprintf$5) refers to printf5.o(i._snputc) for _snputc
    printf5.o(i.__0vsprintf$5) refers to printf5.o(i._printf_core) for _printf_core
    printf5.o(i.__0vsprintf$5) refers to printf5.o(i._sputc) for _sputc
    printf5.o(i._printf_core) refers to uldiv.o(.text) for __aeabi_uldivmod
    printf6.o(i.__0fprintf$6) refers to printf6.o(i._printf_core) for _printf_core
    printf6.o(i.__0fprintf$6) refers to usart.o(.text) for fputc
    printf6.o(i.__0printf$6) refers to printf6.o(i._printf_core) for _printf_core
    printf6.o(i.__0printf$6) refers to usart.o(.text) for fputc
    printf6.o(i.__0printf$6) refers to stdout.o(.data) for __stdout
    printf6.o(i.__0snprintf$6) refers to printf6.o(i._printf_core) for _printf_core
    printf6.o(i.__0snprintf$6) refers to printf6.o(i._snputc) for _snputc
    printf6.o(i.__0sprintf$6) refers to printf6.o(i._printf_core) for _printf_core
    printf6.o(i.__0sprintf$6) refers to printf6.o(i._sputc) for _sputc
    printf6.o(i.__0vfprintf$6) refers to printf6.o(i._printf_core) for _printf_core
    printf6.o(i.__0vfprintf$6) refers to usart.o(.text) for fputc
    printf6.o(i.__0vprintf$6) refers to printf6.o(i._printf_core) for _printf_core
    printf6.o(i.__0vprintf$6) refers to usart.o(.text) for fputc
    printf6.o(i.__0vprintf$6) refers to stdout.o(.data) for __stdout
    printf6.o(i.__0vsnprintf$6) refers to printf6.o(i._printf_core) for _printf_core
    printf6.o(i.__0vsnprintf$6) refers to printf6.o(i._snputc) for _snputc
    printf6.o(i.__0vsprintf$6) refers to printf6.o(i._printf_core) for _printf_core
    printf6.o(i.__0vsprintf$6) refers to printf6.o(i._sputc) for _sputc
    printf6.o(i._printf_core) refers to printf6.o(i._printf_pre_padding) for _printf_pre_padding
    printf6.o(i._printf_core) refers to uidiv.o(.text) for __aeabi_uidivmod
    printf6.o(i._printf_core) refers to printf6.o(i._printf_post_padding) for _printf_post_padding
    printf7.o(i.__0fprintf$7) refers to printf7.o(i._printf_core) for _printf_core
    printf7.o(i.__0fprintf$7) refers to usart.o(.text) for fputc
    printf7.o(i.__0printf$7) refers to printf7.o(i._printf_core) for _printf_core
    printf7.o(i.__0printf$7) refers to usart.o(.text) for fputc
    printf7.o(i.__0printf$7) refers to stdout.o(.data) for __stdout
    printf7.o(i.__0snprintf$7) refers to printf7.o(i._printf_core) for _printf_core
    printf7.o(i.__0snprintf$7) refers to printf7.o(i._snputc) for _snputc
    printf7.o(i.__0sprintf$7) refers to printf7.o(i._printf_core) for _printf_core
    printf7.o(i.__0sprintf$7) refers to printf7.o(i._sputc) for _sputc
    printf7.o(i.__0vfprintf$7) refers to printf7.o(i._printf_core) for _printf_core
    printf7.o(i.__0vfprintf$7) refers to usart.o(.text) for fputc
    printf7.o(i.__0vprintf$7) refers to printf7.o(i._printf_core) for _printf_core
    printf7.o(i.__0vprintf$7) refers to usart.o(.text) for fputc
    printf7.o(i.__0vprintf$7) refers to stdout.o(.data) for __stdout
    printf7.o(i.__0vsnprintf$7) refers to printf7.o(i._printf_core) for _printf_core
    printf7.o(i.__0vsnprintf$7) refers to printf7.o(i._snputc) for _snputc
    printf7.o(i.__0vsprintf$7) refers to printf7.o(i._printf_core) for _printf_core
    printf7.o(i.__0vsprintf$7) refers to printf7.o(i._sputc) for _sputc
    printf7.o(i._printf_core) refers to printf7.o(i._printf_pre_padding) for _printf_pre_padding
    printf7.o(i._printf_core) refers to uldiv.o(.text) for __aeabi_uldivmod
    printf7.o(i._printf_core) refers to printf7.o(i._printf_post_padding) for _printf_post_padding
    printf8.o(i.__0fprintf$8) refers to printf8.o(i._printf_core) for _printf_core
    printf8.o(i.__0fprintf$8) refers to usart.o(.text) for fputc
    printf8.o(i.__0printf$8) refers to printf8.o(i._printf_core) for _printf_core
    printf8.o(i.__0printf$8) refers to usart.o(.text) for fputc
    printf8.o(i.__0printf$8) refers to stdout.o(.data) for __stdout
    printf8.o(i.__0snprintf$8) refers to printf8.o(i._printf_core) for _printf_core
    printf8.o(i.__0snprintf$8) refers to printf8.o(i._snputc) for _snputc
    printf8.o(i.__0sprintf$8) refers to printf8.o(i._printf_core) for _printf_core
    printf8.o(i.__0sprintf$8) refers to printf8.o(i._sputc) for _sputc
    printf8.o(i.__0vfprintf$8) refers to printf8.o(i._printf_core) for _printf_core
    printf8.o(i.__0vfprintf$8) refers to usart.o(.text) for fputc
    printf8.o(i.__0vprintf$8) refers to printf8.o(i._printf_core) for _printf_core
    printf8.o(i.__0vprintf$8) refers to usart.o(.text) for fputc
    printf8.o(i.__0vprintf$8) refers to stdout.o(.data) for __stdout
    printf8.o(i.__0vsnprintf$8) refers to printf8.o(i._printf_core) for _printf_core
    printf8.o(i.__0vsnprintf$8) refers to printf8.o(i._snputc) for _snputc
    printf8.o(i.__0vsprintf$8) refers to printf8.o(i._printf_core) for _printf_core
    printf8.o(i.__0vsprintf$8) refers to printf8.o(i._sputc) for _sputc
    printf8.o(i._printf_core) refers to printf8.o(i._printf_pre_padding) for _printf_pre_padding
    printf8.o(i._printf_core) refers to uldiv.o(.text) for __aeabi_uldivmod
    printf8.o(i._printf_core) refers to printf8.o(i._printf_post_padding) for _printf_post_padding
    printfa.o(i.__0fprintf) refers (Special) to iusefp.o(.text) for __I$use$fp
    printfa.o(i.__0fprintf) refers to printfa.o(i._printf_core) for _printf_core
    printfa.o(i.__0fprintf) refers to usart.o(.text) for fputc
    printfa.o(i.__0printf) refers (Special) to iusefp.o(.text) for __I$use$fp
    printfa.o(i.__0printf) refers to printfa.o(i._printf_core) for _printf_core
    printfa.o(i.__0printf) refers to usart.o(.text) for fputc
    printfa.o(i.__0printf) refers to stdout.o(.data) for __stdout
    printfa.o(i.__0snprintf) refers (Special) to iusefp.o(.text) for __I$use$fp
    printfa.o(i.__0snprintf) refers to printfa.o(i._printf_core) for _printf_core
    printfa.o(i.__0snprintf) refers to printfa.o(i._snputc) for _snputc
    printfa.o(i.__0sprintf) refers (Special) to iusefp.o(.text) for __I$use$fp
    printfa.o(i.__0sprintf) refers to printfa.o(i._printf_core) for _printf_core
    printfa.o(i.__0sprintf) refers to printfa.o(i._sputc) for _sputc
    printfa.o(i.__0vfprintf) refers (Special) to iusefp.o(.text) for __I$use$fp
    printfa.o(i.__0vfprintf) refers to printfa.o(i._printf_core) for _printf_core
    printfa.o(i.__0vfprintf) refers to usart.o(.text) for fputc
    printfa.o(i.__0vprintf) refers (Special) to iusefp.o(.text) for __I$use$fp
    printfa.o(i.__0vprintf) refers to printfa.o(i._printf_core) for _printf_core
    printfa.o(i.__0vprintf) refers to usart.o(.text) for fputc
    printfa.o(i.__0vprintf) refers to stdout.o(.data) for __stdout
    printfa.o(i.__0vsnprintf) refers (Special) to iusefp.o(.text) for __I$use$fp
    printfa.o(i.__0vsnprintf) refers to printfa.o(i._printf_core) for _printf_core
    printfa.o(i.__0vsnprintf) refers to printfa.o(i._snputc) for _snputc
    printfa.o(i.__0vsprintf) refers (Special) to iusefp.o(.text) for __I$use$fp
    printfa.o(i.__0vsprintf) refers to printfa.o(i._printf_core) for _printf_core
    printfa.o(i.__0vsprintf) refers to printfa.o(i._sputc) for _sputc
    printfa.o(i._fp_digits) refers (Special) to iusefp.o(.text) for __I$use$fp
    printfa.o(i._fp_digits) refers to dmul.o(.text) for __aeabi_dmul
    printfa.o(i._fp_digits) refers to ddiv.o(.text) for __aeabi_ddiv
    printfa.o(i._fp_digits) refers to cdrcmple.o(.text) for __aeabi_cdrcmple
    printfa.o(i._fp_digits) refers to dadd.o(.text) for __aeabi_dadd
    printfa.o(i._fp_digits) refers to dfixul.o(.text) for __aeabi_d2ulz
    printfa.o(i._fp_digits) refers to uldiv.o(.text) for __aeabi_uldivmod
    printfa.o(i._printf_core) refers (Special) to iusefp.o(.text) for __I$use$fp
    printfa.o(i._printf_core) refers to printfa.o(i._printf_pre_padding) for _printf_pre_padding
    printfa.o(i._printf_core) refers to uldiv.o(.text) for __aeabi_uldivmod
    printfa.o(i._printf_core) refers to printfa.o(i._printf_post_padding) for _printf_post_padding
    printfa.o(i._printf_core) refers to printfa.o(i._fp_digits) for _fp_digits
    printfa.o(i._printf_core) refers to uidiv.o(.text) for __aeabi_uidivmod
    printfa.o(i._printf_post_padding) refers (Special) to iusefp.o(.text) for __I$use$fp
    printfa.o(i._printf_pre_padding) refers (Special) to iusefp.o(.text) for __I$use$fp
    printfa.o(i._snputc) refers (Special) to iusefp.o(.text) for __I$use$fp
    printfa.o(i._sputc) refers (Special) to iusefp.o(.text) for __I$use$fp
    fmul.o(.text) refers (Special) to iusefp.o(.text) for __I$use$fp
    fdiv.o(.text) refers (Special) to iusefp.o(.text) for __I$use$fp
    fdiv.o(.text) refers to fepilogue.o(.text) for _float_round
    dadd.o(.text) refers (Special) to iusefp.o(.text) for __I$use$fp
    dadd.o(.text) refers to llshl.o(.text) for __aeabi_llsl
    dadd.o(.text) refers to llsshr.o(.text) for __aeabi_lasr
    dadd.o(.text) refers to depilogue.o(.text) for _double_epilogue
    dmul.o(.text) refers (Special) to iusefp.o(.text) for __I$use$fp
    dmul.o(.text) refers to depilogue.o(.text) for _double_epilogue
    ddiv.o(.text) refers (Special) to iusefp.o(.text) for __I$use$fp
    ddiv.o(.text) refers to depilogue.o(.text) for _double_round
    fflti.o(.text) refers (Special) to iusefp.o(.text) for __I$use$fp
    fflti.o(.text) refers to fepilogue.o(.text) for _float_epilogue
    dfltui.o(.text) refers (Special) to iusefp.o(.text) for __I$use$fp
    dfltui.o(.text) refers to depilogue.o(.text) for _double_epilogue
    ffixui.o(.text) refers (Special) to iusefp.o(.text) for __I$use$fp
    f2d.o(.text) refers (Special) to iusefp.o(.text) for __I$use$fp
    cdcmple.o(.text) refers (Special) to iusefp.o(.text) for __I$use$fp
    cdrcmple.o(.text) refers (Special) to iusefp.o(.text) for __I$use$fp
    d2f.o(.text) refers (Special) to iusefp.o(.text) for __I$use$fp
    d2f.o(.text) refers to fepilogue.o(.text) for _float_round
    cfcmple.o(.text) refers (Special) to iusefp.o(.text) for __I$use$fp
    entry2.o(.ARM.Collect$$$$00000001) refers to entry2.o(.ARM.Collect$$$$00002712) for __lit__00000000
    entry2.o(.ARM.Collect$$$$00002712) refers to startup_stm32f10x_md.o(STACK) for __initial_sp
    entry2.o(__vectab_stack_and_reset_area) refers to startup_stm32f10x_md.o(STACK) for __initial_sp
    entry2.o(__vectab_stack_and_reset_area) refers to entry.o(.ARM.Collect$$$$00000000) for __main
    entry5.o(.ARM.Collect$$$$00000004) refers to init.o(.text) for __scatterload
    entry9a.o(.ARM.Collect$$$$0000000B) refers to main.o(.text) for main
    entry9b.o(.ARM.Collect$$$$0000000C) refers to main.o(.text) for main
    uldiv.o(.text) refers to llushr.o(.text) for __aeabi_llsr
    uldiv.o(.text) refers to llshl.o(.text) for __aeabi_llsl
    depilogue.o(.text) refers to llshl.o(.text) for __aeabi_llsl
    depilogue.o(.text) refers to llushr.o(.text) for __aeabi_llsr
    dfixul.o(.text) refers to llushr.o(.text) for __aeabi_llsr
    dfixul.o(.text) refers to llshl.o(.text) for __aeabi_llsl
    init.o(.text) refers to entry5.o(.ARM.Collect$$$$00000004) for __main_after_scatterload


==============================================================================

Removing Unused input sections from the image.

    Removing startup_stm32f10x_md.o(HEAP), (512 bytes).
    Removing stm32f10x_bkp.o(.text), (196 bytes).
    Removing stm32f10x_can.o(.text), (2540 bytes).
    Removing stm32f10x_cec.o(.text), (288 bytes).
    Removing stm32f10x_crc.o(.text), (72 bytes).
    Removing stm32f10x_dac.o(.text), (396 bytes).
    Removing stm32f10x_dbgmcu.o(.text), (48 bytes).
    Removing stm32f10x_exti.o(.text), (284 bytes).
    Removing stm32f10x_flash.o(.text), (1468 bytes).
    Removing stm32f10x_fsmc.o(.text), (1560 bytes).
    Removing stm32f10x_i2c.o(.text), (1028 bytes).
    Removing stm32f10x_iwdg.o(.text), (64 bytes).
    Removing stm32f10x_pwr.o(.text), (204 bytes).
    Removing stm32f10x_rtc.o(.text), (324 bytes).
    Removing stm32f10x_sdio.o(.text), (472 bytes).
    Removing stm32f10x_spi.o(.text), (780 bytes).
    Removing stm32f10x_wwdg.o(.text), (136 bytes).
    Removing core_cm3.o(.emb_text), (32 bytes).
    Removing bsp_key.o(.text), (168 bytes).
    Removing bsp_key.o(.data), (3 bytes).

20 unused section(s) (total 10575 bytes) removed from the image.

==============================================================================

Image Symbol Table

    Local Symbols

    Symbol Name                              Value     Ov Type        Size  Object(Section)

    ../clib/microlib/division.c              0x00000000   Number         0  uldiv.o ABSOLUTE
    ../clib/microlib/division.c              0x00000000   Number         0  uidiv.o ABSOLUTE
    ../clib/microlib/init/entry.s            0x00000000   Number         0  entry8b.o ABSOLUTE
    ../clib/microlib/init/entry.s            0x00000000   Number         0  entry8a.o ABSOLUTE
    ../clib/microlib/init/entry.s            0x00000000   Number         0  entry7b.o ABSOLUTE
    ../clib/microlib/init/entry.s            0x00000000   Number         0  entry2.o ABSOLUTE
    ../clib/microlib/init/entry.s            0x00000000   Number         0  entry7a.o ABSOLUTE
    ../clib/microlib/init/entry.s            0x00000000   Number         0  entry5.o ABSOLUTE
    ../clib/microlib/init/entry.s            0x00000000   Number         0  entry.o ABSOLUTE
    ../clib/microlib/init/entry.s            0x00000000   Number         0  entry11b.o ABSOLUTE
    ../clib/microlib/init/entry.s            0x00000000   Number         0  entry11a.o ABSOLUTE
    ../clib/microlib/init/entry.s            0x00000000   Number         0  entry10b.o ABSOLUTE
    ../clib/microlib/init/entry.s            0x00000000   Number         0  entry10a.o ABSOLUTE
    ../clib/microlib/init/entry.s            0x00000000   Number         0  entry9b.o ABSOLUTE
    ../clib/microlib/init/entry.s            0x00000000   Number         0  entry9a.o ABSOLUTE
    ../clib/microlib/longlong.c              0x00000000   Number         0  llushr.o ABSOLUTE
    ../clib/microlib/longlong.c              0x00000000   Number         0  llsshr.o ABSOLUTE
    ../clib/microlib/longlong.c              0x00000000   Number         0  llshl.o ABSOLUTE
    ../clib/microlib/printf/printf.c         0x00000000   Number         0  printfb.o ABSOLUTE
    ../clib/microlib/printf/printf.c         0x00000000   Number         0  printf0.o ABSOLUTE
    ../clib/microlib/printf/printf.c         0x00000000   Number         0  printf6.o ABSOLUTE
    ../clib/microlib/printf/printf.c         0x00000000   Number         0  printf5.o ABSOLUTE
    ../clib/microlib/printf/printf.c         0x00000000   Number         0  printf4.o ABSOLUTE
    ../clib/microlib/printf/printf.c         0x00000000   Number         0  printf2.o ABSOLUTE
    ../clib/microlib/printf/printf.c         0x00000000   Number         0  printf1.o ABSOLUTE
    ../clib/microlib/printf/printf.c         0x00000000   Number         0  printf7.o ABSOLUTE
    ../clib/microlib/printf/printf.c         0x00000000   Number         0  printfa.o ABSOLUTE
    ../clib/microlib/printf/printf.c         0x00000000   Number         0  printf8.o ABSOLUTE
    ../clib/microlib/printf/printf.c         0x00000000   Number         0  printf3.o ABSOLUTE
    ../clib/microlib/printf/stubs.s          0x00000000   Number         0  stubs.o ABSOLUTE
    ../clib/microlib/stdio/streams.c         0x00000000   Number         0  stdout.o ABSOLUTE
    ../clib/microlib/stubs.s                 0x00000000   Number         0  iusefp.o ABSOLUTE
    ../fplib/microlib/d2f.c                  0x00000000   Number         0  d2f.o ABSOLUTE
    ../fplib/microlib/f2d.c                  0x00000000   Number         0  f2d.o ABSOLUTE
    ../fplib/microlib/fpadd.c                0x00000000   Number         0  dadd.o ABSOLUTE
    ../fplib/microlib/fpdiv.c                0x00000000   Number         0  fdiv.o ABSOLUTE
    ../fplib/microlib/fpdiv.c                0x00000000   Number         0  ddiv.o ABSOLUTE
    ../fplib/microlib/fpepilogue.c           0x00000000   Number         0  fepilogue.o ABSOLUTE
    ../fplib/microlib/fpepilogue.c           0x00000000   Number         0  depilogue.o ABSOLUTE
    ../fplib/microlib/fpfix.c                0x00000000   Number         0  dfixul.o ABSOLUTE
    ../fplib/microlib/fpfix.c                0x00000000   Number         0  ffixui.o ABSOLUTE
    ../fplib/microlib/fpflt.c                0x00000000   Number         0  dfltui.o ABSOLUTE
    ../fplib/microlib/fpflt.c                0x00000000   Number         0  fflti.o ABSOLUTE
    ../fplib/microlib/fpmul.c                0x00000000   Number         0  dmul.o ABSOLUTE
    ../fplib/microlib/fpmul.c                0x00000000   Number         0  fmul.o ABSOLUTE
    ..\DOC\bsp_xx.c                          0x00000000   Number         0  bsp_xx.o ABSOLUTE
    ..\Hardware\ADC\bsp_adc.c                0x00000000   Number         0  bsp_adc.o ABSOLUTE
    ..\Hardware\ADC_AnalogVoltage\bsp_AnalogVoltage.c 0x00000000   Number         0  bsp_analogvoltage.o ABSOLUTE
    ..\Hardware\ADC_KEY\bsp_adc_key.c        0x00000000   Number         0  bsp_adc_key.o ABSOLUTE
    ..\Hardware\DELAY\delay.c                0x00000000   Number         0  delay.o ABSOLUTE
    ..\Hardware\IIC\i2c.c                    0x00000000   Number         0  i2c.o ABSOLUTE
    ..\Hardware\KEY\bsp_key.c                0x00000000   Number         0  bsp_key.o ABSOLUTE
    ..\Hardware\LCD\lcd.c                    0x00000000   Number         0  lcd.o ABSOLUTE
    ..\Hardware\LED\bsp_led.c                0x00000000   Number         0  bsp_led.o ABSOLUTE
    ..\Hardware\TIM\tim.c                    0x00000000   Number         0  tim.o ABSOLUTE
    ..\Hardware\USART\usart.c                0x00000000   Number         0  usart.o ABSOLUTE
    ..\Libraries\CMSIS\core_cm3.c            0x00000000   Number         0  core_cm3.o ABSOLUTE
    ..\Libraries\CMSIS\system_stm32f10x.c    0x00000000   Number         0  system_stm32f10x.o ABSOLUTE
    ..\Libraries\STM32F10x_StdPeriph_Driver\src\misc.c 0x00000000   Number         0  misc.o ABSOLUTE
    ..\Libraries\STM32F10x_StdPeriph_Driver\src\stm32f10x_adc.c 0x00000000   Number         0  stm32f10x_adc.o ABSOLUTE
    ..\Libraries\STM32F10x_StdPeriph_Driver\src\stm32f10x_bkp.c 0x00000000   Number         0  stm32f10x_bkp.o ABSOLUTE
    ..\Libraries\STM32F10x_StdPeriph_Driver\src\stm32f10x_can.c 0x00000000   Number         0  stm32f10x_can.o ABSOLUTE
    ..\Libraries\STM32F10x_StdPeriph_Driver\src\stm32f10x_cec.c 0x00000000   Number         0  stm32f10x_cec.o ABSOLUTE
    ..\Libraries\STM32F10x_StdPeriph_Driver\src\stm32f10x_crc.c 0x00000000   Number         0  stm32f10x_crc.o ABSOLUTE
    ..\Libraries\STM32F10x_StdPeriph_Driver\src\stm32f10x_dac.c 0x00000000   Number         0  stm32f10x_dac.o ABSOLUTE
    ..\Libraries\STM32F10x_StdPeriph_Driver\src\stm32f10x_dbgmcu.c 0x00000000   Number         0  stm32f10x_dbgmcu.o ABSOLUTE
    ..\Libraries\STM32F10x_StdPeriph_Driver\src\stm32f10x_dma.c 0x00000000   Number         0  stm32f10x_dma.o ABSOLUTE
    ..\Libraries\STM32F10x_StdPeriph_Driver\src\stm32f10x_exti.c 0x00000000   Number         0  stm32f10x_exti.o ABSOLUTE
    ..\Libraries\STM32F10x_StdPeriph_Driver\src\stm32f10x_flash.c 0x00000000   Number         0  stm32f10x_flash.o ABSOLUTE
    ..\Libraries\STM32F10x_StdPeriph_Driver\src\stm32f10x_fsmc.c 0x00000000   Number         0  stm32f10x_fsmc.o ABSOLUTE
    ..\Libraries\STM32F10x_StdPeriph_Driver\src\stm32f10x_gpio.c 0x00000000   Number         0  stm32f10x_gpio.o ABSOLUTE
    ..\Libraries\STM32F10x_StdPeriph_Driver\src\stm32f10x_i2c.c 0x00000000   Number         0  stm32f10x_i2c.o ABSOLUTE
    ..\Libraries\STM32F10x_StdPeriph_Driver\src\stm32f10x_iwdg.c 0x00000000   Number         0  stm32f10x_iwdg.o ABSOLUTE
    ..\Libraries\STM32F10x_StdPeriph_Driver\src\stm32f10x_pwr.c 0x00000000   Number         0  stm32f10x_pwr.o ABSOLUTE
    ..\Libraries\STM32F10x_StdPeriph_Driver\src\stm32f10x_rcc.c 0x00000000   Number         0  stm32f10x_rcc.o ABSOLUTE
    ..\Libraries\STM32F10x_StdPeriph_Driver\src\stm32f10x_rtc.c 0x00000000   Number         0  stm32f10x_rtc.o ABSOLUTE
    ..\Libraries\STM32F10x_StdPeriph_Driver\src\stm32f10x_sdio.c 0x00000000   Number         0  stm32f10x_sdio.o ABSOLUTE
    ..\Libraries\STM32F10x_StdPeriph_Driver\src\stm32f10x_spi.c 0x00000000   Number         0  stm32f10x_spi.o ABSOLUTE
    ..\Libraries\STM32F10x_StdPeriph_Driver\src\stm32f10x_tim.c 0x00000000   Number         0  stm32f10x_tim.o ABSOLUTE
    ..\Libraries\STM32F10x_StdPeriph_Driver\src\stm32f10x_usart.c 0x00000000   Number         0  stm32f10x_usart.o ABSOLUTE
    ..\Libraries\STM32F10x_StdPeriph_Driver\src\stm32f10x_wwdg.c 0x00000000   Number         0  stm32f10x_wwdg.o ABSOLUTE
    ..\Users\main.c                          0x00000000   Number         0  main.o ABSOLUTE
    ..\Users\stm32f10x_it.c                  0x00000000   Number         0  stm32f10x_it.o ABSOLUTE
    ..\\Libraries\\CMSIS\\core_cm3.c         0x00000000   Number         0  core_cm3.o ABSOLUTE
    cdcmple.s                                0x00000000   Number         0  cdcmple.o ABSOLUTE
    cdrcmple.s                               0x00000000   Number         0  cdrcmple.o ABSOLUTE
    cfcmple.s                                0x00000000   Number         0  cfcmple.o ABSOLUTE
    dc.s                                     0x00000000   Number         0  dc.o ABSOLUTE
    handlers.s                               0x00000000   Number         0  handlers.o ABSOLUTE
    init.s                                   0x00000000   Number         0  init.o ABSOLUTE
    startup_stm32f10x_md.s                   0x00000000   Number         0  startup_stm32f10x_md.o ABSOLUTE
    RESET                                    0x08000000   Section      236  startup_stm32f10x_md.o(RESET)
    .ARM.Collect$$$$00000000                 0x080000ec   Section        0  entry.o(.ARM.Collect$$$$00000000)
    .ARM.Collect$$$$00000001                 0x080000ec   Section        4  entry2.o(.ARM.Collect$$$$00000001)
    .ARM.Collect$$$$00000004                 0x080000f0   Section        4  entry5.o(.ARM.Collect$$$$00000004)
    .ARM.Collect$$$$00000008                 0x080000f4   Section        0  entry7b.o(.ARM.Collect$$$$00000008)
    .ARM.Collect$$$$0000000A                 0x080000f4   Section        0  entry8b.o(.ARM.Collect$$$$0000000A)
    .ARM.Collect$$$$0000000B                 0x080000f4   Section        8  entry9a.o(.ARM.Collect$$$$0000000B)
    .ARM.Collect$$$$0000000D                 0x080000fc   Section        0  entry10a.o(.ARM.Collect$$$$0000000D)
    .ARM.Collect$$$$0000000F                 0x080000fc   Section        0  entry11a.o(.ARM.Collect$$$$0000000F)
    .ARM.Collect$$$$00002712                 0x080000fc   Section        4  entry2.o(.ARM.Collect$$$$00002712)
    __lit__00000000                          0x080000fc   Data           4  entry2.o(.ARM.Collect$$$$00002712)
    .text                                    0x08000100   Section       36  startup_stm32f10x_md.o(.text)
    .text                                    0x08000124   Section        0  misc.o(.text)
    .text                                    0x08000200   Section        0  stm32f10x_adc.o(.text)
    .text                                    0x08000650   Section        0  stm32f10x_dma.o(.text)
    .text                                    0x080008a0   Section        0  stm32f10x_gpio.o(.text)
    .text                                    0x08000bf8   Section        0  stm32f10x_rcc.o(.text)
    .text                                    0x08000f9c   Section        0  stm32f10x_tim.o(.text)
    TI4_Config                               0x08001443   Thumb Code   130  stm32f10x_tim.o(.text)
    TI3_Config                               0x080014d7   Thumb Code   122  stm32f10x_tim.o(.text)
    TI2_Config                               0x0800156b   Thumb Code   130  stm32f10x_tim.o(.text)
    TI1_Config                               0x080015ff   Thumb Code   108  stm32f10x_tim.o(.text)
    .text                                    0x08001db8   Section        0  stm32f10x_usart.o(.text)
    .text                                    0x080021c0   Section        0  system_stm32f10x.o(.text)
    SetSysClockTo72                          0x080021c1   Thumb Code   212  system_stm32f10x.o(.text)
    SetSysClock                              0x08002295   Thumb Code     8  system_stm32f10x.o(.text)
    .text                                    0x0800239c   Section        0  main.o(.text)
    .text                                    0x08003218   Section        0  stm32f10x_it.o(.text)
    .text                                    0x08003230   Section        0  bsp_led.o(.text)
    .text                                    0x080032f8   Section        0  delay.o(.text)
    .text                                    0x08003388   Section        0  usart.o(.text)
    .text                                    0x080034a4   Section        0  i2c.o(.text)
    .text                                    0x080037a4   Section        0  tim.o(.text)
    .text                                    0x08003808   Section        0  bsp_adc.o(.text)
    ADCx_GPIO_Config                         0x08003809   Thumb Code    32  bsp_adc.o(.text)
    ADCx_DMA_Config                          0x08003829   Thumb Code    82  bsp_adc.o(.text)
    ADCx_Mode_Config                         0x0800387b   Thumb Code   166  bsp_adc.o(.text)
    .text                                    0x08003940   Section        0  bsp_adc_key.o(.text)
    .text                                    0x08003af4   Section        0  bsp_analogvoltage.o(.text)
    .text                                    0x08003b84   Section        0  lcd.o(.text)
    .text                                    0x080045e0   Section        0  fmul.o(.text)
    .text                                    0x0800464c   Section        0  fdiv.o(.text)
    .text                                    0x080046cc   Section        0  dadd.o(.text)
    .text                                    0x0800481a   Section        0  dmul.o(.text)
    .text                                    0x080048fe   Section        0  ddiv.o(.text)
    .text                                    0x080049dc   Section        0  fflti.o(.text)
    .text                                    0x080049ee   Section        0  dfltui.o(.text)
    .text                                    0x08004a08   Section        0  ffixui.o(.text)
    .text                                    0x08004a30   Section        0  f2d.o(.text)
    .text                                    0x08004a58   Section       40  cdcmple.o(.text)
    .text                                    0x08004a80   Section       40  cdrcmple.o(.text)
    .text                                    0x08004aa8   Section        0  d2f.o(.text)
    .text                                    0x08004ae0   Section       20  cfcmple.o(.text)
    .text                                    0x08004af4   Section        0  uidiv.o(.text)
    .text                                    0x08004b20   Section        0  uldiv.o(.text)
    .text                                    0x08004b82   Section        0  llshl.o(.text)
    .text                                    0x08004ba0   Section        0  llsshr.o(.text)
    .text                                    0x08004bc4   Section        0  iusefp.o(.text)
    .text                                    0x08004bc4   Section        0  fepilogue.o(.text)
    .text                                    0x08004c30   Section        0  depilogue.o(.text)
    .text                                    0x08004cee   Section        0  dfixul.o(.text)
    .text                                    0x08004d20   Section       36  init.o(.text)
    .text                                    0x08004d44   Section        0  llushr.o(.text)
    i.__0printf                              0x08004d64   Section        0  printfa.o(i.__0printf)
    i.__0sprintf                             0x08004d84   Section        0  printfa.o(i.__0sprintf)
    i.__scatterload_copy                     0x08004dac   Section       14  handlers.o(i.__scatterload_copy)
    i.__scatterload_null                     0x08004dba   Section        2  handlers.o(i.__scatterload_null)
    i.__scatterload_zeroinit                 0x08004dbc   Section       14  handlers.o(i.__scatterload_zeroinit)
    i._fp_digits                             0x08004dcc   Section        0  printfa.o(i._fp_digits)
    _fp_digits                               0x08004dcd   Thumb Code   326  printfa.o(i._fp_digits)
    i._printf_core                           0x08004f28   Section        0  printfa.o(i._printf_core)
    _printf_core                             0x08004f29   Thumb Code  1762  printfa.o(i._printf_core)
    i._printf_post_padding                   0x08005618   Section        0  printfa.o(i._printf_post_padding)
    _printf_post_padding                     0x08005619   Thumb Code    38  printfa.o(i._printf_post_padding)
    i._printf_pre_padding                    0x0800563e   Section        0  printfa.o(i._printf_pre_padding)
    _printf_pre_padding                      0x0800563f   Thumb Code    48  printfa.o(i._printf_pre_padding)
    i._sputc                                 0x0800566e   Section        0  printfa.o(i._sputc)
    _sputc                                   0x0800566f   Thumb Code    10  printfa.o(i._sputc)
    .constdata                               0x08005678   Section     4560  lcd.o(.constdata)
    .data                                    0x20000000   Section       20  stm32f10x_rcc.o(.data)
    APBAHBPrescTable                         0x20000000   Data          16  stm32f10x_rcc.o(.data)
    ADCPrescTable                            0x20000010   Data           4  stm32f10x_rcc.o(.data)
    .data                                    0x20000014   Section       20  system_stm32f10x.o(.data)
    .data                                    0x20000028   Section       36  main.o(.data)
    adc_cnt                                  0x2000002c   Data           2  main.o(.data)
    lcd_cnt                                  0x2000002e   Data           2  main.o(.data)
    adc_ket_cnt                              0x20000030   Data           2  main.o(.data)
    led1_cnt                                 0x20000032   Data           2  main.o(.data)
    led2_cnt                                 0x20000034   Data           2  main.o(.data)
    .data                                    0x2000004c   Section        4  delay.o(.data)
    .data                                    0x20000050   Section        4  bsp_adc.o(.data)
    .data                                    0x20000054   Section       19  bsp_adc_key.o(.data)
    .data                                    0x20000068   Section        6  lcd.o(.data)
    TextColor                                0x20000068   Data           2  lcd.o(.data)
    BackColor                                0x2000006a   Data           2  lcd.o(.data)
    .data                                    0x20000070   Section        4  stdout.o(.data)
    .bss                                     0x20000074   Section       48  main.o(.bss)
    STACK                                    0x200000a8   Section     1024  startup_stm32f10x_md.o(STACK)

    Global Symbols

    Symbol Name                              Value     Ov Type        Size  Object(Section)

    BuildAttributes$$THM_ISAv4$P$D$K$B$S$PE$A:L22UL41UL21$X:L11$S22US41US21$IEEE1$IW$USESV6$~STKCKD$USESV7$~SHL$OTIME$ROPI$EBA8$MICROLIB$REQ8$PRES8$EABIv2 0x00000000   Number         0  anon$$obj.o ABSOLUTE
    __ARM_use_no_argv                        0x00000000   Number         0  main.o ABSOLUTE
    _printf_a                                0x00000000   Number         0  stubs.o ABSOLUTE
    _printf_c                                0x00000000   Number         0  stubs.o ABSOLUTE
    _printf_charcount                        0x00000000   Number         0  stubs.o ABSOLUTE
    _printf_d                                0x00000000   Number         0  stubs.o ABSOLUTE
    _printf_e                                0x00000000   Number         0  stubs.o ABSOLUTE
    _printf_f                                0x00000000   Number         0  stubs.o ABSOLUTE
    _printf_flags                            0x00000000   Number         0  stubs.o ABSOLUTE
    _printf_fp_dec                           0x00000000   Number         0  stubs.o ABSOLUTE
    _printf_fp_hex                           0x00000000   Number         0  stubs.o ABSOLUTE
    _printf_g                                0x00000000   Number         0  stubs.o ABSOLUTE
    _printf_i                                0x00000000   Number         0  stubs.o ABSOLUTE
    _printf_int_dec                          0x00000000   Number         0  stubs.o ABSOLUTE
    _printf_l                                0x00000000   Number         0  stubs.o ABSOLUTE
    _printf_lc                               0x00000000   Number         0  stubs.o ABSOLUTE
    _printf_ll                               0x00000000   Number         0  stubs.o ABSOLUTE
    _printf_lld                              0x00000000   Number         0  stubs.o ABSOLUTE
    _printf_lli                              0x00000000   Number         0  stubs.o ABSOLUTE
    _printf_llo                              0x00000000   Number         0  stubs.o ABSOLUTE
    _printf_llu                              0x00000000   Number         0  stubs.o ABSOLUTE
    _printf_llx                              0x00000000   Number         0  stubs.o ABSOLUTE
    _printf_longlong_dec                     0x00000000   Number         0  stubs.o ABSOLUTE
    _printf_longlong_hex                     0x00000000   Number         0  stubs.o ABSOLUTE
    _printf_longlong_oct                     0x00000000   Number         0  stubs.o ABSOLUTE
    _printf_ls                               0x00000000   Number         0  stubs.o ABSOLUTE
    _printf_mbtowc                           0x00000000   Number         0  stubs.o ABSOLUTE
    _printf_n                                0x00000000   Number         0  stubs.o ABSOLUTE
    _printf_o                                0x00000000   Number         0  stubs.o ABSOLUTE
    _printf_p                                0x00000000   Number         0  stubs.o ABSOLUTE
    _printf_percent                          0x00000000   Number         0  stubs.o ABSOLUTE
    _printf_pre_padding                      0x00000000   Number         0  stubs.o ABSOLUTE
    _printf_return_value                     0x00000000   Number         0  stubs.o ABSOLUTE
    _printf_s                                0x00000000   Number         0  stubs.o ABSOLUTE
    _printf_sizespec                         0x00000000   Number         0  stubs.o ABSOLUTE
    _printf_str                              0x00000000   Number         0  stubs.o ABSOLUTE
    _printf_truncate_signed                  0x00000000   Number         0  stubs.o ABSOLUTE
    _printf_truncate_unsigned                0x00000000   Number         0  stubs.o ABSOLUTE
    _printf_u                                0x00000000   Number         0  stubs.o ABSOLUTE
    _printf_wc                               0x00000000   Number         0  stubs.o ABSOLUTE
    _printf_wctomb                           0x00000000   Number         0  stubs.o ABSOLUTE
    _printf_widthprec                        0x00000000   Number         0  stubs.o ABSOLUTE
    _printf_x                                0x00000000   Number         0  stubs.o ABSOLUTE
    __cpp_initialize__aeabi_                  - Undefined Weak Reference
    __cxa_finalize                            - Undefined Weak Reference
    __decompress                              - Undefined Weak Reference
    _clock_init                               - Undefined Weak Reference
    _microlib_exit                            - Undefined Weak Reference
    __Vectors_Size                           0x000000ec   Number         0  startup_stm32f10x_md.o ABSOLUTE
    __Vectors                                0x08000000   Data           4  startup_stm32f10x_md.o(RESET)
    __Vectors_End                            0x080000ec   Data           0  startup_stm32f10x_md.o(RESET)
    __main                                   0x080000ed   Thumb Code     0  entry.o(.ARM.Collect$$$$00000000)
    _main_stk                                0x080000ed   Thumb Code     0  entry2.o(.ARM.Collect$$$$00000001)
    _main_scatterload                        0x080000f1   Thumb Code     0  entry5.o(.ARM.Collect$$$$00000004)
    __main_after_scatterload                 0x080000f5   Thumb Code     0  entry5.o(.ARM.Collect$$$$00000004)
    _main_clock                              0x080000f5   Thumb Code     0  entry7b.o(.ARM.Collect$$$$00000008)
    _main_cpp_init                           0x080000f5   Thumb Code     0  entry8b.o(.ARM.Collect$$$$0000000A)
    _main_init                               0x080000f5   Thumb Code     0  entry9a.o(.ARM.Collect$$$$0000000B)
    __rt_final_cpp                           0x080000fd   Thumb Code     0  entry10a.o(.ARM.Collect$$$$0000000D)
    __rt_final_exit                          0x080000fd   Thumb Code     0  entry11a.o(.ARM.Collect$$$$0000000F)
    Reset_Handler                            0x08000101   Thumb Code     8  startup_stm32f10x_md.o(.text)
    ADC1_2_IRQHandler                        0x0800011b   Thumb Code     0  startup_stm32f10x_md.o(.text)
    CAN1_RX1_IRQHandler                      0x0800011b   Thumb Code     0  startup_stm32f10x_md.o(.text)
    CAN1_SCE_IRQHandler                      0x0800011b   Thumb Code     0  startup_stm32f10x_md.o(.text)
    DMA1_Channel1_IRQHandler                 0x0800011b   Thumb Code     0  startup_stm32f10x_md.o(.text)
    DMA1_Channel2_IRQHandler                 0x0800011b   Thumb Code     0  startup_stm32f10x_md.o(.text)
    DMA1_Channel3_IRQHandler                 0x0800011b   Thumb Code     0  startup_stm32f10x_md.o(.text)
    DMA1_Channel4_IRQHandler                 0x0800011b   Thumb Code     0  startup_stm32f10x_md.o(.text)
    DMA1_Channel5_IRQHandler                 0x0800011b   Thumb Code     0  startup_stm32f10x_md.o(.text)
    DMA1_Channel6_IRQHandler                 0x0800011b   Thumb Code     0  startup_stm32f10x_md.o(.text)
    DMA1_Channel7_IRQHandler                 0x0800011b   Thumb Code     0  startup_stm32f10x_md.o(.text)
    EXTI0_IRQHandler                         0x0800011b   Thumb Code     0  startup_stm32f10x_md.o(.text)
    EXTI15_10_IRQHandler                     0x0800011b   Thumb Code     0  startup_stm32f10x_md.o(.text)
    EXTI1_IRQHandler                         0x0800011b   Thumb Code     0  startup_stm32f10x_md.o(.text)
    EXTI2_IRQHandler                         0x0800011b   Thumb Code     0  startup_stm32f10x_md.o(.text)
    EXTI3_IRQHandler                         0x0800011b   Thumb Code     0  startup_stm32f10x_md.o(.text)
    EXTI4_IRQHandler                         0x0800011b   Thumb Code     0  startup_stm32f10x_md.o(.text)
    EXTI9_5_IRQHandler                       0x0800011b   Thumb Code     0  startup_stm32f10x_md.o(.text)
    FLASH_IRQHandler                         0x0800011b   Thumb Code     0  startup_stm32f10x_md.o(.text)
    I2C1_ER_IRQHandler                       0x0800011b   Thumb Code     0  startup_stm32f10x_md.o(.text)
    I2C1_EV_IRQHandler                       0x0800011b   Thumb Code     0  startup_stm32f10x_md.o(.text)
    I2C2_ER_IRQHandler                       0x0800011b   Thumb Code     0  startup_stm32f10x_md.o(.text)
    I2C2_EV_IRQHandler                       0x0800011b   Thumb Code     0  startup_stm32f10x_md.o(.text)
    PVD_IRQHandler                           0x0800011b   Thumb Code     0  startup_stm32f10x_md.o(.text)
    RCC_IRQHandler                           0x0800011b   Thumb Code     0  startup_stm32f10x_md.o(.text)
    RTCAlarm_IRQHandler                      0x0800011b   Thumb Code     0  startup_stm32f10x_md.o(.text)
    RTC_IRQHandler                           0x0800011b   Thumb Code     0  startup_stm32f10x_md.o(.text)
    SPI1_IRQHandler                          0x0800011b   Thumb Code     0  startup_stm32f10x_md.o(.text)
    SPI2_IRQHandler                          0x0800011b   Thumb Code     0  startup_stm32f10x_md.o(.text)
    TAMPER_IRQHandler                        0x0800011b   Thumb Code     0  startup_stm32f10x_md.o(.text)
    TIM1_BRK_IRQHandler                      0x0800011b   Thumb Code     0  startup_stm32f10x_md.o(.text)
    TIM1_CC_IRQHandler                       0x0800011b   Thumb Code     0  startup_stm32f10x_md.o(.text)
    TIM1_TRG_COM_IRQHandler                  0x0800011b   Thumb Code     0  startup_stm32f10x_md.o(.text)
    TIM1_UP_IRQHandler                       0x0800011b   Thumb Code     0  startup_stm32f10x_md.o(.text)
    TIM2_IRQHandler                          0x0800011b   Thumb Code     0  startup_stm32f10x_md.o(.text)
    TIM3_IRQHandler                          0x0800011b   Thumb Code     0  startup_stm32f10x_md.o(.text)
    USART1_IRQHandler                        0x0800011b   Thumb Code     0  startup_stm32f10x_md.o(.text)
    USART3_IRQHandler                        0x0800011b   Thumb Code     0  startup_stm32f10x_md.o(.text)
    USBWakeUp_IRQHandler                     0x0800011b   Thumb Code     0  startup_stm32f10x_md.o(.text)
    USB_HP_CAN1_TX_IRQHandler                0x0800011b   Thumb Code     0  startup_stm32f10x_md.o(.text)
    USB_LP_CAN1_RX0_IRQHandler               0x0800011b   Thumb Code     0  startup_stm32f10x_md.o(.text)
    WWDG_IRQHandler                          0x0800011b   Thumb Code     0  startup_stm32f10x_md.o(.text)
    NVIC_PriorityGroupConfig                 0x08000125   Thumb Code    10  misc.o(.text)
    NVIC_Init                                0x0800012f   Thumb Code   102  misc.o(.text)
    NVIC_SetVectorTable                      0x08000195   Thumb Code    14  misc.o(.text)
    NVIC_SystemLPConfig                      0x080001a3   Thumb Code    34  misc.o(.text)
    SysTick_CLKSourceConfig                  0x080001c5   Thumb Code    40  misc.o(.text)
    ADC_DeInit                               0x08000201   Thumb Code    78  stm32f10x_adc.o(.text)
    ADC_Init                                 0x0800024f   Thumb Code    70  stm32f10x_adc.o(.text)
    ADC_StructInit                           0x08000295   Thumb Code    18  stm32f10x_adc.o(.text)
    ADC_Cmd                                  0x080002a7   Thumb Code    22  stm32f10x_adc.o(.text)
    ADC_DMACmd                               0x080002bd   Thumb Code    22  stm32f10x_adc.o(.text)
    ADC_ITConfig                             0x080002d3   Thumb Code    24  stm32f10x_adc.o(.text)
    ADC_ResetCalibration                     0x080002eb   Thumb Code    10  stm32f10x_adc.o(.text)
    ADC_GetResetCalibrationStatus            0x080002f5   Thumb Code    20  stm32f10x_adc.o(.text)
    ADC_StartCalibration                     0x08000309   Thumb Code    10  stm32f10x_adc.o(.text)
    ADC_GetCalibrationStatus                 0x08000313   Thumb Code    20  stm32f10x_adc.o(.text)
    ADC_SoftwareStartConvCmd                 0x08000327   Thumb Code    22  stm32f10x_adc.o(.text)
    ADC_GetSoftwareStartConvStatus           0x0800033d   Thumb Code    20  stm32f10x_adc.o(.text)
    ADC_DiscModeChannelCountConfig           0x08000351   Thumb Code    24  stm32f10x_adc.o(.text)
    ADC_DiscModeCmd                          0x08000369   Thumb Code    22  stm32f10x_adc.o(.text)
    ADC_RegularChannelConfig                 0x0800037f   Thumb Code   184  stm32f10x_adc.o(.text)
    ADC_ExternalTrigConvCmd                  0x08000437   Thumb Code    22  stm32f10x_adc.o(.text)
    ADC_GetConversionValue                   0x0800044d   Thumb Code     8  stm32f10x_adc.o(.text)
    ADC_GetDualModeConversionValue           0x08000455   Thumb Code     8  stm32f10x_adc.o(.text)
    ADC_AutoInjectedConvCmd                  0x0800045d   Thumb Code    22  stm32f10x_adc.o(.text)
    ADC_InjectedDiscModeCmd                  0x08000473   Thumb Code    22  stm32f10x_adc.o(.text)
    ADC_ExternalTrigInjectedConvConfig       0x08000489   Thumb Code    16  stm32f10x_adc.o(.text)
    ADC_ExternalTrigInjectedConvCmd          0x08000499   Thumb Code    22  stm32f10x_adc.o(.text)
    ADC_SoftwareStartInjectedConvCmd         0x080004af   Thumb Code    22  stm32f10x_adc.o(.text)
    ADC_GetSoftwareStartInjectedConvCmdStatus 0x080004c5   Thumb Code    20  stm32f10x_adc.o(.text)
    ADC_InjectedChannelConfig                0x080004d9   Thumb Code   130  stm32f10x_adc.o(.text)
    ADC_InjectedSequencerLengthConfig        0x0800055b   Thumb Code    24  stm32f10x_adc.o(.text)
    ADC_SetInjectedOffset                    0x08000573   Thumb Code    20  stm32f10x_adc.o(.text)
    ADC_GetInjectedConversionValue           0x08000587   Thumb Code    28  stm32f10x_adc.o(.text)
    ADC_AnalogWatchdogCmd                    0x080005a3   Thumb Code    16  stm32f10x_adc.o(.text)
    ADC_AnalogWatchdogThresholdsConfig       0x080005b3   Thumb Code     6  stm32f10x_adc.o(.text)
    ADC_AnalogWatchdogSingleChannelConfig    0x080005b9   Thumb Code    16  stm32f10x_adc.o(.text)
    ADC_TempSensorVrefintCmd                 0x080005c9   Thumb Code    64  stm32f10x_adc.o(.text)
    ADC_GetFlagStatus                        0x08000609   Thumb Code    18  stm32f10x_adc.o(.text)
    ADC_ClearFlag                            0x0800061b   Thumb Code     6  stm32f10x_adc.o(.text)
    ADC_GetITStatus                          0x08000621   Thumb Code    36  stm32f10x_adc.o(.text)
    ADC_ClearITPendingBit                    0x08000645   Thumb Code    10  stm32f10x_adc.o(.text)
    DMA_DeInit                               0x08000651   Thumb Code   324  stm32f10x_dma.o(.text)
    DMA_Init                                 0x08000795   Thumb Code    60  stm32f10x_dma.o(.text)
    DMA_StructInit                           0x080007d1   Thumb Code    26  stm32f10x_dma.o(.text)
    DMA_Cmd                                  0x080007eb   Thumb Code    24  stm32f10x_dma.o(.text)
    DMA_ITConfig                             0x08000803   Thumb Code    18  stm32f10x_dma.o(.text)
    DMA_SetCurrDataCounter                   0x08000815   Thumb Code     4  stm32f10x_dma.o(.text)
    DMA_GetCurrDataCounter                   0x08000819   Thumb Code     8  stm32f10x_dma.o(.text)
    DMA_GetFlagStatus                        0x08000821   Thumb Code    38  stm32f10x_dma.o(.text)
    DMA_ClearFlag                            0x08000847   Thumb Code    22  stm32f10x_dma.o(.text)
    DMA_GetITStatus                          0x0800085d   Thumb Code    38  stm32f10x_dma.o(.text)
    DMA_ClearITPendingBit                    0x08000883   Thumb Code    22  stm32f10x_dma.o(.text)
    GPIO_DeInit                              0x080008a1   Thumb Code   172  stm32f10x_gpio.o(.text)
    GPIO_AFIODeInit                          0x0800094d   Thumb Code    20  stm32f10x_gpio.o(.text)
    GPIO_Init                                0x08000961   Thumb Code   274  stm32f10x_gpio.o(.text)
    GPIO_StructInit                          0x08000a73   Thumb Code    16  stm32f10x_gpio.o(.text)
    GPIO_ReadInputDataBit                    0x08000a83   Thumb Code    18  stm32f10x_gpio.o(.text)
    GPIO_ReadInputData                       0x08000a95   Thumb Code     8  stm32f10x_gpio.o(.text)
    GPIO_ReadOutputDataBit                   0x08000a9d   Thumb Code    18  stm32f10x_gpio.o(.text)
    GPIO_ReadOutputData                      0x08000aaf   Thumb Code     8  stm32f10x_gpio.o(.text)
    GPIO_SetBits                             0x08000ab7   Thumb Code     4  stm32f10x_gpio.o(.text)
    GPIO_ResetBits                           0x08000abb   Thumb Code     4  stm32f10x_gpio.o(.text)
    GPIO_WriteBit                            0x08000abf   Thumb Code    10  stm32f10x_gpio.o(.text)
    GPIO_Write                               0x08000ac9   Thumb Code     4  stm32f10x_gpio.o(.text)
    GPIO_PinLockConfig                       0x08000acd   Thumb Code    18  stm32f10x_gpio.o(.text)
    GPIO_EventOutputConfig                   0x08000adf   Thumb Code    26  stm32f10x_gpio.o(.text)
    GPIO_EventOutputCmd                      0x08000af9   Thumb Code     6  stm32f10x_gpio.o(.text)
    GPIO_PinRemapConfig                      0x08000aff   Thumb Code   138  stm32f10x_gpio.o(.text)
    GPIO_EXTILineConfig                      0x08000b89   Thumb Code    66  stm32f10x_gpio.o(.text)
    GPIO_ETH_MediaInterfaceConfig            0x08000bcb   Thumb Code     6  stm32f10x_gpio.o(.text)
    RCC_DeInit                               0x08000bf9   Thumb Code    64  stm32f10x_rcc.o(.text)
    RCC_HSEConfig                            0x08000c39   Thumb Code    70  stm32f10x_rcc.o(.text)
    RCC_GetFlagStatus                        0x08000c7f   Thumb Code    56  stm32f10x_rcc.o(.text)
    RCC_WaitForHSEStartUp                    0x08000cb7   Thumb Code    56  stm32f10x_rcc.o(.text)
    RCC_AdjustHSICalibrationValue            0x08000cef   Thumb Code    20  stm32f10x_rcc.o(.text)
    RCC_HSICmd                               0x08000d03   Thumb Code     6  stm32f10x_rcc.o(.text)
    RCC_PLLConfig                            0x08000d09   Thumb Code    24  stm32f10x_rcc.o(.text)
    RCC_PLLCmd                               0x08000d21   Thumb Code     6  stm32f10x_rcc.o(.text)
    RCC_SYSCLKConfig                         0x08000d27   Thumb Code    18  stm32f10x_rcc.o(.text)
    RCC_GetSYSCLKSource                      0x08000d39   Thumb Code    10  stm32f10x_rcc.o(.text)
    RCC_HCLKConfig                           0x08000d43   Thumb Code    18  stm32f10x_rcc.o(.text)
    RCC_PCLK1Config                          0x08000d55   Thumb Code    18  stm32f10x_rcc.o(.text)
    RCC_PCLK2Config                          0x08000d67   Thumb Code    20  stm32f10x_rcc.o(.text)
    RCC_ITConfig                             0x08000d7b   Thumb Code    26  stm32f10x_rcc.o(.text)
    RCC_USBCLKConfig                         0x08000d95   Thumb Code     6  stm32f10x_rcc.o(.text)
    RCC_ADCCLKConfig                         0x08000d9b   Thumb Code    18  stm32f10x_rcc.o(.text)
    RCC_LSEConfig                            0x08000dad   Thumb Code    44  stm32f10x_rcc.o(.text)
    RCC_LSICmd                               0x08000dd9   Thumb Code     6  stm32f10x_rcc.o(.text)
    RCC_RTCCLKConfig                         0x08000ddf   Thumb Code    12  stm32f10x_rcc.o(.text)
    RCC_RTCCLKCmd                            0x08000deb   Thumb Code     8  stm32f10x_rcc.o(.text)
    RCC_GetClocksFreq                        0x08000df3   Thumb Code   192  stm32f10x_rcc.o(.text)
    RCC_AHBPeriphClockCmd                    0x08000eb3   Thumb Code    26  stm32f10x_rcc.o(.text)
    RCC_APB2PeriphClockCmd                   0x08000ecd   Thumb Code    26  stm32f10x_rcc.o(.text)
    RCC_APB1PeriphClockCmd                   0x08000ee7   Thumb Code    26  stm32f10x_rcc.o(.text)
    RCC_APB2PeriphResetCmd                   0x08000f01   Thumb Code    26  stm32f10x_rcc.o(.text)
    RCC_APB1PeriphResetCmd                   0x08000f1b   Thumb Code    26  stm32f10x_rcc.o(.text)
    RCC_BackupResetCmd                       0x08000f35   Thumb Code     8  stm32f10x_rcc.o(.text)
    RCC_ClockSecuritySystemCmd               0x08000f3d   Thumb Code     6  stm32f10x_rcc.o(.text)
    RCC_MCOConfig                            0x08000f43   Thumb Code     6  stm32f10x_rcc.o(.text)
    RCC_ClearFlag                            0x08000f49   Thumb Code    14  stm32f10x_rcc.o(.text)
    RCC_GetITStatus                          0x08000f57   Thumb Code    20  stm32f10x_rcc.o(.text)
    RCC_ClearITPendingBit                    0x08000f6b   Thumb Code     6  stm32f10x_rcc.o(.text)
    TIM_DeInit                               0x08000f9d   Thumb Code   424  stm32f10x_tim.o(.text)
    TIM_TimeBaseInit                         0x08001145   Thumb Code   122  stm32f10x_tim.o(.text)
    TIM_OC1Init                              0x080011bf   Thumb Code   132  stm32f10x_tim.o(.text)
    TIM_OC2Init                              0x08001243   Thumb Code   154  stm32f10x_tim.o(.text)
    TIM_OC3Init                              0x080012dd   Thumb Code   150  stm32f10x_tim.o(.text)
    TIM_OC4Init                              0x08001373   Thumb Code   182  stm32f10x_tim.o(.text)
    TIM_SetIC4Prescaler                      0x08001429   Thumb Code    26  stm32f10x_tim.o(.text)
    TIM_SetIC3Prescaler                      0x080014c5   Thumb Code    18  stm32f10x_tim.o(.text)
    TIM_SetIC2Prescaler                      0x08001551   Thumb Code    26  stm32f10x_tim.o(.text)
    TIM_SetIC1Prescaler                      0x080015ed   Thumb Code    18  stm32f10x_tim.o(.text)
    TIM_ICInit                               0x0800166b   Thumb Code   150  stm32f10x_tim.o(.text)
    TIM_PWMIConfig                           0x08001701   Thumb Code   124  stm32f10x_tim.o(.text)
    TIM_BDTRConfig                           0x0800177d   Thumb Code    32  stm32f10x_tim.o(.text)
    TIM_TimeBaseStructInit                   0x0800179d   Thumb Code    18  stm32f10x_tim.o(.text)
    TIM_OCStructInit                         0x080017af   Thumb Code    20  stm32f10x_tim.o(.text)
    TIM_ICStructInit                         0x080017c3   Thumb Code    18  stm32f10x_tim.o(.text)
    TIM_BDTRStructInit                       0x080017d5   Thumb Code    40  stm32f10x_tim.o(.text)
    TIM_Cmd                                  0x080017fd   Thumb Code    24  stm32f10x_tim.o(.text)
    TIM_CtrlPWMOutputs                       0x08001815   Thumb Code    30  stm32f10x_tim.o(.text)
    TIM_ITConfig                             0x08001833   Thumb Code    18  stm32f10x_tim.o(.text)
    TIM_GenerateEvent                        0x08001845   Thumb Code     4  stm32f10x_tim.o(.text)
    TIM_DMAConfig                            0x08001849   Thumb Code    10  stm32f10x_tim.o(.text)
    TIM_DMACmd                               0x08001853   Thumb Code    18  stm32f10x_tim.o(.text)
    TIM_InternalClockConfig                  0x08001865   Thumb Code    12  stm32f10x_tim.o(.text)
    TIM_SelectInputTrigger                   0x08001871   Thumb Code    18  stm32f10x_tim.o(.text)
    TIM_ITRxExternalClockConfig              0x08001883   Thumb Code    24  stm32f10x_tim.o(.text)
    TIM_TIxExternalClockConfig               0x0800189b   Thumb Code    62  stm32f10x_tim.o(.text)
    TIM_ETRConfig                            0x080018d9   Thumb Code    28  stm32f10x_tim.o(.text)
    TIM_ETRClockMode1Config                  0x080018f5   Thumb Code    54  stm32f10x_tim.o(.text)
    TIM_ETRClockMode2Config                  0x0800192b   Thumb Code    32  stm32f10x_tim.o(.text)
    TIM_PrescalerConfig                      0x0800194b   Thumb Code     6  stm32f10x_tim.o(.text)
    TIM_CounterModeConfig                    0x08001951   Thumb Code    18  stm32f10x_tim.o(.text)
    TIM_EncoderInterfaceConfig               0x08001963   Thumb Code    66  stm32f10x_tim.o(.text)
    TIM_ForcedOC1Config                      0x080019a5   Thumb Code    18  stm32f10x_tim.o(.text)
    TIM_ForcedOC2Config                      0x080019b7   Thumb Code    26  stm32f10x_tim.o(.text)
    TIM_ForcedOC3Config                      0x080019d1   Thumb Code    18  stm32f10x_tim.o(.text)
    TIM_ForcedOC4Config                      0x080019e3   Thumb Code    26  stm32f10x_tim.o(.text)
    TIM_ARRPreloadConfig                     0x080019fd   Thumb Code    24  stm32f10x_tim.o(.text)
    TIM_SelectCOM                            0x08001a15   Thumb Code    24  stm32f10x_tim.o(.text)
    TIM_SelectCCDMA                          0x08001a2d   Thumb Code    24  stm32f10x_tim.o(.text)
    TIM_CCPreloadControl                     0x08001a45   Thumb Code    24  stm32f10x_tim.o(.text)
    TIM_OC1PreloadConfig                     0x08001a5d   Thumb Code    18  stm32f10x_tim.o(.text)
    TIM_OC2PreloadConfig                     0x08001a6f   Thumb Code    26  stm32f10x_tim.o(.text)
    TIM_OC3PreloadConfig                     0x08001a89   Thumb Code    18  stm32f10x_tim.o(.text)
    TIM_OC4PreloadConfig                     0x08001a9b   Thumb Code    26  stm32f10x_tim.o(.text)
    TIM_OC1FastConfig                        0x08001ab5   Thumb Code    18  stm32f10x_tim.o(.text)
    TIM_OC2FastConfig                        0x08001ac7   Thumb Code    26  stm32f10x_tim.o(.text)
    TIM_OC3FastConfig                        0x08001ae1   Thumb Code    18  stm32f10x_tim.o(.text)
    TIM_OC4FastConfig                        0x08001af3   Thumb Code    26  stm32f10x_tim.o(.text)
    TIM_ClearOC1Ref                          0x08001b0d   Thumb Code    18  stm32f10x_tim.o(.text)
    TIM_ClearOC2Ref                          0x08001b1f   Thumb Code    24  stm32f10x_tim.o(.text)
    TIM_ClearOC3Ref                          0x08001b37   Thumb Code    18  stm32f10x_tim.o(.text)
    TIM_ClearOC4Ref                          0x08001b49   Thumb Code    24  stm32f10x_tim.o(.text)
    TIM_OC1PolarityConfig                    0x08001b61   Thumb Code    18  stm32f10x_tim.o(.text)
    TIM_OC1NPolarityConfig                   0x08001b73   Thumb Code    18  stm32f10x_tim.o(.text)
    TIM_OC2PolarityConfig                    0x08001b85   Thumb Code    26  stm32f10x_tim.o(.text)
    TIM_OC2NPolarityConfig                   0x08001b9f   Thumb Code    26  stm32f10x_tim.o(.text)
    TIM_OC3PolarityConfig                    0x08001bb9   Thumb Code    26  stm32f10x_tim.o(.text)
    TIM_OC3NPolarityConfig                   0x08001bd3   Thumb Code    26  stm32f10x_tim.o(.text)
    TIM_OC4PolarityConfig                    0x08001bed   Thumb Code    26  stm32f10x_tim.o(.text)
    TIM_CCxCmd                               0x08001c07   Thumb Code    30  stm32f10x_tim.o(.text)
    TIM_CCxNCmd                              0x08001c25   Thumb Code    30  stm32f10x_tim.o(.text)
    TIM_SelectOCxM                           0x08001c43   Thumb Code    82  stm32f10x_tim.o(.text)
    TIM_UpdateDisableConfig                  0x08001c95   Thumb Code    24  stm32f10x_tim.o(.text)
    TIM_UpdateRequestConfig                  0x08001cad   Thumb Code    24  stm32f10x_tim.o(.text)
    TIM_SelectHallSensor                     0x08001cc5   Thumb Code    24  stm32f10x_tim.o(.text)
    TIM_SelectOnePulseMode                   0x08001cdd   Thumb Code    18  stm32f10x_tim.o(.text)
    TIM_SelectOutputTrigger                  0x08001cef   Thumb Code    18  stm32f10x_tim.o(.text)
    TIM_SelectSlaveMode                      0x08001d01   Thumb Code    18  stm32f10x_tim.o(.text)
    TIM_SelectMasterSlaveMode                0x08001d13   Thumb Code    18  stm32f10x_tim.o(.text)
    TIM_SetCounter                           0x08001d25   Thumb Code     4  stm32f10x_tim.o(.text)
    TIM_SetAutoreload                        0x08001d29   Thumb Code     4  stm32f10x_tim.o(.text)
    TIM_SetCompare1                          0x08001d2d   Thumb Code     4  stm32f10x_tim.o(.text)
    TIM_SetCompare2                          0x08001d31   Thumb Code     4  stm32f10x_tim.o(.text)
    TIM_SetCompare3                          0x08001d35   Thumb Code     4  stm32f10x_tim.o(.text)
    TIM_SetCompare4                          0x08001d39   Thumb Code     6  stm32f10x_tim.o(.text)
    TIM_SetClockDivision                     0x08001d3f   Thumb Code    18  stm32f10x_tim.o(.text)
    TIM_GetCapture1                          0x08001d51   Thumb Code     6  stm32f10x_tim.o(.text)
    TIM_GetCapture2                          0x08001d57   Thumb Code     6  stm32f10x_tim.o(.text)
    TIM_GetCapture3                          0x08001d5d   Thumb Code     6  stm32f10x_tim.o(.text)
    TIM_GetCapture4                          0x08001d63   Thumb Code     8  stm32f10x_tim.o(.text)
    TIM_GetCounter                           0x08001d6b   Thumb Code     6  stm32f10x_tim.o(.text)
    TIM_GetPrescaler                         0x08001d71   Thumb Code     6  stm32f10x_tim.o(.text)
    TIM_GetFlagStatus                        0x08001d77   Thumb Code    18  stm32f10x_tim.o(.text)
    TIM_ClearFlag                            0x08001d89   Thumb Code     6  stm32f10x_tim.o(.text)
    TIM_GetITStatus                          0x08001d8f   Thumb Code    34  stm32f10x_tim.o(.text)
    TIM_ClearITPendingBit                    0x08001db1   Thumb Code     6  stm32f10x_tim.o(.text)
    USART_DeInit                             0x08001db9   Thumb Code   134  stm32f10x_usart.o(.text)
    USART_Init                               0x08001e3f   Thumb Code   210  stm32f10x_usart.o(.text)
    USART_StructInit                         0x08001f11   Thumb Code    24  stm32f10x_usart.o(.text)
    USART_ClockInit                          0x08001f29   Thumb Code    34  stm32f10x_usart.o(.text)
    USART_ClockStructInit                    0x08001f4b   Thumb Code    12  stm32f10x_usart.o(.text)
    USART_Cmd                                0x08001f57   Thumb Code    24  stm32f10x_usart.o(.text)
    USART_ITConfig                           0x08001f6f   Thumb Code    74  stm32f10x_usart.o(.text)
    USART_DMACmd                             0x08001fb9   Thumb Code    18  stm32f10x_usart.o(.text)
    USART_SetAddress                         0x08001fcb   Thumb Code    18  stm32f10x_usart.o(.text)
    USART_WakeUpConfig                       0x08001fdd   Thumb Code    18  stm32f10x_usart.o(.text)
    USART_ReceiverWakeUpCmd                  0x08001fef   Thumb Code    24  stm32f10x_usart.o(.text)
    USART_LINBreakDetectLengthConfig         0x08002007   Thumb Code    18  stm32f10x_usart.o(.text)
    USART_LINCmd                             0x08002019   Thumb Code    24  stm32f10x_usart.o(.text)
    USART_SendData                           0x08002031   Thumb Code     8  stm32f10x_usart.o(.text)
    USART_ReceiveData                        0x08002039   Thumb Code    10  stm32f10x_usart.o(.text)
    USART_SendBreak                          0x08002043   Thumb Code    10  stm32f10x_usart.o(.text)
    USART_SetGuardTime                       0x0800204d   Thumb Code    16  stm32f10x_usart.o(.text)
    USART_SetPrescaler                       0x0800205d   Thumb Code    16  stm32f10x_usart.o(.text)
    USART_SmartCardCmd                       0x0800206d   Thumb Code    24  stm32f10x_usart.o(.text)
    USART_SmartCardNACKCmd                   0x08002085   Thumb Code    24  stm32f10x_usart.o(.text)
    USART_HalfDuplexCmd                      0x0800209d   Thumb Code    24  stm32f10x_usart.o(.text)
    USART_OverSampling8Cmd                   0x080020b5   Thumb Code    22  stm32f10x_usart.o(.text)
    USART_OneBitMethodCmd                    0x080020cb   Thumb Code    24  stm32f10x_usart.o(.text)
    USART_IrDAConfig                         0x080020e3   Thumb Code    18  stm32f10x_usart.o(.text)
    USART_IrDACmd                            0x080020f5   Thumb Code    24  stm32f10x_usart.o(.text)
    USART_GetFlagStatus                      0x0800210d   Thumb Code    26  stm32f10x_usart.o(.text)
    USART_ClearFlag                          0x08002127   Thumb Code    18  stm32f10x_usart.o(.text)
    USART_GetITStatus                        0x08002139   Thumb Code    84  stm32f10x_usart.o(.text)
    USART_ClearITPendingBit                  0x0800218d   Thumb Code    52  stm32f10x_usart.o(.text)
    SystemInit                               0x0800229d   Thumb Code    78  system_stm32f10x.o(.text)
    SystemCoreClockUpdate                    0x080022eb   Thumb Code   142  system_stm32f10x.o(.text)
    Usart_Proc                               0x0800239d   Thumb Code   256  main.o(.text)
    Led_Proc                                 0x0800249d   Thumb Code    72  main.o(.text)
    EEprom_write_Proc                        0x080024e5   Thumb Code   308  main.o(.text)
    Key_Proc                                 0x08002619   Thumb Code  1296  main.o(.text)
    Lcd_Proc                                 0x08002b29   Thumb Code   788  main.o(.text)
    ADC_Proc                                 0x08002e3d   Thumb Code   128  main.o(.text)
    ElectronicScaleInit                      0x08002ebd   Thumb Code   264  main.o(.text)
    main                                     0x08002fc5   Thumb Code    74  main.o(.text)
    TIM4_IRQHandler                          0x0800300f   Thumb Code   496  main.o(.text)
    NMI_Handler                              0x08003219   Thumb Code     2  stm32f10x_it.o(.text)
    HardFault_Handler                        0x0800321b   Thumb Code     4  stm32f10x_it.o(.text)
    MemManage_Handler                        0x0800321f   Thumb Code     4  stm32f10x_it.o(.text)
    BusFault_Handler                         0x08003223   Thumb Code     4  stm32f10x_it.o(.text)
    UsageFault_Handler                       0x08003227   Thumb Code     4  stm32f10x_it.o(.text)
    SVC_Handler                              0x0800322b   Thumb Code     2  stm32f10x_it.o(.text)
    DebugMon_Handler                         0x0800322d   Thumb Code     2  stm32f10x_it.o(.text)
    PendSV_Handler                           0x0800322f   Thumb Code     2  stm32f10x_it.o(.text)
    LED_ALL_OFF                              0x08003231   Thumb Code    34  bsp_led.o(.text)
    LED_Init                                 0x08003253   Thumb Code    80  bsp_led.o(.text)
    LED_Control                              0x080032a3   Thumb Code    76  bsp_led.o(.text)
    Delay_Init                               0x080032f9   Thumb Code    84  delay.o(.text)
    Delay_Ms                                 0x0800334d   Thumb Code    16  delay.o(.text)
    SysTick_Handler                          0x0800335d   Thumb Code    12  delay.o(.text)
    Delay_10ms                               0x08003369   Thumb Code    16  delay.o(.text)
    Usart2_Init                              0x08003389   Thumb Code   170  usart.o(.text)
    USART_SendChar                           0x08003433   Thumb Code    28  usart.o(.text)
    USART_SendString                         0x0800344f   Thumb Code    42  usart.o(.text)
    fputc                                    0x08003479   Thumb Code    32  usart.o(.text)
    USART2_IRQHandler                        0x08003499   Thumb Code     2  usart.o(.text)
    SDA_Input_Mode                           0x080034a5   Thumb Code    30  i2c.o(.text)
    SDA_Output_Mode                          0x080034c3   Thumb Code    30  i2c.o(.text)
    SDA_Output                               0x080034e1   Thumb Code    26  i2c.o(.text)
    SCL_Output                               0x080034fb   Thumb Code    26  i2c.o(.text)
    SDA_Input                                0x08003515   Thumb Code    12  i2c.o(.text)
    delay_iic                                0x08003521   Thumb Code    12  i2c.o(.text)
    I2CStart                                 0x0800352d   Thumb Code    60  i2c.o(.text)
    I2CStop                                  0x08003569   Thumb Code    60  i2c.o(.text)
    I2CWaitAck                               0x080035a5   Thumb Code    88  i2c.o(.text)
    I2CSendAck                               0x080035fd   Thumb Code    54  i2c.o(.text)
    I2CSendNotAck                            0x08003633   Thumb Code    46  i2c.o(.text)
    I2CSendByte                              0x08003661   Thumb Code    88  i2c.o(.text)
    I2CReceiveByte                           0x080036b9   Thumb Code    88  i2c.o(.text)
    i2c_init                                 0x08003711   Thumb Code    38  i2c.o(.text)
    Write_eeprom                             0x08003737   Thumb Code    46  i2c.o(.text)
    Read_eeprom                              0x08003765   Thumb Code    60  i2c.o(.text)
    Tim4_Init                                0x080037a5   Thumb Code    94  tim.o(.text)
    ADCx_Init                                0x08003921   Thumb Code    16  bsp_adc.o(.text)
    Adc_Key_Read                             0x08003941   Thumb Code   148  bsp_adc_key.o(.text)
    Key_Interrup                             0x080039d5   Thumb Code   260  bsp_adc_key.o(.text)
    Get_AnalogVoltage                        0x08003af5   Thumb Code   140  bsp_analogvoltage.o(.text)
    LCD_SetBackColor                         0x08003b85   Thumb Code    12  lcd.o(.text)
    LCD_SetTextColor                         0x08003b91   Thumb Code    12  lcd.o(.text)
    LCD_WriteRAM                             0x08003b9d   Thumb Code    52  lcd.o(.text)
    LCD_WriteRAM_Prepare                     0x08003bd1   Thumb Code    54  lcd.o(.text)
    LCD_WriteReg                             0x08003c07   Thumb Code    68  lcd.o(.text)
    LCD_SetCursor                            0x08003c4b   Thumb Code    24  lcd.o(.text)
    LCD_Clear                                0x08003c63   Thumb Code    38  lcd.o(.text)
    LCD_BusOut                               0x08003c89   Thumb Code    32  lcd.o(.text)
    LCD_BusIn                                0x08003ca9   Thumb Code    32  lcd.o(.text)
    LCD_ReadReg                              0x08003cc9   Thumb Code    82  lcd.o(.text)
    REG_932X_Init                            0x08003d1b   Thumb Code   512  lcd.o(.text)
    REG_8230_Init                            0x08003f1b   Thumb Code   304  lcd.o(.text)
    LCD_CtrlLinesConfig                      0x0800404b   Thumb Code    68  lcd.o(.text)
    STM3210B_LCD_Init                        0x0800408f   Thumb Code    50  lcd.o(.text)
    LCD_Init                                 0x080040c1   Thumb Code    28  lcd.o(.text)
    LCD_DrawChar                             0x080040dd   Thumb Code   100  lcd.o(.text)
    LCD_DisplayChar                          0x08004141   Thumb Code    34  lcd.o(.text)
    highlight                                0x08004163   Thumb Code    96  lcd.o(.text)
    LCD_DisplayStringLine                    0x080041c3   Thumb Code    44  lcd.o(.text)
    LCD_ClearLine                            0x080041ef   Thumb Code    14  lcd.o(.text)
    LCD_SetDisplayWindow                     0x080041fd   Thumb Code    88  lcd.o(.text)
    LCD_WindowModeDisable                    0x08004255   Thumb Code    28  lcd.o(.text)
    LCD_DrawLine                             0x08004271   Thumb Code    86  lcd.o(.text)
    LCD_DrawRect                             0x080042c7   Thumb Code    66  lcd.o(.text)
    LCD_DrawCircle                           0x08004309   Thumb Code   252  lcd.o(.text)
    LCD_DrawMonoPict                         0x08004405   Thumb Code   120  lcd.o(.text)
    LCD_WriteBMP                             0x0800447d   Thumb Code    74  lcd.o(.text)
    LCD_ReadRAM                              0x080044c7   Thumb Code    82  lcd.o(.text)
    LCD_PowerOn                              0x08004519   Thumb Code   118  lcd.o(.text)
    LCD_DisplayOn                            0x0800458f   Thumb Code    14  lcd.o(.text)
    LCD_DisplayOff                           0x0800459d   Thumb Code    12  lcd.o(.text)
    LCD_DrawPicture                          0x080045a9   Thumb Code    48  lcd.o(.text)
    __aeabi_fmul                             0x080045e1   Thumb Code   108  fmul.o(.text)
    __aeabi_fdiv                             0x0800464d   Thumb Code   128  fdiv.o(.text)
    __aeabi_dadd                             0x080046cd   Thumb Code   322  dadd.o(.text)
    __aeabi_dsub                             0x0800480f   Thumb Code     6  dadd.o(.text)
    __aeabi_drsub                            0x08004815   Thumb Code     6  dadd.o(.text)
    __aeabi_dmul                             0x0800481b   Thumb Code   228  dmul.o(.text)
    __aeabi_ddiv                             0x080048ff   Thumb Code   222  ddiv.o(.text)
    __aeabi_i2f                              0x080049dd   Thumb Code    18  fflti.o(.text)
    __aeabi_ui2d                             0x080049ef   Thumb Code    26  dfltui.o(.text)
    __aeabi_f2uiz                            0x08004a09   Thumb Code    40  ffixui.o(.text)
    __aeabi_f2d                              0x08004a31   Thumb Code    38  f2d.o(.text)
    __aeabi_cdcmpeq                          0x08004a59   Thumb Code     0  cdcmple.o(.text)
    __aeabi_cdcmple                          0x08004a59   Thumb Code    38  cdcmple.o(.text)
    __aeabi_cdrcmple                         0x08004a81   Thumb Code    38  cdrcmple.o(.text)
    __aeabi_d2f                              0x08004aa9   Thumb Code    56  d2f.o(.text)
    __aeabi_cfcmpeq                          0x08004ae1   Thumb Code     0  cfcmple.o(.text)
    __aeabi_cfcmple                          0x08004ae1   Thumb Code    20  cfcmple.o(.text)
    __aeabi_uidiv                            0x08004af5   Thumb Code     0  uidiv.o(.text)
    __aeabi_uidivmod                         0x08004af5   Thumb Code    44  uidiv.o(.text)
    __aeabi_uldivmod                         0x08004b21   Thumb Code    98  uldiv.o(.text)
    __aeabi_llsl                             0x08004b83   Thumb Code    30  llshl.o(.text)
    _ll_shift_l                              0x08004b83   Thumb Code     0  llshl.o(.text)
    __aeabi_lasr                             0x08004ba1   Thumb Code    36  llsshr.o(.text)
    _ll_sshift_r                             0x08004ba1   Thumb Code     0  llsshr.o(.text)
    __I$use$fp                               0x08004bc5   Thumb Code     0  iusefp.o(.text)
    _float_round                             0x08004bc5   Thumb Code    18  fepilogue.o(.text)
    _float_epilogue                          0x08004bd7   Thumb Code    90  fepilogue.o(.text)
    _double_round                            0x08004c31   Thumb Code    26  depilogue.o(.text)
    _double_epilogue                         0x08004c4b   Thumb Code   164  depilogue.o(.text)
    __aeabi_d2ulz                            0x08004cef   Thumb Code    48  dfixul.o(.text)
    __scatterload                            0x08004d21   Thumb Code    28  init.o(.text)
    __scatterload_rt2                        0x08004d21   Thumb Code     0  init.o(.text)
    __aeabi_llsr                             0x08004d45   Thumb Code    32  llushr.o(.text)
    _ll_ushift_r                             0x08004d45   Thumb Code     0  llushr.o(.text)
    __0printf                                0x08004d65   Thumb Code    22  printfa.o(i.__0printf)
    __1printf                                0x08004d65   Thumb Code     0  printfa.o(i.__0printf)
    __2printf                                0x08004d65   Thumb Code     0  printfa.o(i.__0printf)
    __c89printf                              0x08004d65   Thumb Code     0  printfa.o(i.__0printf)
    printf                                   0x08004d65   Thumb Code     0  printfa.o(i.__0printf)
    __0sprintf                               0x08004d85   Thumb Code    34  printfa.o(i.__0sprintf)
    __1sprintf                               0x08004d85   Thumb Code     0  printfa.o(i.__0sprintf)
    __2sprintf                               0x08004d85   Thumb Code     0  printfa.o(i.__0sprintf)
    __c89sprintf                             0x08004d85   Thumb Code     0  printfa.o(i.__0sprintf)
    sprintf                                  0x08004d85   Thumb Code     0  printfa.o(i.__0sprintf)
    __scatterload_copy                       0x08004dad   Thumb Code    14  handlers.o(i.__scatterload_copy)
    __scatterload_null                       0x08004dbb   Thumb Code     2  handlers.o(i.__scatterload_null)
    __scatterload_zeroinit                   0x08004dbd   Thumb Code    14  handlers.o(i.__scatterload_zeroinit)
    ASCII_Table                              0x08005678   Data        4560  lcd.o(.constdata)
    Region$$Table$$Base                      0x08006848   Number         0  anon$$obj.o(Region$$Table)
    Region$$Table$$Limit                     0x08006868   Number         0  anon$$obj.o(Region$$Table)
    SystemCoreClock                          0x20000014   Data           4  system_stm32f10x.o(.data)
    AHBPrescTable                            0x20000018   Data          16  system_stm32f10x.o(.data)
    AO1_VALUE                                0x20000028   Data           4  main.o(.data)
    adc_flag                                 0x20000036   Data           1  main.o(.data)
    lcd_flag                                 0x20000037   Data           1  main.o(.data)
    adc_key_flag                             0x20000038   Data           1  main.o(.data)
    send_billing_flag                        0x20000039   Data           1  main.o(.data)
    eeprom_write_flag                        0x2000003a   Data           1  main.o(.data)
    send_para_flag                           0x2000003b   Data           1  main.o(.data)
    led1_flag                                0x2000003c   Data           1  main.o(.data)
    led2_flag                                0x2000003d   Data           1  main.o(.data)
    goods1_temp                              0x20000040   Data           4  main.o(.data)
    goods2_temp                              0x20000044   Data           4  main.o(.data)
    goods3_temp                              0x20000048   Data           4  main.o(.data)
    TimingDelay                              0x2000004c   Data           4  delay.o(.data)
    ADC_ConvertedValue                       0x20000050   Data           4  bsp_adc.o(.data)
    keyCheck                                 0x20000054   Data           1  bsp_adc_key.o(.data)
    keyState                                 0x20000055   Data           1  bsp_adc_key.o(.data)
    last_keyValue                            0x20000056   Data           2  bsp_adc_key.o(.data)
    keyLongCheck                             0x20000058   Data           4  bsp_adc_key.o(.data)
    Key_LongTime                             0x2000005c   Data           2  bsp_adc_key.o(.data)
    keyCountTime                             0x2000005e   Data           1  bsp_adc_key.o(.data)
    DoubleClickTime                          0x20000060   Data           2  bsp_adc_key.o(.data)
    Key                                      0x20000062   Data           5  bsp_adc_key.o(.data)
    dummy                                    0x2000006c   Data           2  lcd.o(.data)
    __stdout                                 0x20000070   Data           4  stdout.o(.data)
    System                                   0x20000074   Data          28  main.o(.bss)
    lcdstr                                   0x20000090   Data          20  main.o(.bss)
    __initial_sp                             0x200004a8   Data           0  startup_stm32f10x_md.o(STACK)



==============================================================================

Memory Map of the image

  Image Entry point : 0x080000ed

  Load Region LR_IROM1 (Base: 0x08000000, Size: 0x000068dc, Max: 0x00020000, ABSOLUTE)

    Execution Region ER_IROM1 (Base: 0x08000000, Size: 0x00006868, Max: 0x00020000, ABSOLUTE)

    Base Addr    Size         Type   Attr      Idx    E Section Name        Object

    0x08000000   0x000000ec   Data   RO            3    RESET               startup_stm32f10x_md.o
    0x080000ec   0x00000000   Code   RO          632  * .ARM.Collect$$$$00000000  mc_w.l(entry.o)
    0x080000ec   0x00000004   Code   RO          922    .ARM.Collect$$$$00000001  mc_w.l(entry2.o)
    0x080000f0   0x00000004   Code   RO          925    .ARM.Collect$$$$00000004  mc_w.l(entry5.o)
    0x080000f4   0x00000000   Code   RO          927    .ARM.Collect$$$$00000008  mc_w.l(entry7b.o)
    0x080000f4   0x00000000   Code   RO          929    .ARM.Collect$$$$0000000A  mc_w.l(entry8b.o)
    0x080000f4   0x00000008   Code   RO          930    .ARM.Collect$$$$0000000B  mc_w.l(entry9a.o)
    0x080000fc   0x00000000   Code   RO          932    .ARM.Collect$$$$0000000D  mc_w.l(entry10a.o)
    0x080000fc   0x00000000   Code   RO          934    .ARM.Collect$$$$0000000F  mc_w.l(entry11a.o)
    0x080000fc   0x00000004   Code   RO          923    .ARM.Collect$$$$00002712  mc_w.l(entry2.o)
    0x08000100   0x00000024   Code   RO            4    .text               startup_stm32f10x_md.o
    0x08000124   0x000000dc   Code   RO           10    .text               misc.o
    0x08000200   0x0000044e   Code   RO          109    .text               stm32f10x_adc.o
    0x0800064e   0x00000002   PAD
    0x08000650   0x00000250   Code   RO          193    .text               stm32f10x_dma.o
    0x080008a0   0x00000358   Code   RO          241    .text               stm32f10x_gpio.o
    0x08000bf8   0x000003a4   Code   RO          289    .text               stm32f10x_rcc.o
    0x08000f9c   0x00000e1a   Code   RO          339    .text               stm32f10x_tim.o
    0x08001db6   0x00000002   PAD
    0x08001db8   0x00000408   Code   RO          351    .text               stm32f10x_usart.o
    0x080021c0   0x000001dc   Code   RO          385    .text               system_stm32f10x.o
    0x0800239c   0x00000e7c   Code   RO          403    .text               main.o
    0x08003218   0x00000018   Code   RO          458    .text               stm32f10x_it.o
    0x08003230   0x000000c8   Code   RO          473    .text               bsp_led.o
    0x080032f8   0x00000090   Code   RO          503    .text               delay.o
    0x08003388   0x0000011c   Code   RO          522    .text               usart.o
    0x080034a4   0x00000300   Code   RO          538    .text               i2c.o
    0x080037a4   0x00000064   Code   RO          550    .text               tim.o
    0x08003808   0x00000138   Code   RO          562    .text               bsp_adc.o
    0x08003940   0x000001b4   Code   RO          580    .text               bsp_adc_key.o
    0x08003af4   0x00000090   Code   RO          598    .text               bsp_analogvoltage.o
    0x08003b84   0x00000a5c   Code   RO          613    .text               lcd.o
    0x080045e0   0x0000006c   Code   RO          896    .text               mf_w.l(fmul.o)
    0x0800464c   0x00000080   Code   RO          898    .text               mf_w.l(fdiv.o)
    0x080046cc   0x0000014e   Code   RO          900    .text               mf_w.l(dadd.o)
    0x0800481a   0x000000e4   Code   RO          902    .text               mf_w.l(dmul.o)
    0x080048fe   0x000000de   Code   RO          904    .text               mf_w.l(ddiv.o)
    0x080049dc   0x00000012   Code   RO          906    .text               mf_w.l(fflti.o)
    0x080049ee   0x0000001a   Code   RO          908    .text               mf_w.l(dfltui.o)
    0x08004a08   0x00000028   Code   RO          910    .text               mf_w.l(ffixui.o)
    0x08004a30   0x00000026   Code   RO          912    .text               mf_w.l(f2d.o)
    0x08004a56   0x00000002   PAD
    0x08004a58   0x00000028   Code   RO          914    .text               mf_w.l(cdcmple.o)
    0x08004a80   0x00000028   Code   RO          916    .text               mf_w.l(cdrcmple.o)
    0x08004aa8   0x00000038   Code   RO          918    .text               mf_w.l(d2f.o)
    0x08004ae0   0x00000014   Code   RO          920    .text               mf_w.l(cfcmple.o)
    0x08004af4   0x0000002c   Code   RO          937    .text               mc_w.l(uidiv.o)
    0x08004b20   0x00000062   Code   RO          939    .text               mc_w.l(uldiv.o)
    0x08004b82   0x0000001e   Code   RO          941    .text               mc_w.l(llshl.o)
    0x08004ba0   0x00000024   Code   RO          943    .text               mc_w.l(llsshr.o)
    0x08004bc4   0x00000000   Code   RO          945    .text               mc_w.l(iusefp.o)
    0x08004bc4   0x0000006c   Code   RO          946    .text               mf_w.l(fepilogue.o)
    0x08004c30   0x000000be   Code   RO          948    .text               mf_w.l(depilogue.o)
    0x08004cee   0x00000030   Code   RO          950    .text               mf_w.l(dfixul.o)
    0x08004d1e   0x00000002   PAD
    0x08004d20   0x00000024   Code   RO          952    .text               mc_w.l(init.o)
    0x08004d44   0x00000020   Code   RO          954    .text               mc_w.l(llushr.o)
    0x08004d64   0x00000020   Code   RO          868    i.__0printf         mc_w.l(printfa.o)
    0x08004d84   0x00000028   Code   RO          870    i.__0sprintf        mc_w.l(printfa.o)
    0x08004dac   0x0000000e   Code   RO          958    i.__scatterload_copy  mc_w.l(handlers.o)
    0x08004dba   0x00000002   Code   RO          959    i.__scatterload_null  mc_w.l(handlers.o)
    0x08004dbc   0x0000000e   Code   RO          960    i.__scatterload_zeroinit  mc_w.l(handlers.o)
    0x08004dca   0x00000002   PAD
    0x08004dcc   0x0000015c   Code   RO          875    i._fp_digits        mc_w.l(printfa.o)
    0x08004f28   0x000006f0   Code   RO          876    i._printf_core      mc_w.l(printfa.o)
    0x08005618   0x00000026   Code   RO          877    i._printf_post_padding  mc_w.l(printfa.o)
    0x0800563e   0x00000030   Code   RO          878    i._printf_pre_padding  mc_w.l(printfa.o)
    0x0800566e   0x0000000a   Code   RO          880    i._sputc            mc_w.l(printfa.o)
    0x08005678   0x000011d0   Data   RO          614    .constdata          lcd.o
    0x08006848   0x00000020   Data   RO          956    Region$$Table       anon$$obj.o


    Execution Region RW_IRAM1 (Base: 0x20000000, Size: 0x000004a8, Max: 0x00005000, ABSOLUTE)

    Base Addr    Size         Type   Attr      Idx    E Section Name        Object

    0x20000000   0x00000014   Data   RW          290    .data               stm32f10x_rcc.o
    0x20000014   0x00000014   Data   RW          386    .data               system_stm32f10x.o
    0x20000028   0x00000024   Data   RW          405    .data               main.o
    0x2000004c   0x00000004   Data   RW          504    .data               delay.o
    0x20000050   0x00000004   Data   RW          563    .data               bsp_adc.o
    0x20000054   0x00000013   Data   RW          581    .data               bsp_adc_key.o
    0x20000067   0x00000001   PAD
    0x20000068   0x00000006   Data   RW          615    .data               lcd.o
    0x2000006e   0x00000002   PAD
    0x20000070   0x00000004   Data   RW          936    .data               mc_w.l(stdout.o)
    0x20000074   0x00000030   Zero   RW          404    .bss                main.o
    0x200000a4   0x00000004   PAD
    0x200000a8   0x00000400   Zero   RW            1    STACK               startup_stm32f10x_md.o


==============================================================================

Image component sizes


      Code (inc. data)   RO Data    RW Data    ZI Data      Debug   Object Name

       312         16          0          4          0       1625   bsp_adc.o
       436         28          0         19          0       2209   bsp_adc_key.o
       144          4          0          0          0        744   bsp_analogvoltage.o
       200         10          0          0          0        887   bsp_led.o
       144         16          0          4          0      16458   delay.o
       768          4          0          0          0       3269   i2c.o
      2652         68       4560          6          0       8609   lcd.o
      3708        614          0         36         48       4868   main.o
       220         20          0          0          0     272341   misc.o
        36          8        236          0       1024        780   startup_stm32f10x_md.o
      1102         26          0          0          0      10953   stm32f10x_adc.o
       592          8          0          0          0       4446   stm32f10x_dma.o
       856         40          0          0          0       5761   stm32f10x_gpio.o
        24          0          0          0          0       1118   stm32f10x_it.o
       932         44          0         20          0       8960   stm32f10x_rcc.o
      3610         88          0          0          0      22252   stm32f10x_tim.o
      1032         22          0          0          0       8488   stm32f10x_usart.o
       476         36          0         20          0       1871   system_stm32f10x.o
       100          6          0          0          0        552   tim.o
       284         10          0          0          0       2994   usart.o

    ----------------------------------------------------------------------
     17632       1068       4828        112       1076     379185   Object Totals
         0          0         32          0          0          0   (incl. Generated)
         4          0          0          3          4          0   (incl. Padding)

    ----------------------------------------------------------------------

      Code (inc. data)   RO Data    RW Data    ZI Data      Debug   Library Member Name

         0          0          0          0          0          0   entry.o
         0          0          0          0          0          0   entry10a.o
         0          0          0          0          0          0   entry11a.o
         8          4          0          0          0          0   entry2.o
         4          0          0          0          0          0   entry5.o
         0          0          0          0          0          0   entry7b.o
         0          0          0          0          0          0   entry8b.o
         8          4          0          0          0          0   entry9a.o
        30          0          0          0          0          0   handlers.o
        36          8          0          0          0         68   init.o
         0          0          0          0          0          0   iusefp.o
        30          0          0          0          0         68   llshl.o
        36          0          0          0          0         68   llsshr.o
        32          0          0          0          0         68   llushr.o
      2292         96          0          0          0        596   printfa.o
         0          0          0          4          0          0   stdout.o
        44          0          0          0          0         80   uidiv.o
        98          0          0          0          0         92   uldiv.o
        40          2          0          0          0         68   cdcmple.o
        40          2          0          0          0         68   cdrcmple.o
        20          0          0          0          0         68   cfcmple.o
        56          0          0          0          0         88   d2f.o
       334          0          0          0          0        148   dadd.o
       222          0          0          0          0        100   ddiv.o
       190          0          0          0          0        176   depilogue.o
        48          0          0          0          0         68   dfixul.o
        26          0          0          0          0         76   dfltui.o
       228          0          0          0          0         96   dmul.o
        38          0          0          0          0         68   f2d.o
       128          0          0          0          0         88   fdiv.o
       108          0          0          0          0        168   fepilogue.o
        40          0          0          0          0         68   ffixui.o
        18          0          0          0          0         68   fflti.o
       108          0          0          0          0         76   fmul.o

    ----------------------------------------------------------------------
      4268        116          0          4          0       2532   Library Totals
         6          0          0          0          0          0   (incl. Padding)

    ----------------------------------------------------------------------

      Code (inc. data)   RO Data    RW Data    ZI Data      Debug   Library Name

      2618        112          0          4          0       1040   mc_w.l
      1644          4          0          0          0       1492   mf_w.l

    ----------------------------------------------------------------------
      4268        116          0          4          0       2532   Library Totals

    ----------------------------------------------------------------------

==============================================================================


      Code (inc. data)   RO Data    RW Data    ZI Data      Debug   

     21900       1184       4828        116       1076     378441   Grand Totals
     21900       1184       4828        116       1076     378441   ELF Image Totals
     21900       1184       4828        116          0          0   ROM Totals

==============================================================================

    Total RO  Size (Code + RO Data)                26728 (  26.10kB)
    Total RW  Size (RW Data + ZI Data)              1192 (   1.16kB)
    Total ROM Size (Code + RO Data + RW Data)      26844 (  26.21kB)

==============================================================================

