ARM Linker, 5.03 [Build 76] [MDK-ARM Standard]

==============================================================================

Section Cross References

    startup_stm32f10x_md.o(RESET) refers to startup_stm32f10x_md.o(STACK) for __initial_sp
    startup_stm32f10x_md.o(RESET) refers to startup_stm32f10x_md.o(.text) for Reset_Handler
    startup_stm32f10x_md.o(RESET) refers to stm32f10x_it.o(.text) for NMI_Handler
    startup_stm32f10x_md.o(RESET) refers to delay.o(.text) for SysTick_Handler
    startup_stm32f10x_md.o(RESET) refers to pwm.o(.text) for TIM3_IRQHandler
    startup_stm32f10x_md.o(RESET) refers to main.o(.text) for TIM4_IRQHandler
    startup_stm32f10x_md.o(.text) refers to system_stm32f10x.o(.text) for SystemInit
    startup_stm32f10x_md.o(.text) refers to entry.o(.ARM.Collect$$$$00000000) for __main
    stm32f10x_adc.o(.text) refers to stm32f10x_rcc.o(.text) for RCC_APB2PeriphResetCmd
    stm32f10x_bkp.o(.text) refers to stm32f10x_rcc.o(.text) for RCC_BackupResetCmd
    stm32f10x_can.o(.text) refers to stm32f10x_rcc.o(.text) for RCC_APB1PeriphResetCmd
    stm32f10x_cec.o(.text) refers to stm32f10x_rcc.o(.text) for RCC_APB1PeriphResetCmd
    stm32f10x_dac.o(.text) refers to stm32f10x_rcc.o(.text) for RCC_APB1PeriphResetCmd
    stm32f10x_gpio.o(.text) refers to stm32f10x_rcc.o(.text) for RCC_APB2PeriphResetCmd
    stm32f10x_i2c.o(.text) refers to stm32f10x_rcc.o(.text) for RCC_APB1PeriphResetCmd
    stm32f10x_pwr.o(.text) refers to stm32f10x_rcc.o(.text) for RCC_APB1PeriphResetCmd
    stm32f10x_rcc.o(.text) refers to stm32f10x_rcc.o(.data) for APBAHBPrescTable
    stm32f10x_spi.o(.text) refers to stm32f10x_rcc.o(.text) for RCC_APB2PeriphResetCmd
    stm32f10x_tim.o(.text) refers to stm32f10x_rcc.o(.text) for RCC_APB2PeriphResetCmd
    stm32f10x_usart.o(.text) refers to stm32f10x_rcc.o(.text) for RCC_APB2PeriphResetCmd
    stm32f10x_wwdg.o(.text) refers to stm32f10x_rcc.o(.text) for RCC_APB1PeriphResetCmd
    system_stm32f10x.o(.text) refers to system_stm32f10x.o(.data) for SystemCoreClock
    main.o(.text) refers to bsp_led.o(.text) for LED_Control
    main.o(.text) refers to bsp_adc.o(.text) for Get_AdcAverage
    main.o(.text) refers to dfltui.o(.text) for __aeabi_ui2d
    main.o(.text) refers to dmul.o(.text) for __aeabi_dmul
    main.o(.text) refers to dfixui.o(.text) for __aeabi_d2uiz
    main.o(.text) refers to lcd.o(.text) for LCD_DisplayStringLine
    main.o(.text) refers to printf1.o(i.__0sprintf$1) for __2sprintf
    main.o(.text) refers to misc.o(.text) for NVIC_PriorityGroupConfig
    main.o(.text) refers to delay.o(.text) for Delay_Init
    main.o(.text) refers to bsp_key.o(.text) for Key_Init
    main.o(.text) refers to tim.o(.text) for Tim4_Init
    main.o(.text) refers to pwm.o(.text) for PWM_Init
    main.o(.text) refers to stm32f10x_tim.o(.text) for TIM_GetITStatus
    main.o(.text) refers to main.o(.data) for System
    main.o(.text) refers to main.o(.bss) for Voltstring
    main.o(.text) refers to bsp_key.o(.data) for key_falling
    bsp_led.o(.text) refers to stm32f10x_rcc.o(.text) for RCC_APB2PeriphClockCmd
    bsp_led.o(.text) refers to stm32f10x_gpio.o(.text) for GPIO_Init
    bsp_key.o(.text) refers to stm32f10x_rcc.o(.text) for RCC_APB2PeriphClockCmd
    bsp_key.o(.text) refers to stm32f10x_gpio.o(.text) for GPIO_Init
    bsp_key.o(.text) refers to bsp_key.o(.data) for key_state
    delay.o(.text) refers to system_stm32f10x.o(.data) for SystemCoreClock
    delay.o(.text) refers to delay.o(.data) for TimingDelay
    bsp_adc.o(.text) refers to stm32f10x_rcc.o(.text) for RCC_APB2PeriphClockCmd
    bsp_adc.o(.text) refers to stm32f10x_gpio.o(.text) for GPIO_Init
    bsp_adc.o(.text) refers to stm32f10x_adc.o(.text) for ADC_DeInit
    bsp_adc.o(.text) refers to delay.o(.text) for Delay_10ms
    tim.o(.text) refers to stm32f10x_rcc.o(.text) for RCC_APB1PeriphClockCmd
    tim.o(.text) refers to misc.o(.text) for NVIC_Init
    tim.o(.text) refers to stm32f10x_tim.o(.text) for TIM_TimeBaseInit
    pwm.o(.text) refers to stm32f10x_rcc.o(.text) for RCC_APB1PeriphClockCmd
    pwm.o(.text) refers to stm32f10x_gpio.o(.text) for GPIO_Init
    pwm.o(.text) refers to misc.o(.text) for NVIC_Init
    pwm.o(.text) refers to stm32f10x_tim.o(.text) for TIM_DeInit
    pwm.o(.text) refers to dfltui.o(.text) for __aeabi_ui2d
    pwm.o(.text) refers to dmul.o(.text) for __aeabi_dmul
    pwm.o(.text) refers to d2f.o(.text) for __aeabi_d2f
    pwm.o(.text) refers to ffltui.o(.text) for __aeabi_ui2f
    pwm.o(.text) refers to fmul.o(.text) for __aeabi_fmul
    pwm.o(.text) refers to fadd.o(.text) for __aeabi_fadd
    pwm.o(.text) refers to ffixui.o(.text) for __aeabi_f2uiz
    pwm.o(.text) refers to f2d.o(.text) for __aeabi_f2d
    pwm.o(.text) refers to dadd.o(.text) for __aeabi_drsub
    pwm.o(.text) refers to dfixui.o(.text) for __aeabi_d2uiz
    pwm.o(.text) refers to system_stm32f10x.o(.data) for SystemCoreClock
    pwm.o(.text) refers to pwm.o(.data) for PA6_Duty
    lcd.o(.text) refers to stm32f10x_gpio.o(.text) for GPIO_Init
    lcd.o(.text) refers to delay.o(.text) for Delay_Ms
    lcd.o(.text) refers to lcd.o(.data) for BackColor
    lcd.o(.text) refers to stm32f10x_rcc.o(.text) for RCC_APB2PeriphClockCmd
    lcd.o(.text) refers to lcd.o(.constdata) for ASCII_Table
    entry.o(.ARM.Collect$$$$00000000) refers (Special) to entry10a.o(.ARM.Collect$$$$0000000D) for __rt_final_cpp
    entry.o(.ARM.Collect$$$$00000000) refers (Special) to entry11a.o(.ARM.Collect$$$$0000000F) for __rt_final_exit
    entry.o(.ARM.Collect$$$$00000000) refers (Special) to entry7b.o(.ARM.Collect$$$$00000008) for _main_clock
    entry.o(.ARM.Collect$$$$00000000) refers (Special) to entry8b.o(.ARM.Collect$$$$0000000A) for _main_cpp_init
    entry.o(.ARM.Collect$$$$00000000) refers (Special) to entry9a.o(.ARM.Collect$$$$0000000B) for _main_init
    entry.o(.ARM.Collect$$$$00000000) refers (Special) to entry5.o(.ARM.Collect$$$$00000004) for _main_scatterload
    entry.o(.ARM.Collect$$$$00000000) refers (Special) to entry2.o(.ARM.Collect$$$$00000001) for _main_stk
    printfb.o(i.__0fprintf$bare) refers to printfb.o(i._printf_core) for _printf_core
    printfb.o(i.__0fprintf$bare) refers to fputc.o(i.fputc) for fputc
    printfb.o(i.__0printf$bare) refers to printfb.o(i._printf_core) for _printf_core
    printfb.o(i.__0printf$bare) refers to fputc.o(i.fputc) for fputc
    printfb.o(i.__0printf$bare) refers to stdout.o(.data) for __stdout
    printfb.o(i.__0snprintf$bare) refers to printfb.o(i._printf_core) for _printf_core
    printfb.o(i.__0snprintf$bare) refers to printfb.o(i._snputc) for _snputc
    printfb.o(i.__0sprintf$bare) refers to printfb.o(i._printf_core) for _printf_core
    printfb.o(i.__0sprintf$bare) refers to printfb.o(i._sputc) for _sputc
    printfb.o(i.__0vfprintf$bare) refers to printfb.o(i._printf_core) for _printf_core
    printfb.o(i.__0vfprintf$bare) refers to fputc.o(i.fputc) for fputc
    printfb.o(i.__0vprintf$bare) refers to printfb.o(i._printf_core) for _printf_core
    printfb.o(i.__0vprintf$bare) refers to fputc.o(i.fputc) for fputc
    printfb.o(i.__0vprintf$bare) refers to stdout.o(.data) for __stdout
    printfb.o(i.__0vsnprintf$bare) refers to printfb.o(i._printf_core) for _printf_core
    printfb.o(i.__0vsnprintf$bare) refers to printfb.o(i._snputc) for _snputc
    printfb.o(i.__0vsprintf$bare) refers to printfb.o(i._printf_core) for _printf_core
    printfb.o(i.__0vsprintf$bare) refers to printfb.o(i._sputc) for _sputc
    printf0.o(i.__0fprintf$0) refers to printf0.o(i._printf_core) for _printf_core
    printf0.o(i.__0fprintf$0) refers to fputc.o(i.fputc) for fputc
    printf0.o(i.__0printf$0) refers to printf0.o(i._printf_core) for _printf_core
    printf0.o(i.__0printf$0) refers to fputc.o(i.fputc) for fputc
    printf0.o(i.__0printf$0) refers to stdout.o(.data) for __stdout
    printf0.o(i.__0snprintf$0) refers to printf0.o(i._printf_core) for _printf_core
    printf0.o(i.__0snprintf$0) refers to printf0.o(i._snputc) for _snputc
    printf0.o(i.__0sprintf$0) refers to printf0.o(i._printf_core) for _printf_core
    printf0.o(i.__0sprintf$0) refers to printf0.o(i._sputc) for _sputc
    printf0.o(i.__0vfprintf$0) refers to printf0.o(i._printf_core) for _printf_core
    printf0.o(i.__0vfprintf$0) refers to fputc.o(i.fputc) for fputc
    printf0.o(i.__0vprintf$0) refers to printf0.o(i._printf_core) for _printf_core
    printf0.o(i.__0vprintf$0) refers to fputc.o(i.fputc) for fputc
    printf0.o(i.__0vprintf$0) refers to stdout.o(.data) for __stdout
    printf0.o(i.__0vsnprintf$0) refers to printf0.o(i._printf_core) for _printf_core
    printf0.o(i.__0vsnprintf$0) refers to printf0.o(i._snputc) for _snputc
    printf0.o(i.__0vsprintf$0) refers to printf0.o(i._printf_core) for _printf_core
    printf0.o(i.__0vsprintf$0) refers to printf0.o(i._sputc) for _sputc
    printf1.o(i.__0fprintf$1) refers to printf1.o(i._printf_core) for _printf_core
    printf1.o(i.__0fprintf$1) refers to fputc.o(i.fputc) for fputc
    printf1.o(i.__0printf$1) refers to printf1.o(i._printf_core) for _printf_core
    printf1.o(i.__0printf$1) refers to fputc.o(i.fputc) for fputc
    printf1.o(i.__0printf$1) refers to stdout.o(.data) for __stdout
    printf1.o(i.__0snprintf$1) refers to printf1.o(i._printf_core) for _printf_core
    printf1.o(i.__0snprintf$1) refers to printf1.o(i._snputc) for _snputc
    printf1.o(i.__0sprintf$1) refers to printf1.o(i._printf_core) for _printf_core
    printf1.o(i.__0sprintf$1) refers to printf1.o(i._sputc) for _sputc
    printf1.o(i.__0vfprintf$1) refers to printf1.o(i._printf_core) for _printf_core
    printf1.o(i.__0vfprintf$1) refers to fputc.o(i.fputc) for fputc
    printf1.o(i.__0vprintf$1) refers to printf1.o(i._printf_core) for _printf_core
    printf1.o(i.__0vprintf$1) refers to fputc.o(i.fputc) for fputc
    printf1.o(i.__0vprintf$1) refers to stdout.o(.data) for __stdout
    printf1.o(i.__0vsnprintf$1) refers to printf1.o(i._printf_core) for _printf_core
    printf1.o(i.__0vsnprintf$1) refers to printf1.o(i._snputc) for _snputc
    printf1.o(i.__0vsprintf$1) refers to printf1.o(i._printf_core) for _printf_core
    printf1.o(i.__0vsprintf$1) refers to printf1.o(i._sputc) for _sputc
    printf1.o(i._printf_core) refers to uidiv.o(.text) for __aeabi_uidivmod
    printf2.o(i.__0fprintf$2) refers to printf2.o(i._printf_core) for _printf_core
    printf2.o(i.__0fprintf$2) refers to fputc.o(i.fputc) for fputc
    printf2.o(i.__0printf$2) refers to printf2.o(i._printf_core) for _printf_core
    printf2.o(i.__0printf$2) refers to fputc.o(i.fputc) for fputc
    printf2.o(i.__0printf$2) refers to stdout.o(.data) for __stdout
    printf2.o(i.__0snprintf$2) refers to printf2.o(i._printf_core) for _printf_core
    printf2.o(i.__0snprintf$2) refers to printf2.o(i._snputc) for _snputc
    printf2.o(i.__0sprintf$2) refers to printf2.o(i._printf_core) for _printf_core
    printf2.o(i.__0sprintf$2) refers to printf2.o(i._sputc) for _sputc
    printf2.o(i.__0vfprintf$2) refers to printf2.o(i._printf_core) for _printf_core
    printf2.o(i.__0vfprintf$2) refers to fputc.o(i.fputc) for fputc
    printf2.o(i.__0vprintf$2) refers to printf2.o(i._printf_core) for _printf_core
    printf2.o(i.__0vprintf$2) refers to fputc.o(i.fputc) for fputc
    printf2.o(i.__0vprintf$2) refers to stdout.o(.data) for __stdout
    printf2.o(i.__0vsnprintf$2) refers to printf2.o(i._printf_core) for _printf_core
    printf2.o(i.__0vsnprintf$2) refers to printf2.o(i._snputc) for _snputc
    printf2.o(i.__0vsprintf$2) refers to printf2.o(i._printf_core) for _printf_core
    printf2.o(i.__0vsprintf$2) refers to printf2.o(i._sputc) for _sputc
    printf3.o(i.__0fprintf$3) refers to printf3.o(i._printf_core) for _printf_core
    printf3.o(i.__0fprintf$3) refers to fputc.o(i.fputc) for fputc
    printf3.o(i.__0printf$3) refers to printf3.o(i._printf_core) for _printf_core
    printf3.o(i.__0printf$3) refers to fputc.o(i.fputc) for fputc
    printf3.o(i.__0printf$3) refers to stdout.o(.data) for __stdout
    printf3.o(i.__0snprintf$3) refers to printf3.o(i._printf_core) for _printf_core
    printf3.o(i.__0snprintf$3) refers to printf3.o(i._snputc) for _snputc
    printf3.o(i.__0sprintf$3) refers to printf3.o(i._printf_core) for _printf_core
    printf3.o(i.__0sprintf$3) refers to printf3.o(i._sputc) for _sputc
    printf3.o(i.__0vfprintf$3) refers to printf3.o(i._printf_core) for _printf_core
    printf3.o(i.__0vfprintf$3) refers to fputc.o(i.fputc) for fputc
    printf3.o(i.__0vprintf$3) refers to printf3.o(i._printf_core) for _printf_core
    printf3.o(i.__0vprintf$3) refers to fputc.o(i.fputc) for fputc
    printf3.o(i.__0vprintf$3) refers to stdout.o(.data) for __stdout
    printf3.o(i.__0vsnprintf$3) refers to printf3.o(i._printf_core) for _printf_core
    printf3.o(i.__0vsnprintf$3) refers to printf3.o(i._snputc) for _snputc
    printf3.o(i.__0vsprintf$3) refers to printf3.o(i._printf_core) for _printf_core
    printf3.o(i.__0vsprintf$3) refers to printf3.o(i._sputc) for _sputc
    printf3.o(i._printf_core) refers to uidiv.o(.text) for __aeabi_uidivmod
    printf4.o(i.__0fprintf$4) refers to printf4.o(i._printf_core) for _printf_core
    printf4.o(i.__0fprintf$4) refers to fputc.o(i.fputc) for fputc
    printf4.o(i.__0printf$4) refers to printf4.o(i._printf_core) for _printf_core
    printf4.o(i.__0printf$4) refers to fputc.o(i.fputc) for fputc
    printf4.o(i.__0printf$4) refers to stdout.o(.data) for __stdout
    printf4.o(i.__0snprintf$4) refers to printf4.o(i._printf_core) for _printf_core
    printf4.o(i.__0snprintf$4) refers to printf4.o(i._snputc) for _snputc
    printf4.o(i.__0sprintf$4) refers to printf4.o(i._printf_core) for _printf_core
    printf4.o(i.__0sprintf$4) refers to printf4.o(i._sputc) for _sputc
    printf4.o(i.__0vfprintf$4) refers to printf4.o(i._printf_core) for _printf_core
    printf4.o(i.__0vfprintf$4) refers to fputc.o(i.fputc) for fputc
    printf4.o(i.__0vprintf$4) refers to printf4.o(i._printf_core) for _printf_core
    printf4.o(i.__0vprintf$4) refers to fputc.o(i.fputc) for fputc
    printf4.o(i.__0vprintf$4) refers to stdout.o(.data) for __stdout
    printf4.o(i.__0vsnprintf$4) refers to printf4.o(i._printf_core) for _printf_core
    printf4.o(i.__0vsnprintf$4) refers to printf4.o(i._snputc) for _snputc
    printf4.o(i.__0vsprintf$4) refers to printf4.o(i._printf_core) for _printf_core
    printf4.o(i.__0vsprintf$4) refers to printf4.o(i._sputc) for _sputc
    printf4.o(i._printf_core) refers to uldiv.o(.text) for __aeabi_uldivmod
    printf5.o(i.__0fprintf$5) refers to printf5.o(i._printf_core) for _printf_core
    printf5.o(i.__0fprintf$5) refers to fputc.o(i.fputc) for fputc
    printf5.o(i.__0printf$5) refers to printf5.o(i._printf_core) for _printf_core
    printf5.o(i.__0printf$5) refers to fputc.o(i.fputc) for fputc
    printf5.o(i.__0printf$5) refers to stdout.o(.data) for __stdout
    printf5.o(i.__0snprintf$5) refers to printf5.o(i._printf_core) for _printf_core
    printf5.o(i.__0snprintf$5) refers to printf5.o(i._snputc) for _snputc
    printf5.o(i.__0sprintf$5) refers to printf5.o(i._printf_core) for _printf_core
    printf5.o(i.__0sprintf$5) refers to printf5.o(i._sputc) for _sputc
    printf5.o(i.__0vfprintf$5) refers to printf5.o(i._printf_core) for _printf_core
    printf5.o(i.__0vfprintf$5) refers to fputc.o(i.fputc) for fputc
    printf5.o(i.__0vprintf$5) refers to printf5.o(i._printf_core) for _printf_core
    printf5.o(i.__0vprintf$5) refers to fputc.o(i.fputc) for fputc
    printf5.o(i.__0vprintf$5) refers to stdout.o(.data) for __stdout
    printf5.o(i.__0vsnprintf$5) refers to printf5.o(i._printf_core) for _printf_core
    printf5.o(i.__0vsnprintf$5) refers to printf5.o(i._snputc) for _snputc
    printf5.o(i.__0vsprintf$5) refers to printf5.o(i._printf_core) for _printf_core
    printf5.o(i.__0vsprintf$5) refers to printf5.o(i._sputc) for _sputc
    printf5.o(i._printf_core) refers to uldiv.o(.text) for __aeabi_uldivmod
    printf6.o(i.__0fprintf$6) refers to printf6.o(i._printf_core) for _printf_core
    printf6.o(i.__0fprintf$6) refers to fputc.o(i.fputc) for fputc
    printf6.o(i.__0printf$6) refers to printf6.o(i._printf_core) for _printf_core
    printf6.o(i.__0printf$6) refers to fputc.o(i.fputc) for fputc
    printf6.o(i.__0printf$6) refers to stdout.o(.data) for __stdout
    printf6.o(i.__0snprintf$6) refers to printf6.o(i._printf_core) for _printf_core
    printf6.o(i.__0snprintf$6) refers to printf6.o(i._snputc) for _snputc
    printf6.o(i.__0sprintf$6) refers to printf6.o(i._printf_core) for _printf_core
    printf6.o(i.__0sprintf$6) refers to printf6.o(i._sputc) for _sputc
    printf6.o(i.__0vfprintf$6) refers to printf6.o(i._printf_core) for _printf_core
    printf6.o(i.__0vfprintf$6) refers to fputc.o(i.fputc) for fputc
    printf6.o(i.__0vprintf$6) refers to printf6.o(i._printf_core) for _printf_core
    printf6.o(i.__0vprintf$6) refers to fputc.o(i.fputc) for fputc
    printf6.o(i.__0vprintf$6) refers to stdout.o(.data) for __stdout
    printf6.o(i.__0vsnprintf$6) refers to printf6.o(i._printf_core) for _printf_core
    printf6.o(i.__0vsnprintf$6) refers to printf6.o(i._snputc) for _snputc
    printf6.o(i.__0vsprintf$6) refers to printf6.o(i._printf_core) for _printf_core
    printf6.o(i.__0vsprintf$6) refers to printf6.o(i._sputc) for _sputc
    printf6.o(i._printf_core) refers to printf6.o(i._printf_pre_padding) for _printf_pre_padding
    printf6.o(i._printf_core) refers to uidiv.o(.text) for __aeabi_uidivmod
    printf6.o(i._printf_core) refers to printf6.o(i._printf_post_padding) for _printf_post_padding
    printf7.o(i.__0fprintf$7) refers to printf7.o(i._printf_core) for _printf_core
    printf7.o(i.__0fprintf$7) refers to fputc.o(i.fputc) for fputc
    printf7.o(i.__0printf$7) refers to printf7.o(i._printf_core) for _printf_core
    printf7.o(i.__0printf$7) refers to fputc.o(i.fputc) for fputc
    printf7.o(i.__0printf$7) refers to stdout.o(.data) for __stdout
    printf7.o(i.__0snprintf$7) refers to printf7.o(i._printf_core) for _printf_core
    printf7.o(i.__0snprintf$7) refers to printf7.o(i._snputc) for _snputc
    printf7.o(i.__0sprintf$7) refers to printf7.o(i._printf_core) for _printf_core
    printf7.o(i.__0sprintf$7) refers to printf7.o(i._sputc) for _sputc
    printf7.o(i.__0vfprintf$7) refers to printf7.o(i._printf_core) for _printf_core
    printf7.o(i.__0vfprintf$7) refers to fputc.o(i.fputc) for fputc
    printf7.o(i.__0vprintf$7) refers to printf7.o(i._printf_core) for _printf_core
    printf7.o(i.__0vprintf$7) refers to fputc.o(i.fputc) for fputc
    printf7.o(i.__0vprintf$7) refers to stdout.o(.data) for __stdout
    printf7.o(i.__0vsnprintf$7) refers to printf7.o(i._printf_core) for _printf_core
    printf7.o(i.__0vsnprintf$7) refers to printf7.o(i._snputc) for _snputc
    printf7.o(i.__0vsprintf$7) refers to printf7.o(i._printf_core) for _printf_core
    printf7.o(i.__0vsprintf$7) refers to printf7.o(i._sputc) for _sputc
    printf7.o(i._printf_core) refers to printf7.o(i._printf_pre_padding) for _printf_pre_padding
    printf7.o(i._printf_core) refers to uldiv.o(.text) for __aeabi_uldivmod
    printf7.o(i._printf_core) refers to printf7.o(i._printf_post_padding) for _printf_post_padding
    printf8.o(i.__0fprintf$8) refers to printf8.o(i._printf_core) for _printf_core
    printf8.o(i.__0fprintf$8) refers to fputc.o(i.fputc) for fputc
    printf8.o(i.__0printf$8) refers to printf8.o(i._printf_core) for _printf_core
    printf8.o(i.__0printf$8) refers to fputc.o(i.fputc) for fputc
    printf8.o(i.__0printf$8) refers to stdout.o(.data) for __stdout
    printf8.o(i.__0snprintf$8) refers to printf8.o(i._printf_core) for _printf_core
    printf8.o(i.__0snprintf$8) refers to printf8.o(i._snputc) for _snputc
    printf8.o(i.__0sprintf$8) refers to printf8.o(i._printf_core) for _printf_core
    printf8.o(i.__0sprintf$8) refers to printf8.o(i._sputc) for _sputc
    printf8.o(i.__0vfprintf$8) refers to printf8.o(i._printf_core) for _printf_core
    printf8.o(i.__0vfprintf$8) refers to fputc.o(i.fputc) for fputc
    printf8.o(i.__0vprintf$8) refers to printf8.o(i._printf_core) for _printf_core
    printf8.o(i.__0vprintf$8) refers to fputc.o(i.fputc) for fputc
    printf8.o(i.__0vprintf$8) refers to stdout.o(.data) for __stdout
    printf8.o(i.__0vsnprintf$8) refers to printf8.o(i._printf_core) for _printf_core
    printf8.o(i.__0vsnprintf$8) refers to printf8.o(i._snputc) for _snputc
    printf8.o(i.__0vsprintf$8) refers to printf8.o(i._printf_core) for _printf_core
    printf8.o(i.__0vsprintf$8) refers to printf8.o(i._sputc) for _sputc
    printf8.o(i._printf_core) refers to printf8.o(i._printf_pre_padding) for _printf_pre_padding
    printf8.o(i._printf_core) refers to uldiv.o(.text) for __aeabi_uldivmod
    printf8.o(i._printf_core) refers to printf8.o(i._printf_post_padding) for _printf_post_padding
    printfa.o(i.__0fprintf) refers (Special) to iusefp.o(.text) for __I$use$fp
    printfa.o(i.__0fprintf) refers to printfa.o(i._printf_core) for _printf_core
    printfa.o(i.__0fprintf) refers to fputc.o(i.fputc) for fputc
    printfa.o(i.__0printf) refers (Special) to iusefp.o(.text) for __I$use$fp
    printfa.o(i.__0printf) refers to printfa.o(i._printf_core) for _printf_core
    printfa.o(i.__0printf) refers to fputc.o(i.fputc) for fputc
    printfa.o(i.__0printf) refers to stdout.o(.data) for __stdout
    printfa.o(i.__0snprintf) refers (Special) to iusefp.o(.text) for __I$use$fp
    printfa.o(i.__0snprintf) refers to printfa.o(i._printf_core) for _printf_core
    printfa.o(i.__0snprintf) refers to printfa.o(i._snputc) for _snputc
    printfa.o(i.__0sprintf) refers (Special) to iusefp.o(.text) for __I$use$fp
    printfa.o(i.__0sprintf) refers to printfa.o(i._printf_core) for _printf_core
    printfa.o(i.__0sprintf) refers to printfa.o(i._sputc) for _sputc
    printfa.o(i.__0vfprintf) refers (Special) to iusefp.o(.text) for __I$use$fp
    printfa.o(i.__0vfprintf) refers to printfa.o(i._printf_core) for _printf_core
    printfa.o(i.__0vfprintf) refers to fputc.o(i.fputc) for fputc
    printfa.o(i.__0vprintf) refers (Special) to iusefp.o(.text) for __I$use$fp
    printfa.o(i.__0vprintf) refers to printfa.o(i._printf_core) for _printf_core
    printfa.o(i.__0vprintf) refers to fputc.o(i.fputc) for fputc
    printfa.o(i.__0vprintf) refers to stdout.o(.data) for __stdout
    printfa.o(i.__0vsnprintf) refers (Special) to iusefp.o(.text) for __I$use$fp
    printfa.o(i.__0vsnprintf) refers to printfa.o(i._printf_core) for _printf_core
    printfa.o(i.__0vsnprintf) refers to printfa.o(i._snputc) for _snputc
    printfa.o(i.__0vsprintf) refers (Special) to iusefp.o(.text) for __I$use$fp
    printfa.o(i.__0vsprintf) refers to printfa.o(i._printf_core) for _printf_core
    printfa.o(i.__0vsprintf) refers to printfa.o(i._sputc) for _sputc
    printfa.o(i._fp_digits) refers (Special) to iusefp.o(.text) for __I$use$fp
    printfa.o(i._fp_digits) refers to dmul.o(.text) for __aeabi_dmul
    printfa.o(i._fp_digits) refers to ddiv.o(.text) for __aeabi_ddiv
    printfa.o(i._fp_digits) refers to cdrcmple.o(.text) for __aeabi_cdrcmple
    printfa.o(i._fp_digits) refers to dadd.o(.text) for __aeabi_dadd
    printfa.o(i._fp_digits) refers to dfixul.o(.text) for __aeabi_d2ulz
    printfa.o(i._fp_digits) refers to uldiv.o(.text) for __aeabi_uldivmod
    printfa.o(i._printf_core) refers (Special) to iusefp.o(.text) for __I$use$fp
    printfa.o(i._printf_core) refers to printfa.o(i._printf_pre_padding) for _printf_pre_padding
    printfa.o(i._printf_core) refers to uldiv.o(.text) for __aeabi_uldivmod
    printfa.o(i._printf_core) refers to printfa.o(i._printf_post_padding) for _printf_post_padding
    printfa.o(i._printf_core) refers to printfa.o(i._fp_digits) for _fp_digits
    printfa.o(i._printf_core) refers to uidiv.o(.text) for __aeabi_uidivmod
    printfa.o(i._printf_post_padding) refers (Special) to iusefp.o(.text) for __I$use$fp
    printfa.o(i._printf_pre_padding) refers (Special) to iusefp.o(.text) for __I$use$fp
    printfa.o(i._snputc) refers (Special) to iusefp.o(.text) for __I$use$fp
    printfa.o(i._sputc) refers (Special) to iusefp.o(.text) for __I$use$fp
    fadd.o(.text) refers (Special) to iusefp.o(.text) for __I$use$fp
    fadd.o(.text) refers to fepilogue.o(.text) for _float_epilogue
    fmul.o(.text) refers (Special) to iusefp.o(.text) for __I$use$fp
    dadd.o(.text) refers (Special) to iusefp.o(.text) for __I$use$fp
    dadd.o(.text) refers to llshl.o(.text) for __aeabi_llsl
    dadd.o(.text) refers to llsshr.o(.text) for __aeabi_lasr
    dadd.o(.text) refers to depilogue.o(.text) for _double_epilogue
    dmul.o(.text) refers (Special) to iusefp.o(.text) for __I$use$fp
    dmul.o(.text) refers to depilogue.o(.text) for _double_epilogue
    ffltui.o(.text) refers (Special) to iusefp.o(.text) for __I$use$fp
    ffltui.o(.text) refers to fepilogue.o(.text) for _float_epilogue
    dfltui.o(.text) refers (Special) to iusefp.o(.text) for __I$use$fp
    dfltui.o(.text) refers to depilogue.o(.text) for _double_epilogue
    ffixui.o(.text) refers (Special) to iusefp.o(.text) for __I$use$fp
    dfixui.o(.text) refers (Special) to iusefp.o(.text) for __I$use$fp
    dfixui.o(.text) refers to llushr.o(.text) for __aeabi_llsr
    f2d.o(.text) refers (Special) to iusefp.o(.text) for __I$use$fp
    d2f.o(.text) refers (Special) to iusefp.o(.text) for __I$use$fp
    d2f.o(.text) refers to fepilogue.o(.text) for _float_round
    entry2.o(.ARM.Collect$$$$00000001) refers to entry2.o(.ARM.Collect$$$$00002712) for __lit__00000000
    entry2.o(.ARM.Collect$$$$00002712) refers to startup_stm32f10x_md.o(STACK) for __initial_sp
    entry2.o(__vectab_stack_and_reset_area) refers to startup_stm32f10x_md.o(STACK) for __initial_sp
    entry2.o(__vectab_stack_and_reset_area) refers to entry.o(.ARM.Collect$$$$00000000) for __main
    entry5.o(.ARM.Collect$$$$00000004) refers to init.o(.text) for __scatterload
    entry9a.o(.ARM.Collect$$$$0000000B) refers to main.o(.text) for main
    entry9b.o(.ARM.Collect$$$$0000000C) refers to main.o(.text) for main
    fputc.o(i.fputc) refers (Special) to iusesemip.o(.text) for __I$use$semihosting$fputc
    fputc.o(i.fputc) refers (Special) to semi.o(.text) for __semihosting_library_function
    uldiv.o(.text) refers to llushr.o(.text) for __aeabi_llsr
    uldiv.o(.text) refers to llshl.o(.text) for __aeabi_llsl
    depilogue.o(.text) refers to llshl.o(.text) for __aeabi_llsl
    depilogue.o(.text) refers to llushr.o(.text) for __aeabi_llsr
    ddiv.o(.text) refers to depilogue.o(.text) for _double_round
    dfixul.o(.text) refers to llushr.o(.text) for __aeabi_llsr
    dfixul.o(.text) refers to llshl.o(.text) for __aeabi_llsl
    init.o(.text) refers to entry5.o(.ARM.Collect$$$$00000004) for __main_after_scatterload


==============================================================================

Removing Unused input sections from the image.

    Removing startup_stm32f10x_md.o(HEAP), (512 bytes).
    Removing stm32f10x_bkp.o(.text), (196 bytes).
    Removing stm32f10x_can.o(.text), (2540 bytes).
    Removing stm32f10x_cec.o(.text), (288 bytes).
    Removing stm32f10x_crc.o(.text), (72 bytes).
    Removing stm32f10x_dac.o(.text), (396 bytes).
    Removing stm32f10x_dbgmcu.o(.text), (48 bytes).
    Removing stm32f10x_dma.o(.text), (592 bytes).
    Removing stm32f10x_exti.o(.text), (284 bytes).
    Removing stm32f10x_flash.o(.text), (1468 bytes).
    Removing stm32f10x_fsmc.o(.text), (1560 bytes).
    Removing stm32f10x_i2c.o(.text), (1028 bytes).
    Removing stm32f10x_iwdg.o(.text), (64 bytes).
    Removing stm32f10x_pwr.o(.text), (204 bytes).
    Removing stm32f10x_rtc.o(.text), (324 bytes).
    Removing stm32f10x_sdio.o(.text), (472 bytes).
    Removing stm32f10x_spi.o(.text), (780 bytes).
    Removing stm32f10x_usart.o(.text), (1032 bytes).
    Removing stm32f10x_wwdg.o(.text), (136 bytes).
    Removing core_cm3.o(.emb_text), (32 bytes).
    Removing ddiv.o(.text), (222 bytes).
    Removing dfixul.o(.text), (48 bytes).
    Removing cdrcmple.o(.text), (40 bytes).

23 unused section(s) (total 12338 bytes) removed from the image.

==============================================================================

Image Symbol Table

    Local Symbols

    Symbol Name                              Value     Ov Type        Size  Object(Section)

    ../clib/microlib/division.c              0x00000000   Number         0  uldiv.o ABSOLUTE
    ../clib/microlib/division.c              0x00000000   Number         0  uidiv.o ABSOLUTE
    ../clib/microlib/init/entry.s            0x00000000   Number         0  entry.o ABSOLUTE
    ../clib/microlib/init/entry.s            0x00000000   Number         0  entry7b.o ABSOLUTE
    ../clib/microlib/init/entry.s            0x00000000   Number         0  entry8a.o ABSOLUTE
    ../clib/microlib/init/entry.s            0x00000000   Number         0  entry8b.o ABSOLUTE
    ../clib/microlib/init/entry.s            0x00000000   Number         0  entry9a.o ABSOLUTE
    ../clib/microlib/init/entry.s            0x00000000   Number         0  entry11b.o ABSOLUTE
    ../clib/microlib/init/entry.s            0x00000000   Number         0  entry9b.o ABSOLUTE
    ../clib/microlib/init/entry.s            0x00000000   Number         0  entry10a.o ABSOLUTE
    ../clib/microlib/init/entry.s            0x00000000   Number         0  entry10b.o ABSOLUTE
    ../clib/microlib/init/entry.s            0x00000000   Number         0  entry11a.o ABSOLUTE
    ../clib/microlib/init/entry.s            0x00000000   Number         0  entry7a.o ABSOLUTE
    ../clib/microlib/init/entry.s            0x00000000   Number         0  entry5.o ABSOLUTE
    ../clib/microlib/init/entry.s            0x00000000   Number         0  entry2.o ABSOLUTE
    ../clib/microlib/longlong.c              0x00000000   Number         0  llshl.o ABSOLUTE
    ../clib/microlib/longlong.c              0x00000000   Number         0  llushr.o ABSOLUTE
    ../clib/microlib/longlong.c              0x00000000   Number         0  llsshr.o ABSOLUTE
    ../clib/microlib/printf/printf.c         0x00000000   Number         0  printf4.o ABSOLUTE
    ../clib/microlib/printf/printf.c         0x00000000   Number         0  printf5.o ABSOLUTE
    ../clib/microlib/printf/printf.c         0x00000000   Number         0  printf6.o ABSOLUTE
    ../clib/microlib/printf/printf.c         0x00000000   Number         0  printf7.o ABSOLUTE
    ../clib/microlib/printf/printf.c         0x00000000   Number         0  printf8.o ABSOLUTE
    ../clib/microlib/printf/printf.c         0x00000000   Number         0  printfa.o ABSOLUTE
    ../clib/microlib/printf/printf.c         0x00000000   Number         0  printf0.o ABSOLUTE
    ../clib/microlib/printf/printf.c         0x00000000   Number         0  printf1.o ABSOLUTE
    ../clib/microlib/printf/printf.c         0x00000000   Number         0  printfb.o ABSOLUTE
    ../clib/microlib/printf/printf.c         0x00000000   Number         0  printf2.o ABSOLUTE
    ../clib/microlib/printf/printf.c         0x00000000   Number         0  printf3.o ABSOLUTE
    ../clib/microlib/printf/stubs.s          0x00000000   Number         0  stubs.o ABSOLUTE
    ../clib/microlib/stdio/fputc.c           0x00000000   Number         0  fputc.o ABSOLUTE
    ../clib/microlib/stdio/semi.s            0x00000000   Number         0  semi.o ABSOLUTE
    ../clib/microlib/stdio/streams.c         0x00000000   Number         0  stdout.o ABSOLUTE
    ../clib/microlib/stubs.s                 0x00000000   Number         0  iusefp.o ABSOLUTE
    ../clib/microlib/stubs.s                 0x00000000   Number         0  iusesemip.o ABSOLUTE
    ../fplib/microlib/d2f.c                  0x00000000   Number         0  d2f.o ABSOLUTE
    ../fplib/microlib/f2d.c                  0x00000000   Number         0  f2d.o ABSOLUTE
    ../fplib/microlib/fpadd.c                0x00000000   Number         0  dadd.o ABSOLUTE
    ../fplib/microlib/fpadd.c                0x00000000   Number         0  fadd.o ABSOLUTE
    ../fplib/microlib/fpdiv.c                0x00000000   Number         0  ddiv.o ABSOLUTE
    ../fplib/microlib/fpepilogue.c           0x00000000   Number         0  depilogue.o ABSOLUTE
    ../fplib/microlib/fpepilogue.c           0x00000000   Number         0  fepilogue.o ABSOLUTE
    ../fplib/microlib/fpfix.c                0x00000000   Number         0  ffixui.o ABSOLUTE
    ../fplib/microlib/fpfix.c                0x00000000   Number         0  dfixui.o ABSOLUTE
    ../fplib/microlib/fpfix.c                0x00000000   Number         0  dfixul.o ABSOLUTE
    ../fplib/microlib/fpflt.c                0x00000000   Number         0  ffltui.o ABSOLUTE
    ../fplib/microlib/fpflt.c                0x00000000   Number         0  dfltui.o ABSOLUTE
    ../fplib/microlib/fpmul.c                0x00000000   Number         0  fmul.o ABSOLUTE
    ../fplib/microlib/fpmul.c                0x00000000   Number         0  dmul.o ABSOLUTE
    ..\DOC\bsp_xx.c                          0x00000000   Number         0  bsp_xx.o ABSOLUTE
    ..\Hardware\ADC\bsp_adc.c                0x00000000   Number         0  bsp_adc.o ABSOLUTE
    ..\Hardware\DELAY\delay.c                0x00000000   Number         0  delay.o ABSOLUTE
    ..\Hardware\KEY\bsp_key.c                0x00000000   Number         0  bsp_key.o ABSOLUTE
    ..\Hardware\LCD\lcd.c                    0x00000000   Number         0  lcd.o ABSOLUTE
    ..\Hardware\LED\bsp_led.c                0x00000000   Number         0  bsp_led.o ABSOLUTE
    ..\Hardware\PWM\pwm.c                    0x00000000   Number         0  pwm.o ABSOLUTE
    ..\Hardware\TIM\tim.c                    0x00000000   Number         0  tim.o ABSOLUTE
    ..\Libraries\CMSIS\core_cm3.c            0x00000000   Number         0  core_cm3.o ABSOLUTE
    ..\Libraries\CMSIS\system_stm32f10x.c    0x00000000   Number         0  system_stm32f10x.o ABSOLUTE
    ..\Libraries\STM32F10x_StdPeriph_Driver\src\misc.c 0x00000000   Number         0  misc.o ABSOLUTE
    ..\Libraries\STM32F10x_StdPeriph_Driver\src\stm32f10x_adc.c 0x00000000   Number         0  stm32f10x_adc.o ABSOLUTE
    ..\Libraries\STM32F10x_StdPeriph_Driver\src\stm32f10x_bkp.c 0x00000000   Number         0  stm32f10x_bkp.o ABSOLUTE
    ..\Libraries\STM32F10x_StdPeriph_Driver\src\stm32f10x_can.c 0x00000000   Number         0  stm32f10x_can.o ABSOLUTE
    ..\Libraries\STM32F10x_StdPeriph_Driver\src\stm32f10x_cec.c 0x00000000   Number         0  stm32f10x_cec.o ABSOLUTE
    ..\Libraries\STM32F10x_StdPeriph_Driver\src\stm32f10x_crc.c 0x00000000   Number         0  stm32f10x_crc.o ABSOLUTE
    ..\Libraries\STM32F10x_StdPeriph_Driver\src\stm32f10x_dac.c 0x00000000   Number         0  stm32f10x_dac.o ABSOLUTE
    ..\Libraries\STM32F10x_StdPeriph_Driver\src\stm32f10x_dbgmcu.c 0x00000000   Number         0  stm32f10x_dbgmcu.o ABSOLUTE
    ..\Libraries\STM32F10x_StdPeriph_Driver\src\stm32f10x_dma.c 0x00000000   Number         0  stm32f10x_dma.o ABSOLUTE
    ..\Libraries\STM32F10x_StdPeriph_Driver\src\stm32f10x_exti.c 0x00000000   Number         0  stm32f10x_exti.o ABSOLUTE
    ..\Libraries\STM32F10x_StdPeriph_Driver\src\stm32f10x_flash.c 0x00000000   Number         0  stm32f10x_flash.o ABSOLUTE
    ..\Libraries\STM32F10x_StdPeriph_Driver\src\stm32f10x_fsmc.c 0x00000000   Number         0  stm32f10x_fsmc.o ABSOLUTE
    ..\Libraries\STM32F10x_StdPeriph_Driver\src\stm32f10x_gpio.c 0x00000000   Number         0  stm32f10x_gpio.o ABSOLUTE
    ..\Libraries\STM32F10x_StdPeriph_Driver\src\stm32f10x_i2c.c 0x00000000   Number         0  stm32f10x_i2c.o ABSOLUTE
    ..\Libraries\STM32F10x_StdPeriph_Driver\src\stm32f10x_iwdg.c 0x00000000   Number         0  stm32f10x_iwdg.o ABSOLUTE
    ..\Libraries\STM32F10x_StdPeriph_Driver\src\stm32f10x_pwr.c 0x00000000   Number         0  stm32f10x_pwr.o ABSOLUTE
    ..\Libraries\STM32F10x_StdPeriph_Driver\src\stm32f10x_rcc.c 0x00000000   Number         0  stm32f10x_rcc.o ABSOLUTE
    ..\Libraries\STM32F10x_StdPeriph_Driver\src\stm32f10x_rtc.c 0x00000000   Number         0  stm32f10x_rtc.o ABSOLUTE
    ..\Libraries\STM32F10x_StdPeriph_Driver\src\stm32f10x_sdio.c 0x00000000   Number         0  stm32f10x_sdio.o ABSOLUTE
    ..\Libraries\STM32F10x_StdPeriph_Driver\src\stm32f10x_spi.c 0x00000000   Number         0  stm32f10x_spi.o ABSOLUTE
    ..\Libraries\STM32F10x_StdPeriph_Driver\src\stm32f10x_tim.c 0x00000000   Number         0  stm32f10x_tim.o ABSOLUTE
    ..\Libraries\STM32F10x_StdPeriph_Driver\src\stm32f10x_usart.c 0x00000000   Number         0  stm32f10x_usart.o ABSOLUTE
    ..\Libraries\STM32F10x_StdPeriph_Driver\src\stm32f10x_wwdg.c 0x00000000   Number         0  stm32f10x_wwdg.o ABSOLUTE
    ..\Users\main.c                          0x00000000   Number         0  main.o ABSOLUTE
    ..\Users\stm32f10x_it.c                  0x00000000   Number         0  stm32f10x_it.o ABSOLUTE
    ..\\Libraries\\CMSIS\\core_cm3.c         0x00000000   Number         0  core_cm3.o ABSOLUTE
    cdrcmple.s                               0x00000000   Number         0  cdrcmple.o ABSOLUTE
    dc.s                                     0x00000000   Number         0  dc.o ABSOLUTE
    handlers.s                               0x00000000   Number         0  handlers.o ABSOLUTE
    init.s                                   0x00000000   Number         0  init.o ABSOLUTE
    startup_stm32f10x_md.s                   0x00000000   Number         0  startup_stm32f10x_md.o ABSOLUTE
    RESET                                    0x08000000   Section      236  startup_stm32f10x_md.o(RESET)
    .ARM.Collect$$$$00000000                 0x080000ec   Section        0  entry.o(.ARM.Collect$$$$00000000)
    .ARM.Collect$$$$00000001                 0x080000ec   Section        4  entry2.o(.ARM.Collect$$$$00000001)
    .ARM.Collect$$$$00000004                 0x080000f0   Section        4  entry5.o(.ARM.Collect$$$$00000004)
    .ARM.Collect$$$$00000008                 0x080000f4   Section        0  entry7b.o(.ARM.Collect$$$$00000008)
    .ARM.Collect$$$$0000000A                 0x080000f4   Section        0  entry8b.o(.ARM.Collect$$$$0000000A)
    .ARM.Collect$$$$0000000B                 0x080000f4   Section        8  entry9a.o(.ARM.Collect$$$$0000000B)
    .ARM.Collect$$$$0000000D                 0x080000fc   Section        0  entry10a.o(.ARM.Collect$$$$0000000D)
    .ARM.Collect$$$$0000000F                 0x080000fc   Section        0  entry11a.o(.ARM.Collect$$$$0000000F)
    .ARM.Collect$$$$00002712                 0x080000fc   Section        4  entry2.o(.ARM.Collect$$$$00002712)
    __lit__00000000                          0x080000fc   Data           4  entry2.o(.ARM.Collect$$$$00002712)
    .text                                    0x08000100   Section       36  startup_stm32f10x_md.o(.text)
    .text                                    0x08000124   Section        0  misc.o(.text)
    .text                                    0x08000200   Section        0  stm32f10x_adc.o(.text)
    .text                                    0x08000650   Section        0  stm32f10x_gpio.o(.text)
    .text                                    0x080009a8   Section        0  stm32f10x_rcc.o(.text)
    .text                                    0x08000d4c   Section        0  stm32f10x_tim.o(.text)
    TI4_Config                               0x080011f3   Thumb Code   130  stm32f10x_tim.o(.text)
    TI3_Config                               0x08001287   Thumb Code   122  stm32f10x_tim.o(.text)
    TI2_Config                               0x0800131b   Thumb Code   130  stm32f10x_tim.o(.text)
    TI1_Config                               0x080013af   Thumb Code   108  stm32f10x_tim.o(.text)
    .text                                    0x08001b68   Section        0  system_stm32f10x.o(.text)
    SetSysClockTo72                          0x08001b69   Thumb Code   212  system_stm32f10x.o(.text)
    SetSysClock                              0x08001c3d   Thumb Code     8  system_stm32f10x.o(.text)
    .text                                    0x08001d44   Section        0  main.o(.text)
    .text                                    0x080020b8   Section        0  stm32f10x_it.o(.text)
    .text                                    0x080020d0   Section        0  bsp_led.o(.text)
    .text                                    0x080021a8   Section        0  bsp_key.o(.text)
    .text                                    0x08002250   Section        0  delay.o(.text)
    .text                                    0x080022e0   Section        0  bsp_adc.o(.text)
    .text                                    0x080023bc   Section        0  tim.o(.text)
    .text                                    0x08002420   Section        0  pwm.o(.text)
    .text                                    0x0800273c   Section        0  lcd.o(.text)
    .text                                    0x08003144   Section        0  fadd.o(.text)
    .text                                    0x080031f4   Section        0  fmul.o(.text)
    .text                                    0x08003260   Section        0  dadd.o(.text)
    .text                                    0x080033ae   Section        0  dmul.o(.text)
    .text                                    0x08003492   Section        0  ffltui.o(.text)
    .text                                    0x0800349c   Section        0  dfltui.o(.text)
    .text                                    0x080034b6   Section        0  ffixui.o(.text)
    .text                                    0x080034de   Section        0  dfixui.o(.text)
    .text                                    0x08003510   Section        0  f2d.o(.text)
    .text                                    0x08003536   Section        0  d2f.o(.text)
    .text                                    0x0800356e   Section        0  uidiv.o(.text)
    .text                                    0x0800359a   Section        0  llshl.o(.text)
    .text                                    0x080035b8   Section        0  llushr.o(.text)
    .text                                    0x080035d8   Section        0  llsshr.o(.text)
    .text                                    0x080035fc   Section        0  iusefp.o(.text)
    .text                                    0x080035fc   Section        0  fepilogue.o(.text)
    .text                                    0x08003668   Section        0  depilogue.o(.text)
    .text                                    0x08003728   Section       36  init.o(.text)
    i.__0sprintf$1                           0x0800374c   Section        0  printf1.o(i.__0sprintf$1)
    i.__scatterload_copy                     0x08003774   Section       14  handlers.o(i.__scatterload_copy)
    i.__scatterload_null                     0x08003782   Section        2  handlers.o(i.__scatterload_null)
    i.__scatterload_zeroinit                 0x08003784   Section       14  handlers.o(i.__scatterload_zeroinit)
    i._printf_core                           0x08003794   Section        0  printf1.o(i._printf_core)
    _printf_core                             0x08003795   Thumb Code   334  printf1.o(i._printf_core)
    i._sputc                                 0x080038e8   Section        0  printf1.o(i._sputc)
    _sputc                                   0x080038e9   Thumb Code    10  printf1.o(i._sputc)
    .constdata                               0x080038f2   Section     4560  lcd.o(.constdata)
    .data                                    0x20000000   Section       20  stm32f10x_rcc.o(.data)
    APBAHBPrescTable                         0x20000000   Data          16  stm32f10x_rcc.o(.data)
    ADCPrescTable                            0x20000010   Data           4  stm32f10x_rcc.o(.data)
    .data                                    0x20000014   Section       20  system_stm32f10x.o(.data)
    .data                                    0x20000028   Section       10  main.o(.data)
    key_cnt                                  0x20000028   Data           1  main.o(.data)
    pwm_cnt                                  0x20000029   Data           1  main.o(.data)
    .data                                    0x20000032   Section        3  bsp_key.o(.data)
    .data                                    0x20000038   Section        4  delay.o(.data)
    .data                                    0x2000003c   Section       14  pwm.o(.data)
    PA6_Flag                                 0x20000048   Data           1  pwm.o(.data)
    PA7_Flag                                 0x20000049   Data           1  pwm.o(.data)
    .data                                    0x2000004a   Section        6  lcd.o(.data)
    TextColor                                0x2000004a   Data           2  lcd.o(.data)
    BackColor                                0x2000004c   Data           2  lcd.o(.data)
    .bss                                     0x20000050   Section       60  main.o(.bss)
    STACK                                    0x20000090   Section     1024  startup_stm32f10x_md.o(STACK)

    Global Symbols

    Symbol Name                              Value     Ov Type        Size  Object(Section)

    BuildAttributes$$THM_ISAv4$P$D$K$B$S$PE$A:L22UL41UL21$X:L11$S22US41US21$IEEE1$IW$USESV6$~STKCKD$USESV7$~SHL$OTIME$ROPI$EBA8$MICROLIB$REQ8$PRES8$EABIv2 0x00000000   Number         0  anon$$obj.o ABSOLUTE
    __ARM_use_no_argv                        0x00000000   Number         0  main.o ABSOLUTE
    _printf_a                                0x00000000   Number         0  stubs.o ABSOLUTE
    _printf_c                                0x00000000   Number         0  stubs.o ABSOLUTE
    _printf_charcount                        0x00000000   Number         0  stubs.o ABSOLUTE
    _printf_d                                0x00000000   Number         0  stubs.o ABSOLUTE
    _printf_e                                0x00000000   Number         0  stubs.o ABSOLUTE
    _printf_f                                0x00000000   Number         0  stubs.o ABSOLUTE
    _printf_flags                            0x00000000   Number         0  stubs.o ABSOLUTE
    _printf_fp_dec                           0x00000000   Number         0  stubs.o ABSOLUTE
    _printf_fp_hex                           0x00000000   Number         0  stubs.o ABSOLUTE
    _printf_g                                0x00000000   Number         0  stubs.o ABSOLUTE
    _printf_i                                0x00000000   Number         0  stubs.o ABSOLUTE
    _printf_int_dec                          0x00000000   Number         0  stubs.o ABSOLUTE
    _printf_l                                0x00000000   Number         0  stubs.o ABSOLUTE
    _printf_lc                               0x00000000   Number         0  stubs.o ABSOLUTE
    _printf_ll                               0x00000000   Number         0  stubs.o ABSOLUTE
    _printf_lld                              0x00000000   Number         0  stubs.o ABSOLUTE
    _printf_lli                              0x00000000   Number         0  stubs.o ABSOLUTE
    _printf_llo                              0x00000000   Number         0  stubs.o ABSOLUTE
    _printf_llu                              0x00000000   Number         0  stubs.o ABSOLUTE
    _printf_llx                              0x00000000   Number         0  stubs.o ABSOLUTE
    _printf_longlong_dec                     0x00000000   Number         0  stubs.o ABSOLUTE
    _printf_longlong_hex                     0x00000000   Number         0  stubs.o ABSOLUTE
    _printf_longlong_oct                     0x00000000   Number         0  stubs.o ABSOLUTE
    _printf_ls                               0x00000000   Number         0  stubs.o ABSOLUTE
    _printf_mbtowc                           0x00000000   Number         0  stubs.o ABSOLUTE
    _printf_n                                0x00000000   Number         0  stubs.o ABSOLUTE
    _printf_o                                0x00000000   Number         0  stubs.o ABSOLUTE
    _printf_p                                0x00000000   Number         0  stubs.o ABSOLUTE
    _printf_percent                          0x00000000   Number         0  stubs.o ABSOLUTE
    _printf_pre_padding                      0x00000000   Number         0  stubs.o ABSOLUTE
    _printf_return_value                     0x00000000   Number         0  stubs.o ABSOLUTE
    _printf_s                                0x00000000   Number         0  stubs.o ABSOLUTE
    _printf_sizespec                         0x00000000   Number         0  stubs.o ABSOLUTE
    _printf_str                              0x00000000   Number         0  stubs.o ABSOLUTE
    _printf_truncate_signed                  0x00000000   Number         0  stubs.o ABSOLUTE
    _printf_truncate_unsigned                0x00000000   Number         0  stubs.o ABSOLUTE
    _printf_u                                0x00000000   Number         0  stubs.o ABSOLUTE
    _printf_wc                               0x00000000   Number         0  stubs.o ABSOLUTE
    _printf_wctomb                           0x00000000   Number         0  stubs.o ABSOLUTE
    _printf_widthprec                        0x00000000   Number         0  stubs.o ABSOLUTE
    _printf_x                                0x00000000   Number         0  stubs.o ABSOLUTE
    __cpp_initialize__aeabi_                  - Undefined Weak Reference
    __cxa_finalize                            - Undefined Weak Reference
    __decompress                              - Undefined Weak Reference
    _clock_init                               - Undefined Weak Reference
    _microlib_exit                            - Undefined Weak Reference
    __Vectors_Size                           0x000000ec   Number         0  startup_stm32f10x_md.o ABSOLUTE
    __Vectors                                0x08000000   Data           4  startup_stm32f10x_md.o(RESET)
    __Vectors_End                            0x080000ec   Data           0  startup_stm32f10x_md.o(RESET)
    __main                                   0x080000ed   Thumb Code     0  entry.o(.ARM.Collect$$$$00000000)
    _main_stk                                0x080000ed   Thumb Code     0  entry2.o(.ARM.Collect$$$$00000001)
    _main_scatterload                        0x080000f1   Thumb Code     0  entry5.o(.ARM.Collect$$$$00000004)
    __main_after_scatterload                 0x080000f5   Thumb Code     0  entry5.o(.ARM.Collect$$$$00000004)
    _main_clock                              0x080000f5   Thumb Code     0  entry7b.o(.ARM.Collect$$$$00000008)
    _main_cpp_init                           0x080000f5   Thumb Code     0  entry8b.o(.ARM.Collect$$$$0000000A)
    _main_init                               0x080000f5   Thumb Code     0  entry9a.o(.ARM.Collect$$$$0000000B)
    __rt_final_cpp                           0x080000fd   Thumb Code     0  entry10a.o(.ARM.Collect$$$$0000000D)
    __rt_final_exit                          0x080000fd   Thumb Code     0  entry11a.o(.ARM.Collect$$$$0000000F)
    Reset_Handler                            0x08000101   Thumb Code     8  startup_stm32f10x_md.o(.text)
    ADC1_2_IRQHandler                        0x0800011b   Thumb Code     0  startup_stm32f10x_md.o(.text)
    CAN1_RX1_IRQHandler                      0x0800011b   Thumb Code     0  startup_stm32f10x_md.o(.text)
    CAN1_SCE_IRQHandler                      0x0800011b   Thumb Code     0  startup_stm32f10x_md.o(.text)
    DMA1_Channel1_IRQHandler                 0x0800011b   Thumb Code     0  startup_stm32f10x_md.o(.text)
    DMA1_Channel2_IRQHandler                 0x0800011b   Thumb Code     0  startup_stm32f10x_md.o(.text)
    DMA1_Channel3_IRQHandler                 0x0800011b   Thumb Code     0  startup_stm32f10x_md.o(.text)
    DMA1_Channel4_IRQHandler                 0x0800011b   Thumb Code     0  startup_stm32f10x_md.o(.text)
    DMA1_Channel5_IRQHandler                 0x0800011b   Thumb Code     0  startup_stm32f10x_md.o(.text)
    DMA1_Channel6_IRQHandler                 0x0800011b   Thumb Code     0  startup_stm32f10x_md.o(.text)
    DMA1_Channel7_IRQHandler                 0x0800011b   Thumb Code     0  startup_stm32f10x_md.o(.text)
    EXTI0_IRQHandler                         0x0800011b   Thumb Code     0  startup_stm32f10x_md.o(.text)
    EXTI15_10_IRQHandler                     0x0800011b   Thumb Code     0  startup_stm32f10x_md.o(.text)
    EXTI1_IRQHandler                         0x0800011b   Thumb Code     0  startup_stm32f10x_md.o(.text)
    EXTI2_IRQHandler                         0x0800011b   Thumb Code     0  startup_stm32f10x_md.o(.text)
    EXTI3_IRQHandler                         0x0800011b   Thumb Code     0  startup_stm32f10x_md.o(.text)
    EXTI4_IRQHandler                         0x0800011b   Thumb Code     0  startup_stm32f10x_md.o(.text)
    EXTI9_5_IRQHandler                       0x0800011b   Thumb Code     0  startup_stm32f10x_md.o(.text)
    FLASH_IRQHandler                         0x0800011b   Thumb Code     0  startup_stm32f10x_md.o(.text)
    I2C1_ER_IRQHandler                       0x0800011b   Thumb Code     0  startup_stm32f10x_md.o(.text)
    I2C1_EV_IRQHandler                       0x0800011b   Thumb Code     0  startup_stm32f10x_md.o(.text)
    I2C2_ER_IRQHandler                       0x0800011b   Thumb Code     0  startup_stm32f10x_md.o(.text)
    I2C2_EV_IRQHandler                       0x0800011b   Thumb Code     0  startup_stm32f10x_md.o(.text)
    PVD_IRQHandler                           0x0800011b   Thumb Code     0  startup_stm32f10x_md.o(.text)
    RCC_IRQHandler                           0x0800011b   Thumb Code     0  startup_stm32f10x_md.o(.text)
    RTCAlarm_IRQHandler                      0x0800011b   Thumb Code     0  startup_stm32f10x_md.o(.text)
    RTC_IRQHandler                           0x0800011b   Thumb Code     0  startup_stm32f10x_md.o(.text)
    SPI1_IRQHandler                          0x0800011b   Thumb Code     0  startup_stm32f10x_md.o(.text)
    SPI2_IRQHandler                          0x0800011b   Thumb Code     0  startup_stm32f10x_md.o(.text)
    TAMPER_IRQHandler                        0x0800011b   Thumb Code     0  startup_stm32f10x_md.o(.text)
    TIM1_BRK_IRQHandler                      0x0800011b   Thumb Code     0  startup_stm32f10x_md.o(.text)
    TIM1_CC_IRQHandler                       0x0800011b   Thumb Code     0  startup_stm32f10x_md.o(.text)
    TIM1_TRG_COM_IRQHandler                  0x0800011b   Thumb Code     0  startup_stm32f10x_md.o(.text)
    TIM1_UP_IRQHandler                       0x0800011b   Thumb Code     0  startup_stm32f10x_md.o(.text)
    TIM2_IRQHandler                          0x0800011b   Thumb Code     0  startup_stm32f10x_md.o(.text)
    USART1_IRQHandler                        0x0800011b   Thumb Code     0  startup_stm32f10x_md.o(.text)
    USART2_IRQHandler                        0x0800011b   Thumb Code     0  startup_stm32f10x_md.o(.text)
    USART3_IRQHandler                        0x0800011b   Thumb Code     0  startup_stm32f10x_md.o(.text)
    USBWakeUp_IRQHandler                     0x0800011b   Thumb Code     0  startup_stm32f10x_md.o(.text)
    USB_HP_CAN1_TX_IRQHandler                0x0800011b   Thumb Code     0  startup_stm32f10x_md.o(.text)
    USB_LP_CAN1_RX0_IRQHandler               0x0800011b   Thumb Code     0  startup_stm32f10x_md.o(.text)
    WWDG_IRQHandler                          0x0800011b   Thumb Code     0  startup_stm32f10x_md.o(.text)
    NVIC_PriorityGroupConfig                 0x08000125   Thumb Code    10  misc.o(.text)
    NVIC_Init                                0x0800012f   Thumb Code   102  misc.o(.text)
    NVIC_SetVectorTable                      0x08000195   Thumb Code    14  misc.o(.text)
    NVIC_SystemLPConfig                      0x080001a3   Thumb Code    34  misc.o(.text)
    SysTick_CLKSourceConfig                  0x080001c5   Thumb Code    40  misc.o(.text)
    ADC_DeInit                               0x08000201   Thumb Code    78  stm32f10x_adc.o(.text)
    ADC_Init                                 0x0800024f   Thumb Code    70  stm32f10x_adc.o(.text)
    ADC_StructInit                           0x08000295   Thumb Code    18  stm32f10x_adc.o(.text)
    ADC_Cmd                                  0x080002a7   Thumb Code    22  stm32f10x_adc.o(.text)
    ADC_DMACmd                               0x080002bd   Thumb Code    22  stm32f10x_adc.o(.text)
    ADC_ITConfig                             0x080002d3   Thumb Code    24  stm32f10x_adc.o(.text)
    ADC_ResetCalibration                     0x080002eb   Thumb Code    10  stm32f10x_adc.o(.text)
    ADC_GetResetCalibrationStatus            0x080002f5   Thumb Code    20  stm32f10x_adc.o(.text)
    ADC_StartCalibration                     0x08000309   Thumb Code    10  stm32f10x_adc.o(.text)
    ADC_GetCalibrationStatus                 0x08000313   Thumb Code    20  stm32f10x_adc.o(.text)
    ADC_SoftwareStartConvCmd                 0x08000327   Thumb Code    22  stm32f10x_adc.o(.text)
    ADC_GetSoftwareStartConvStatus           0x0800033d   Thumb Code    20  stm32f10x_adc.o(.text)
    ADC_DiscModeChannelCountConfig           0x08000351   Thumb Code    24  stm32f10x_adc.o(.text)
    ADC_DiscModeCmd                          0x08000369   Thumb Code    22  stm32f10x_adc.o(.text)
    ADC_RegularChannelConfig                 0x0800037f   Thumb Code   184  stm32f10x_adc.o(.text)
    ADC_ExternalTrigConvCmd                  0x08000437   Thumb Code    22  stm32f10x_adc.o(.text)
    ADC_GetConversionValue                   0x0800044d   Thumb Code     8  stm32f10x_adc.o(.text)
    ADC_GetDualModeConversionValue           0x08000455   Thumb Code     8  stm32f10x_adc.o(.text)
    ADC_AutoInjectedConvCmd                  0x0800045d   Thumb Code    22  stm32f10x_adc.o(.text)
    ADC_InjectedDiscModeCmd                  0x08000473   Thumb Code    22  stm32f10x_adc.o(.text)
    ADC_ExternalTrigInjectedConvConfig       0x08000489   Thumb Code    16  stm32f10x_adc.o(.text)
    ADC_ExternalTrigInjectedConvCmd          0x08000499   Thumb Code    22  stm32f10x_adc.o(.text)
    ADC_SoftwareStartInjectedConvCmd         0x080004af   Thumb Code    22  stm32f10x_adc.o(.text)
    ADC_GetSoftwareStartInjectedConvCmdStatus 0x080004c5   Thumb Code    20  stm32f10x_adc.o(.text)
    ADC_InjectedChannelConfig                0x080004d9   Thumb Code   130  stm32f10x_adc.o(.text)
    ADC_InjectedSequencerLengthConfig        0x0800055b   Thumb Code    24  stm32f10x_adc.o(.text)
    ADC_SetInjectedOffset                    0x08000573   Thumb Code    20  stm32f10x_adc.o(.text)
    ADC_GetInjectedConversionValue           0x08000587   Thumb Code    28  stm32f10x_adc.o(.text)
    ADC_AnalogWatchdogCmd                    0x080005a3   Thumb Code    16  stm32f10x_adc.o(.text)
    ADC_AnalogWatchdogThresholdsConfig       0x080005b3   Thumb Code     6  stm32f10x_adc.o(.text)
    ADC_AnalogWatchdogSingleChannelConfig    0x080005b9   Thumb Code    16  stm32f10x_adc.o(.text)
    ADC_TempSensorVrefintCmd                 0x080005c9   Thumb Code    64  stm32f10x_adc.o(.text)
    ADC_GetFlagStatus                        0x08000609   Thumb Code    18  stm32f10x_adc.o(.text)
    ADC_ClearFlag                            0x0800061b   Thumb Code     6  stm32f10x_adc.o(.text)
    ADC_GetITStatus                          0x08000621   Thumb Code    36  stm32f10x_adc.o(.text)
    ADC_ClearITPendingBit                    0x08000645   Thumb Code    10  stm32f10x_adc.o(.text)
    GPIO_DeInit                              0x08000651   Thumb Code   172  stm32f10x_gpio.o(.text)
    GPIO_AFIODeInit                          0x080006fd   Thumb Code    20  stm32f10x_gpio.o(.text)
    GPIO_Init                                0x08000711   Thumb Code   274  stm32f10x_gpio.o(.text)
    GPIO_StructInit                          0x08000823   Thumb Code    16  stm32f10x_gpio.o(.text)
    GPIO_ReadInputDataBit                    0x08000833   Thumb Code    18  stm32f10x_gpio.o(.text)
    GPIO_ReadInputData                       0x08000845   Thumb Code     8  stm32f10x_gpio.o(.text)
    GPIO_ReadOutputDataBit                   0x0800084d   Thumb Code    18  stm32f10x_gpio.o(.text)
    GPIO_ReadOutputData                      0x0800085f   Thumb Code     8  stm32f10x_gpio.o(.text)
    GPIO_SetBits                             0x08000867   Thumb Code     4  stm32f10x_gpio.o(.text)
    GPIO_ResetBits                           0x0800086b   Thumb Code     4  stm32f10x_gpio.o(.text)
    GPIO_WriteBit                            0x0800086f   Thumb Code    10  stm32f10x_gpio.o(.text)
    GPIO_Write                               0x08000879   Thumb Code     4  stm32f10x_gpio.o(.text)
    GPIO_PinLockConfig                       0x0800087d   Thumb Code    18  stm32f10x_gpio.o(.text)
    GPIO_EventOutputConfig                   0x0800088f   Thumb Code    26  stm32f10x_gpio.o(.text)
    GPIO_EventOutputCmd                      0x080008a9   Thumb Code     6  stm32f10x_gpio.o(.text)
    GPIO_PinRemapConfig                      0x080008af   Thumb Code   138  stm32f10x_gpio.o(.text)
    GPIO_EXTILineConfig                      0x08000939   Thumb Code    66  stm32f10x_gpio.o(.text)
    GPIO_ETH_MediaInterfaceConfig            0x0800097b   Thumb Code     6  stm32f10x_gpio.o(.text)
    RCC_DeInit                               0x080009a9   Thumb Code    64  stm32f10x_rcc.o(.text)
    RCC_HSEConfig                            0x080009e9   Thumb Code    70  stm32f10x_rcc.o(.text)
    RCC_GetFlagStatus                        0x08000a2f   Thumb Code    56  stm32f10x_rcc.o(.text)
    RCC_WaitForHSEStartUp                    0x08000a67   Thumb Code    56  stm32f10x_rcc.o(.text)
    RCC_AdjustHSICalibrationValue            0x08000a9f   Thumb Code    20  stm32f10x_rcc.o(.text)
    RCC_HSICmd                               0x08000ab3   Thumb Code     6  stm32f10x_rcc.o(.text)
    RCC_PLLConfig                            0x08000ab9   Thumb Code    24  stm32f10x_rcc.o(.text)
    RCC_PLLCmd                               0x08000ad1   Thumb Code     6  stm32f10x_rcc.o(.text)
    RCC_SYSCLKConfig                         0x08000ad7   Thumb Code    18  stm32f10x_rcc.o(.text)
    RCC_GetSYSCLKSource                      0x08000ae9   Thumb Code    10  stm32f10x_rcc.o(.text)
    RCC_HCLKConfig                           0x08000af3   Thumb Code    18  stm32f10x_rcc.o(.text)
    RCC_PCLK1Config                          0x08000b05   Thumb Code    18  stm32f10x_rcc.o(.text)
    RCC_PCLK2Config                          0x08000b17   Thumb Code    20  stm32f10x_rcc.o(.text)
    RCC_ITConfig                             0x08000b2b   Thumb Code    26  stm32f10x_rcc.o(.text)
    RCC_USBCLKConfig                         0x08000b45   Thumb Code     6  stm32f10x_rcc.o(.text)
    RCC_ADCCLKConfig                         0x08000b4b   Thumb Code    18  stm32f10x_rcc.o(.text)
    RCC_LSEConfig                            0x08000b5d   Thumb Code    44  stm32f10x_rcc.o(.text)
    RCC_LSICmd                               0x08000b89   Thumb Code     6  stm32f10x_rcc.o(.text)
    RCC_RTCCLKConfig                         0x08000b8f   Thumb Code    12  stm32f10x_rcc.o(.text)
    RCC_RTCCLKCmd                            0x08000b9b   Thumb Code     8  stm32f10x_rcc.o(.text)
    RCC_GetClocksFreq                        0x08000ba3   Thumb Code   192  stm32f10x_rcc.o(.text)
    RCC_AHBPeriphClockCmd                    0x08000c63   Thumb Code    26  stm32f10x_rcc.o(.text)
    RCC_APB2PeriphClockCmd                   0x08000c7d   Thumb Code    26  stm32f10x_rcc.o(.text)
    RCC_APB1PeriphClockCmd                   0x08000c97   Thumb Code    26  stm32f10x_rcc.o(.text)
    RCC_APB2PeriphResetCmd                   0x08000cb1   Thumb Code    26  stm32f10x_rcc.o(.text)
    RCC_APB1PeriphResetCmd                   0x08000ccb   Thumb Code    26  stm32f10x_rcc.o(.text)
    RCC_BackupResetCmd                       0x08000ce5   Thumb Code     8  stm32f10x_rcc.o(.text)
    RCC_ClockSecuritySystemCmd               0x08000ced   Thumb Code     6  stm32f10x_rcc.o(.text)
    RCC_MCOConfig                            0x08000cf3   Thumb Code     6  stm32f10x_rcc.o(.text)
    RCC_ClearFlag                            0x08000cf9   Thumb Code    14  stm32f10x_rcc.o(.text)
    RCC_GetITStatus                          0x08000d07   Thumb Code    20  stm32f10x_rcc.o(.text)
    RCC_ClearITPendingBit                    0x08000d1b   Thumb Code     6  stm32f10x_rcc.o(.text)
    TIM_DeInit                               0x08000d4d   Thumb Code   424  stm32f10x_tim.o(.text)
    TIM_TimeBaseInit                         0x08000ef5   Thumb Code   122  stm32f10x_tim.o(.text)
    TIM_OC1Init                              0x08000f6f   Thumb Code   132  stm32f10x_tim.o(.text)
    TIM_OC2Init                              0x08000ff3   Thumb Code   154  stm32f10x_tim.o(.text)
    TIM_OC3Init                              0x0800108d   Thumb Code   150  stm32f10x_tim.o(.text)
    TIM_OC4Init                              0x08001123   Thumb Code   182  stm32f10x_tim.o(.text)
    TIM_SetIC4Prescaler                      0x080011d9   Thumb Code    26  stm32f10x_tim.o(.text)
    TIM_SetIC3Prescaler                      0x08001275   Thumb Code    18  stm32f10x_tim.o(.text)
    TIM_SetIC2Prescaler                      0x08001301   Thumb Code    26  stm32f10x_tim.o(.text)
    TIM_SetIC1Prescaler                      0x0800139d   Thumb Code    18  stm32f10x_tim.o(.text)
    TIM_ICInit                               0x0800141b   Thumb Code   150  stm32f10x_tim.o(.text)
    TIM_PWMIConfig                           0x080014b1   Thumb Code   124  stm32f10x_tim.o(.text)
    TIM_BDTRConfig                           0x0800152d   Thumb Code    32  stm32f10x_tim.o(.text)
    TIM_TimeBaseStructInit                   0x0800154d   Thumb Code    18  stm32f10x_tim.o(.text)
    TIM_OCStructInit                         0x0800155f   Thumb Code    20  stm32f10x_tim.o(.text)
    TIM_ICStructInit                         0x08001573   Thumb Code    18  stm32f10x_tim.o(.text)
    TIM_BDTRStructInit                       0x08001585   Thumb Code    40  stm32f10x_tim.o(.text)
    TIM_Cmd                                  0x080015ad   Thumb Code    24  stm32f10x_tim.o(.text)
    TIM_CtrlPWMOutputs                       0x080015c5   Thumb Code    30  stm32f10x_tim.o(.text)
    TIM_ITConfig                             0x080015e3   Thumb Code    18  stm32f10x_tim.o(.text)
    TIM_GenerateEvent                        0x080015f5   Thumb Code     4  stm32f10x_tim.o(.text)
    TIM_DMAConfig                            0x080015f9   Thumb Code    10  stm32f10x_tim.o(.text)
    TIM_DMACmd                               0x08001603   Thumb Code    18  stm32f10x_tim.o(.text)
    TIM_InternalClockConfig                  0x08001615   Thumb Code    12  stm32f10x_tim.o(.text)
    TIM_SelectInputTrigger                   0x08001621   Thumb Code    18  stm32f10x_tim.o(.text)
    TIM_ITRxExternalClockConfig              0x08001633   Thumb Code    24  stm32f10x_tim.o(.text)
    TIM_TIxExternalClockConfig               0x0800164b   Thumb Code    62  stm32f10x_tim.o(.text)
    TIM_ETRConfig                            0x08001689   Thumb Code    28  stm32f10x_tim.o(.text)
    TIM_ETRClockMode1Config                  0x080016a5   Thumb Code    54  stm32f10x_tim.o(.text)
    TIM_ETRClockMode2Config                  0x080016db   Thumb Code    32  stm32f10x_tim.o(.text)
    TIM_PrescalerConfig                      0x080016fb   Thumb Code     6  stm32f10x_tim.o(.text)
    TIM_CounterModeConfig                    0x08001701   Thumb Code    18  stm32f10x_tim.o(.text)
    TIM_EncoderInterfaceConfig               0x08001713   Thumb Code    66  stm32f10x_tim.o(.text)
    TIM_ForcedOC1Config                      0x08001755   Thumb Code    18  stm32f10x_tim.o(.text)
    TIM_ForcedOC2Config                      0x08001767   Thumb Code    26  stm32f10x_tim.o(.text)
    TIM_ForcedOC3Config                      0x08001781   Thumb Code    18  stm32f10x_tim.o(.text)
    TIM_ForcedOC4Config                      0x08001793   Thumb Code    26  stm32f10x_tim.o(.text)
    TIM_ARRPreloadConfig                     0x080017ad   Thumb Code    24  stm32f10x_tim.o(.text)
    TIM_SelectCOM                            0x080017c5   Thumb Code    24  stm32f10x_tim.o(.text)
    TIM_SelectCCDMA                          0x080017dd   Thumb Code    24  stm32f10x_tim.o(.text)
    TIM_CCPreloadControl                     0x080017f5   Thumb Code    24  stm32f10x_tim.o(.text)
    TIM_OC1PreloadConfig                     0x0800180d   Thumb Code    18  stm32f10x_tim.o(.text)
    TIM_OC2PreloadConfig                     0x0800181f   Thumb Code    26  stm32f10x_tim.o(.text)
    TIM_OC3PreloadConfig                     0x08001839   Thumb Code    18  stm32f10x_tim.o(.text)
    TIM_OC4PreloadConfig                     0x0800184b   Thumb Code    26  stm32f10x_tim.o(.text)
    TIM_OC1FastConfig                        0x08001865   Thumb Code    18  stm32f10x_tim.o(.text)
    TIM_OC2FastConfig                        0x08001877   Thumb Code    26  stm32f10x_tim.o(.text)
    TIM_OC3FastConfig                        0x08001891   Thumb Code    18  stm32f10x_tim.o(.text)
    TIM_OC4FastConfig                        0x080018a3   Thumb Code    26  stm32f10x_tim.o(.text)
    TIM_ClearOC1Ref                          0x080018bd   Thumb Code    18  stm32f10x_tim.o(.text)
    TIM_ClearOC2Ref                          0x080018cf   Thumb Code    24  stm32f10x_tim.o(.text)
    TIM_ClearOC3Ref                          0x080018e7   Thumb Code    18  stm32f10x_tim.o(.text)
    TIM_ClearOC4Ref                          0x080018f9   Thumb Code    24  stm32f10x_tim.o(.text)
    TIM_OC1PolarityConfig                    0x08001911   Thumb Code    18  stm32f10x_tim.o(.text)
    TIM_OC1NPolarityConfig                   0x08001923   Thumb Code    18  stm32f10x_tim.o(.text)
    TIM_OC2PolarityConfig                    0x08001935   Thumb Code    26  stm32f10x_tim.o(.text)
    TIM_OC2NPolarityConfig                   0x0800194f   Thumb Code    26  stm32f10x_tim.o(.text)
    TIM_OC3PolarityConfig                    0x08001969   Thumb Code    26  stm32f10x_tim.o(.text)
    TIM_OC3NPolarityConfig                   0x08001983   Thumb Code    26  stm32f10x_tim.o(.text)
    TIM_OC4PolarityConfig                    0x0800199d   Thumb Code    26  stm32f10x_tim.o(.text)
    TIM_CCxCmd                               0x080019b7   Thumb Code    30  stm32f10x_tim.o(.text)
    TIM_CCxNCmd                              0x080019d5   Thumb Code    30  stm32f10x_tim.o(.text)
    TIM_SelectOCxM                           0x080019f3   Thumb Code    82  stm32f10x_tim.o(.text)
    TIM_UpdateDisableConfig                  0x08001a45   Thumb Code    24  stm32f10x_tim.o(.text)
    TIM_UpdateRequestConfig                  0x08001a5d   Thumb Code    24  stm32f10x_tim.o(.text)
    TIM_SelectHallSensor                     0x08001a75   Thumb Code    24  stm32f10x_tim.o(.text)
    TIM_SelectOnePulseMode                   0x08001a8d   Thumb Code    18  stm32f10x_tim.o(.text)
    TIM_SelectOutputTrigger                  0x08001a9f   Thumb Code    18  stm32f10x_tim.o(.text)
    TIM_SelectSlaveMode                      0x08001ab1   Thumb Code    18  stm32f10x_tim.o(.text)
    TIM_SelectMasterSlaveMode                0x08001ac3   Thumb Code    18  stm32f10x_tim.o(.text)
    TIM_SetCounter                           0x08001ad5   Thumb Code     4  stm32f10x_tim.o(.text)
    TIM_SetAutoreload                        0x08001ad9   Thumb Code     4  stm32f10x_tim.o(.text)
    TIM_SetCompare1                          0x08001add   Thumb Code     4  stm32f10x_tim.o(.text)
    TIM_SetCompare2                          0x08001ae1   Thumb Code     4  stm32f10x_tim.o(.text)
    TIM_SetCompare3                          0x08001ae5   Thumb Code     4  stm32f10x_tim.o(.text)
    TIM_SetCompare4                          0x08001ae9   Thumb Code     6  stm32f10x_tim.o(.text)
    TIM_SetClockDivision                     0x08001aef   Thumb Code    18  stm32f10x_tim.o(.text)
    TIM_GetCapture1                          0x08001b01   Thumb Code     6  stm32f10x_tim.o(.text)
    TIM_GetCapture2                          0x08001b07   Thumb Code     6  stm32f10x_tim.o(.text)
    TIM_GetCapture3                          0x08001b0d   Thumb Code     6  stm32f10x_tim.o(.text)
    TIM_GetCapture4                          0x08001b13   Thumb Code     8  stm32f10x_tim.o(.text)
    TIM_GetCounter                           0x08001b1b   Thumb Code     6  stm32f10x_tim.o(.text)
    TIM_GetPrescaler                         0x08001b21   Thumb Code     6  stm32f10x_tim.o(.text)
    TIM_GetFlagStatus                        0x08001b27   Thumb Code    18  stm32f10x_tim.o(.text)
    TIM_ClearFlag                            0x08001b39   Thumb Code     6  stm32f10x_tim.o(.text)
    TIM_GetITStatus                          0x08001b3f   Thumb Code    34  stm32f10x_tim.o(.text)
    TIM_ClearITPendingBit                    0x08001b61   Thumb Code     6  stm32f10x_tim.o(.text)
    SystemInit                               0x08001c45   Thumb Code    78  system_stm32f10x.o(.text)
    SystemCoreClockUpdate                    0x08001c93   Thumb Code   142  system_stm32f10x.o(.text)
    Led_Proc                                 0x08001d45   Thumb Code    56  main.o(.text)
    Lcd_Proc                                 0x08001d7d   Thumb Code   218  main.o(.text)
    SystemPara_Init                          0x08001e57   Thumb Code    16  main.o(.text)
    main                                     0x08001e67   Thumb Code    48  main.o(.text)
    Key_Proc                                 0x08001e97   Thumb Code   154  main.o(.text)
    PWMOutput_Proc                           0x08001f31   Thumb Code    60  main.o(.text)
    TIM4_IRQHandler                          0x08001f6d   Thumb Code    72  main.o(.text)
    NMI_Handler                              0x080020b9   Thumb Code     2  stm32f10x_it.o(.text)
    HardFault_Handler                        0x080020bb   Thumb Code     4  stm32f10x_it.o(.text)
    MemManage_Handler                        0x080020bf   Thumb Code     4  stm32f10x_it.o(.text)
    BusFault_Handler                         0x080020c3   Thumb Code     4  stm32f10x_it.o(.text)
    UsageFault_Handler                       0x080020c7   Thumb Code     4  stm32f10x_it.o(.text)
    SVC_Handler                              0x080020cb   Thumb Code     2  stm32f10x_it.o(.text)
    DebugMon_Handler                         0x080020cd   Thumb Code     2  stm32f10x_it.o(.text)
    PendSV_Handler                           0x080020cf   Thumb Code     2  stm32f10x_it.o(.text)
    LED_Init                                 0x080020d1   Thumb Code    72  bsp_led.o(.text)
    LED_Control                              0x08002119   Thumb Code    92  bsp_led.o(.text)
    LED_ALL_OFF                              0x08002175   Thumb Code    42  bsp_led.o(.text)
    Key_Init                                 0x080021a9   Thumb Code    48  bsp_key.o(.text)
    Key_refresh                              0x080021d9   Thumb Code    98  bsp_key.o(.text)
    Delay_Init                               0x08002251   Thumb Code    84  delay.o(.text)
    Delay_Ms                                 0x080022a5   Thumb Code    16  delay.o(.text)
    SysTick_Handler                          0x080022b5   Thumb Code    12  delay.o(.text)
    Delay_10ms                               0x080022c1   Thumb Code    16  delay.o(.text)
    Adc_Init                                 0x080022e1   Thumb Code   132  bsp_adc.o(.text)
    Get_Adc                                  0x08002365   Thumb Code    44  bsp_adc.o(.text)
    Get_AdcAverage                           0x08002391   Thumb Code    36  bsp_adc.o(.text)
    Tim4_Init                                0x080023bd   Thumb Code    94  tim.o(.text)
    PWM_RCC_Configuration                    0x08002421   Thumb Code    20  pwm.o(.text)
    PWM_GPIO_Configuration                   0x08002435   Thumb Code    30  pwm.o(.text)
    PWM_NVIC_Configuration                   0x08002453   Thumb Code    32  pwm.o(.text)
    PWM_Init                                 0x08002473   Thumb Code   282  pwm.o(.text)
    TIM3_IRQHandler                          0x0800258d   Thumb Code   380  pwm.o(.text)
    LCD_SetBackColor                         0x0800273d   Thumb Code    12  lcd.o(.text)
    LCD_SetTextColor                         0x08002749   Thumb Code    12  lcd.o(.text)
    LCD_WriteRAM                             0x08002755   Thumb Code    52  lcd.o(.text)
    LCD_WriteRAM_Prepare                     0x08002789   Thumb Code    54  lcd.o(.text)
    LCD_WriteReg                             0x080027bf   Thumb Code    68  lcd.o(.text)
    LCD_SetCursor                            0x08002803   Thumb Code    24  lcd.o(.text)
    LCD_Clear                                0x0800281b   Thumb Code    38  lcd.o(.text)
    LCD_BusOut                               0x08002841   Thumb Code    32  lcd.o(.text)
    LCD_BusIn                                0x08002861   Thumb Code    32  lcd.o(.text)
    LCD_ReadReg                              0x08002881   Thumb Code    82  lcd.o(.text)
    REG_932X_Init                            0x080028d3   Thumb Code   512  lcd.o(.text)
    REG_8230_Init                            0x08002ad3   Thumb Code   304  lcd.o(.text)
    LCD_CtrlLinesConfig                      0x08002c03   Thumb Code    68  lcd.o(.text)
    STM3210B_LCD_Init                        0x08002c47   Thumb Code    50  lcd.o(.text)
    LCD_Init                                 0x08002c79   Thumb Code    28  lcd.o(.text)
    LCD_DrawChar                             0x08002c95   Thumb Code   100  lcd.o(.text)
    LCD_DisplayChar                          0x08002cf9   Thumb Code    34  lcd.o(.text)
    LCD_DisplayStringLine                    0x08002d1b   Thumb Code    44  lcd.o(.text)
    LCD_ClearLine                            0x08002d47   Thumb Code    14  lcd.o(.text)
    LCD_SetDisplayWindow                     0x08002d55   Thumb Code    88  lcd.o(.text)
    LCD_WindowModeDisable                    0x08002dad   Thumb Code    28  lcd.o(.text)
    LCD_DrawLine                             0x08002dc9   Thumb Code    86  lcd.o(.text)
    LCD_DrawRect                             0x08002e1f   Thumb Code    66  lcd.o(.text)
    LCD_DrawCircle                           0x08002e61   Thumb Code   252  lcd.o(.text)
    LCD_DrawMonoPict                         0x08002f5d   Thumb Code    76  lcd.o(.text)
    LCD_WriteBMP                             0x08002fa9   Thumb Code    74  lcd.o(.text)
    LCD_ReadRAM                              0x08002ff3   Thumb Code   136  lcd.o(.text)
    LCD_PowerOn                              0x0800307b   Thumb Code   118  lcd.o(.text)
    LCD_DisplayOn                            0x080030f1   Thumb Code    14  lcd.o(.text)
    LCD_DisplayOff                           0x080030ff   Thumb Code    12  lcd.o(.text)
    LCD_DrawPicture                          0x0800310b   Thumb Code    48  lcd.o(.text)
    __aeabi_fadd                             0x08003145   Thumb Code   164  fadd.o(.text)
    __aeabi_fsub                             0x080031e9   Thumb Code     6  fadd.o(.text)
    __aeabi_frsub                            0x080031ef   Thumb Code     6  fadd.o(.text)
    __aeabi_fmul                             0x080031f5   Thumb Code   108  fmul.o(.text)
    __aeabi_dadd                             0x08003261   Thumb Code   322  dadd.o(.text)
    __aeabi_dsub                             0x080033a3   Thumb Code     6  dadd.o(.text)
    __aeabi_drsub                            0x080033a9   Thumb Code     6  dadd.o(.text)
    __aeabi_dmul                             0x080033af   Thumb Code   228  dmul.o(.text)
    __aeabi_ui2f                             0x08003493   Thumb Code    10  ffltui.o(.text)
    __aeabi_ui2d                             0x0800349d   Thumb Code    26  dfltui.o(.text)
    __aeabi_f2uiz                            0x080034b7   Thumb Code    40  ffixui.o(.text)
    __aeabi_d2uiz                            0x080034df   Thumb Code    50  dfixui.o(.text)
    __aeabi_f2d                              0x08003511   Thumb Code    38  f2d.o(.text)
    __aeabi_d2f                              0x08003537   Thumb Code    56  d2f.o(.text)
    __aeabi_uidiv                            0x0800356f   Thumb Code     0  uidiv.o(.text)
    __aeabi_uidivmod                         0x0800356f   Thumb Code    44  uidiv.o(.text)
    __aeabi_llsl                             0x0800359b   Thumb Code    30  llshl.o(.text)
    _ll_shift_l                              0x0800359b   Thumb Code     0  llshl.o(.text)
    __aeabi_llsr                             0x080035b9   Thumb Code    32  llushr.o(.text)
    _ll_ushift_r                             0x080035b9   Thumb Code     0  llushr.o(.text)
    __aeabi_lasr                             0x080035d9   Thumb Code    36  llsshr.o(.text)
    _ll_sshift_r                             0x080035d9   Thumb Code     0  llsshr.o(.text)
    __I$use$fp                               0x080035fd   Thumb Code     0  iusefp.o(.text)
    _float_round                             0x080035fd   Thumb Code    18  fepilogue.o(.text)
    _float_epilogue                          0x0800360f   Thumb Code    90  fepilogue.o(.text)
    _double_round                            0x08003669   Thumb Code    26  depilogue.o(.text)
    _double_epilogue                         0x08003683   Thumb Code   164  depilogue.o(.text)
    __scatterload                            0x08003729   Thumb Code    28  init.o(.text)
    __scatterload_rt2                        0x08003729   Thumb Code     0  init.o(.text)
    __0sprintf$1                             0x0800374d   Thumb Code    34  printf1.o(i.__0sprintf$1)
    __1sprintf$1                             0x0800374d   Thumb Code     0  printf1.o(i.__0sprintf$1)
    __2sprintf                               0x0800374d   Thumb Code     0  printf1.o(i.__0sprintf$1)
    __scatterload_copy                       0x08003775   Thumb Code    14  handlers.o(i.__scatterload_copy)
    __scatterload_null                       0x08003783   Thumb Code     2  handlers.o(i.__scatterload_null)
    __scatterload_zeroinit                   0x08003785   Thumb Code    14  handlers.o(i.__scatterload_zeroinit)
    ASCII_Table                              0x080038f2   Data        4560  lcd.o(.constdata)
    Region$$Table$$Base                      0x08004ac4   Number         0  anon$$obj.o(Region$$Table)
    Region$$Table$$Limit                     0x08004ae4   Number         0  anon$$obj.o(Region$$Table)
    SystemCoreClock                          0x20000014   Data           4  system_stm32f10x.o(.data)
    AHBPrescTable                            0x20000018   Data          16  system_stm32f10x.o(.data)
    System                                   0x2000002a   Data           8  main.o(.data)
    key_state                                0x20000032   Data           1  bsp_key.o(.data)
    key_falling                              0x20000033   Data           1  bsp_key.o(.data)
    key_rising                               0x20000034   Data           1  bsp_key.o(.data)
    TimingDelay                              0x20000038   Data           4  delay.o(.data)
    CCR1_Val                                 0x2000003c   Data           2  pwm.o(.data)
    CCR2_Val                                 0x2000003e   Data           2  pwm.o(.data)
    PA6_Duty                                 0x20000040   Data           4  pwm.o(.data)
    PA7_Duty                                 0x20000044   Data           4  pwm.o(.data)
    dummy                                    0x2000004e   Data           2  lcd.o(.data)
    Voltstring                               0x20000050   Data          20  main.o(.bss)
    PA6_Dutystring                           0x20000064   Data          20  main.o(.bss)
    PA7_Dutystring                           0x20000078   Data          20  main.o(.bss)
    __initial_sp                             0x20000490   Data           0  startup_stm32f10x_md.o(STACK)



==============================================================================

Memory Map of the image

  Image Entry point : 0x080000ed

  Load Region LR_IROM1 (Base: 0x08000000, Size: 0x00004b34, Max: 0x00020000, ABSOLUTE)

    Execution Region ER_IROM1 (Base: 0x08000000, Size: 0x00004ae4, Max: 0x00020000, ABSOLUTE)

    Base Addr    Size         Type   Attr      Idx    E Section Name        Object

    0x08000000   0x000000ec   Data   RO            3    RESET               startup_stm32f10x_md.o
    0x080000ec   0x00000000   Code   RO          578  * .ARM.Collect$$$$00000000  mc_w.l(entry.o)
    0x080000ec   0x00000004   Code   RO          862    .ARM.Collect$$$$00000001  mc_w.l(entry2.o)
    0x080000f0   0x00000004   Code   RO          865    .ARM.Collect$$$$00000004  mc_w.l(entry5.o)
    0x080000f4   0x00000000   Code   RO          867    .ARM.Collect$$$$00000008  mc_w.l(entry7b.o)
    0x080000f4   0x00000000   Code   RO          869    .ARM.Collect$$$$0000000A  mc_w.l(entry8b.o)
    0x080000f4   0x00000008   Code   RO          870    .ARM.Collect$$$$0000000B  mc_w.l(entry9a.o)
    0x080000fc   0x00000000   Code   RO          872    .ARM.Collect$$$$0000000D  mc_w.l(entry10a.o)
    0x080000fc   0x00000000   Code   RO          874    .ARM.Collect$$$$0000000F  mc_w.l(entry11a.o)
    0x080000fc   0x00000004   Code   RO          863    .ARM.Collect$$$$00002712  mc_w.l(entry2.o)
    0x08000100   0x00000024   Code   RO            4    .text               startup_stm32f10x_md.o
    0x08000124   0x000000dc   Code   RO           10    .text               misc.o
    0x08000200   0x0000044e   Code   RO          109    .text               stm32f10x_adc.o
    0x0800064e   0x00000002   PAD
    0x08000650   0x00000358   Code   RO          241    .text               stm32f10x_gpio.o
    0x080009a8   0x000003a4   Code   RO          289    .text               stm32f10x_rcc.o
    0x08000d4c   0x00000e1a   Code   RO          339    .text               stm32f10x_tim.o
    0x08001b66   0x00000002   PAD
    0x08001b68   0x000001dc   Code   RO          385    .text               system_stm32f10x.o
    0x08001d44   0x00000374   Code   RO          403    .text               main.o
    0x080020b8   0x00000018   Code   RO          450    .text               stm32f10x_it.o
    0x080020d0   0x000000d8   Code   RO          465    .text               bsp_led.o
    0x080021a8   0x000000a8   Code   RO          477    .text               bsp_key.o
    0x08002250   0x00000090   Code   RO          495    .text               delay.o
    0x080022e0   0x000000dc   Code   RO          514    .text               bsp_adc.o
    0x080023bc   0x00000064   Code   RO          526    .text               tim.o
    0x08002420   0x0000031c   Code   RO          538    .text               pwm.o
    0x0800273c   0x00000a08   Code   RO          559    .text               lcd.o
    0x08003144   0x000000b0   Code   RO          842    .text               mf_w.l(fadd.o)
    0x080031f4   0x0000006c   Code   RO          844    .text               mf_w.l(fmul.o)
    0x08003260   0x0000014e   Code   RO          846    .text               mf_w.l(dadd.o)
    0x080033ae   0x000000e4   Code   RO          848    .text               mf_w.l(dmul.o)
    0x08003492   0x0000000a   Code   RO          850    .text               mf_w.l(ffltui.o)
    0x0800349c   0x0000001a   Code   RO          852    .text               mf_w.l(dfltui.o)
    0x080034b6   0x00000028   Code   RO          854    .text               mf_w.l(ffixui.o)
    0x080034de   0x00000032   Code   RO          856    .text               mf_w.l(dfixui.o)
    0x08003510   0x00000026   Code   RO          858    .text               mf_w.l(f2d.o)
    0x08003536   0x00000038   Code   RO          860    .text               mf_w.l(d2f.o)
    0x0800356e   0x0000002c   Code   RO          879    .text               mc_w.l(uidiv.o)
    0x0800359a   0x0000001e   Code   RO          883    .text               mc_w.l(llshl.o)
    0x080035b8   0x00000020   Code   RO          885    .text               mc_w.l(llushr.o)
    0x080035d8   0x00000024   Code   RO          887    .text               mc_w.l(llsshr.o)
    0x080035fc   0x00000000   Code   RO          889    .text               mc_w.l(iusefp.o)
    0x080035fc   0x0000006c   Code   RO          890    .text               mf_w.l(fepilogue.o)
    0x08003668   0x000000be   Code   RO          892    .text               mf_w.l(depilogue.o)
    0x08003726   0x00000002   PAD
    0x08003728   0x00000024   Code   RO          900    .text               mc_w.l(init.o)
    0x0800374c   0x00000028   Code   RO          628    i.__0sprintf$1      mc_w.l(printf1.o)
    0x08003774   0x0000000e   Code   RO          906    i.__scatterload_copy  mc_w.l(handlers.o)
    0x08003782   0x00000002   Code   RO          907    i.__scatterload_null  mc_w.l(handlers.o)
    0x08003784   0x0000000e   Code   RO          908    i.__scatterload_zeroinit  mc_w.l(handlers.o)
    0x08003792   0x00000002   PAD
    0x08003794   0x00000154   Code   RO          633    i._printf_core      mc_w.l(printf1.o)
    0x080038e8   0x0000000a   Code   RO          635    i._sputc            mc_w.l(printf1.o)
    0x080038f2   0x000011d0   Data   RO          560    .constdata          lcd.o
    0x08004ac2   0x00000002   PAD
    0x08004ac4   0x00000020   Data   RO          904    Region$$Table       anon$$obj.o


    Execution Region RW_IRAM1 (Base: 0x20000000, Size: 0x00000490, Max: 0x00005000, ABSOLUTE)

    Base Addr    Size         Type   Attr      Idx    E Section Name        Object

    0x20000000   0x00000014   Data   RW          290    .data               stm32f10x_rcc.o
    0x20000014   0x00000014   Data   RW          386    .data               system_stm32f10x.o
    0x20000028   0x0000000a   Data   RW          405    .data               main.o
    0x20000032   0x00000003   Data   RW          478    .data               bsp_key.o
    0x20000035   0x00000003   PAD
    0x20000038   0x00000004   Data   RW          496    .data               delay.o
    0x2000003c   0x0000000e   Data   RW          539    .data               pwm.o
    0x2000004a   0x00000006   Data   RW          561    .data               lcd.o
    0x20000050   0x0000003c   Zero   RW          404    .bss                main.o
    0x2000008c   0x00000004   PAD
    0x20000090   0x00000400   Zero   RW            1    STACK               startup_stm32f10x_md.o


==============================================================================

Image component sizes


      Code (inc. data)   RO Data    RW Data    ZI Data      Debug   Object Name

       220          8          0          0          0        970   bsp_adc.o
       168         22          0          3          0        950   bsp_key.o
       216         10          0          0          0        875   bsp_led.o
       144         16          0          4          0      16434   delay.o
      2568         74       4560          6          0       8315   lcd.o
       884        260          0         10         60       2919   main.o
       220         20          0          0          0     256269   misc.o
       796         52          0         14          0       2233   pwm.o
        36          8        236          0       1024        780   startup_stm32f10x_md.o
      1102         26          0          0          0      10933   stm32f10x_adc.o
       856         40          0          0          0       5745   stm32f10x_gpio.o
        24          0          0          0          0       1110   stm32f10x_it.o
       932         44          0         20          0       8936   stm32f10x_rcc.o
      3610         88          0          0          0      22232   stm32f10x_tim.o
       476         36          0         20          0       1843   system_stm32f10x.o
       100          6          0          0          0        544   tim.o

    ----------------------------------------------------------------------
     12356        710       4830         80       1088     341088   Object Totals
         0          0         32          0          0          0   (incl. Generated)
         4          0          2          3          4          0   (incl. Padding)

    ----------------------------------------------------------------------

      Code (inc. data)   RO Data    RW Data    ZI Data      Debug   Library Member Name

         0          0          0          0          0          0   entry.o
         0          0          0          0          0          0   entry10a.o
         0          0          0          0          0          0   entry11a.o
         8          4          0          0          0          0   entry2.o
         4          0          0          0          0          0   entry5.o
         0          0          0          0          0          0   entry7b.o
         0          0          0          0          0          0   entry8b.o
         8          4          0          0          0          0   entry9a.o
        30          0          0          0          0          0   handlers.o
        36          8          0          0          0         68   init.o
         0          0          0          0          0          0   iusefp.o
        30          0          0          0          0         68   llshl.o
        36          0          0          0          0         68   llsshr.o
        32          0          0          0          0         68   llushr.o
       390         12          0          0          0        248   printf1.o
        44          0          0          0          0         80   uidiv.o
        56          0          0          0          0         88   d2f.o
       334          0          0          0          0        148   dadd.o
       190          0          0          0          0        176   depilogue.o
        50          0          0          0          0         76   dfixui.o
        26          0          0          0          0         76   dfltui.o
       228          0          0          0          0         96   dmul.o
        38          0          0          0          0         68   f2d.o
       176          0          0          0          0        140   fadd.o
       108          0          0          0          0        168   fepilogue.o
        40          0          0          0          0         68   ffixui.o
        10          0          0          0          0         68   ffltui.o
       108          0          0          0          0         76   fmul.o

    ----------------------------------------------------------------------
      1986         28          0          0          0       1848   Library Totals
         4          0          0          0          0          0   (incl. Padding)

    ----------------------------------------------------------------------

      Code (inc. data)   RO Data    RW Data    ZI Data      Debug   Library Name

       618         28          0          0          0        600   mc_w.l
      1364          0          0          0          0       1248   mf_w.l

    ----------------------------------------------------------------------
      1986         28          0          0          0       1848   Library Totals

    ----------------------------------------------------------------------

==============================================================================


      Code (inc. data)   RO Data    RW Data    ZI Data      Debug   

     14342        738       4830         80       1088     340596   Grand Totals
     14342        738       4830         80       1088     340596   ELF Image Totals
     14342        738       4830         80          0          0   ROM Totals

==============================================================================

    Total RO  Size (Code + RO Data)                19172 (  18.72kB)
    Total RW  Size (RW Data + ZI Data)              1168 (   1.14kB)
    Total ROM Size (Code + RO Data + RW Data)      19252 (  18.80kB)

==============================================================================

